Command line invocation:
    /Applications/Xcode.app/Contents/Developer/usr/bin/xcodebuild -project GalacticalMap.xcodeproj -scheme GalacticalMap -configuration Debug -destination "generic/platform=iOS Simulator" build

ComputePackagePrebuildTargetDependencyGraph

Prepare packages

CreateBuildRequest

SendProjectDescription

CreateBuildOperation

ComputeTargetDependencyGraph
note: Building targets in dependency order
note: Target dependency graph (1 target)
    Target 'GalacticalMap' in project 'GalacticalMap' (no dependencies)

GatherProvisioningInputs

CreateBuildDescription

ExecuteExternalTool /Applications/Xcode.app/Contents/Developer/Toolchains/XcodeDefault.xctoolchain/usr/bin/clang -v -E -dM -isysroot /Applications/Xcode.app/Contents/Developer/Platforms/iPhoneSimulator.platform/Developer/SDKs/iPhoneSimulator26.1.sdk -x c -c /dev/null

ExecuteExternalTool /Applications/Xcode.app/Contents/Developer/usr/bin/actool --print-asset-tag-combinations --output-format xml1 /Users/dogukanbeyzade/Desktop/GalacticalMap/GalacticalMap/Assets.xcassets

ExecuteExternalTool /Applications/Xcode.app/Contents/Developer/usr/bin/actool --version --output-format xml1

ExecuteExternalTool /Applications/Xcode.app/Contents/Developer/Toolchains/XcodeDefault.xctoolchain/usr/bin/swiftc --version

ExecuteExternalTool /Applications/Xcode.app/Contents/Developer/Toolchains/XcodeDefault.xctoolchain/usr/bin/ld -version_details

Build description signature: 92dcae432652beb0ae7079f2355370b6
Build description path: /Users/dogukanbeyzade/Library/Developer/Xcode/DerivedData/GalacticalMap-bksnrvirapmzyedveygampkumrrs/Build/Intermediates.noindex/XCBuildData/92dcae432652beb0ae7079f2355370b6.xcbuilddata
ClangStatCache /Applications/Xcode.app/Contents/Developer/Toolchains/XcodeDefault.xctoolchain/usr/bin/clang-stat-cache /Applications/Xcode.app/Contents/Developer/Platforms/iPhoneSimulator.platform/Developer/SDKs/iPhoneSimulator26.1.sdk /Users/dogukanbeyzade/Library/Developer/Xcode/DerivedData/SDKStatCaches.noindex/iphonesimulator26.1-23B77-90cf18a4295e390e64c810bc6bd7acbc.sdkstatcache
    cd /Users/dogukanbeyzade/Desktop/GalacticalMap/GalacticalMap.xcodeproj
    /Applications/Xcode.app/Contents/Developer/Toolchains/XcodeDefault.xctoolchain/usr/bin/clang-stat-cache /Applications/Xcode.app/Contents/Developer/Platforms/iPhoneSimulator.platform/Developer/SDKs/iPhoneSimulator26.1.sdk -o /Users/dogukanbeyzade/Library/Developer/Xcode/DerivedData/SDKStatCaches.noindex/iphonesimulator26.1-23B77-90cf18a4295e390e64c810bc6bd7acbc.sdkstatcache

CreateBuildDirectory /Users/dogukanbeyzade/Library/Developer/Xcode/DerivedData/GalacticalMap-bksnrvirapmzyedveygampkumrrs/Build/Products
    cd /Users/dogukanbeyzade/Desktop/GalacticalMap/GalacticalMap.xcodeproj
    builtin-create-build-directory /Users/dogukanbeyzade/Library/Developer/Xcode/DerivedData/GalacticalMap-bksnrvirapmzyedveygampkumrrs/Build/Products

CreateBuildDirectory /Users/dogukanbeyzade/Library/Developer/Xcode/DerivedData/GalacticalMap-bksnrvirapmzyedveygampkumrrs/Build/Intermediates.noindex
    cd /Users/dogukanbeyzade/Desktop/GalacticalMap/GalacticalMap.xcodeproj
    builtin-create-build-directory /Users/dogukanbeyzade/Library/Developer/Xcode/DerivedData/GalacticalMap-bksnrvirapmzyedveygampkumrrs/Build/Intermediates.noindex

CreateBuildDirectory /Users/dogukanbeyzade/Library/Developer/Xcode/DerivedData/GalacticalMap-bksnrvirapmzyedveygampkumrrs/Build/Products/Debug-iphonesimulator
    cd /Users/dogukanbeyzade/Desktop/GalacticalMap/GalacticalMap.xcodeproj
    builtin-create-build-directory /Users/dogukanbeyzade/Library/Developer/Xcode/DerivedData/GalacticalMap-bksnrvirapmzyedveygampkumrrs/Build/Products/Debug-iphonesimulator

CreateBuildDirectory /Users/dogukanbeyzade/Library/Developer/Xcode/DerivedData/GalacticalMap-bksnrvirapmzyedveygampkumrrs/Build/Intermediates.noindex/ExplicitPrecompiledModules
    cd /Users/dogukanbeyzade/Desktop/GalacticalMap/GalacticalMap.xcodeproj
    builtin-create-build-directory /Users/dogukanbeyzade/Library/Developer/Xcode/DerivedData/GalacticalMap-bksnrvirapmzyedveygampkumrrs/Build/Intermediates.noindex/ExplicitPrecompiledModules

CreateBuildDirectory /Users/dogukanbeyzade/Library/Developer/Xcode/DerivedData/GalacticalMap-bksnrvirapmzyedveygampkumrrs/Build/Intermediates.noindex/SwiftExplicitPrecompiledModules
    cd /Users/dogukanbeyzade/Desktop/GalacticalMap/GalacticalMap.xcodeproj
    builtin-create-build-directory /Users/dogukanbeyzade/Library/Developer/Xcode/DerivedData/GalacticalMap-bksnrvirapmzyedveygampkumrrs/Build/Intermediates.noindex/SwiftExplicitPrecompiledModules

CreateBuildDirectory /Users/dogukanbeyzade/Library/Developer/Xcode/DerivedData/GalacticalMap-bksnrvirapmzyedveygampkumrrs/Build/Intermediates.noindex/EagerLinkingTBDs/Debug-iphonesimulator
    cd /Users/dogukanbeyzade/Desktop/GalacticalMap/GalacticalMap.xcodeproj
    builtin-create-build-directory /Users/dogukanbeyzade/Library/Developer/Xcode/DerivedData/GalacticalMap-bksnrvirapmzyedveygampkumrrs/Build/Intermediates.noindex/EagerLinkingTBDs/Debug-iphonesimulator

WriteAuxiliaryFile /Users/dogukanbeyzade/Library/Developer/Xcode/DerivedData/GalacticalMap-bksnrvirapmzyedveygampkumrrs/Build/Intermediates.noindex/GalacticalMap.build/Debug-iphonesimulator/GalacticalMap-17e43218214b60fc1a364c0917546cdd-VFS-iphonesimulator/all-product-headers.yaml
    cd /Users/dogukanbeyzade/Desktop/GalacticalMap/GalacticalMap.xcodeproj
    write-file /Users/dogukanbeyzade/Library/Developer/Xcode/DerivedData/GalacticalMap-bksnrvirapmzyedveygampkumrrs/Build/Intermediates.noindex/GalacticalMap.build/Debug-iphonesimulator/GalacticalMap-17e43218214b60fc1a364c0917546cdd-VFS-iphonesimulator/all-product-headers.yaml

WriteAuxiliaryFile /Users/dogukanbeyzade/Library/Developer/Xcode/DerivedData/GalacticalMap-bksnrvirapmzyedveygampkumrrs/Build/Intermediates.noindex/GalacticalMap.build/Debug-iphonesimulator/GalacticalMap.build/GalacticalMap.hmap (in target 'GalacticalMap' from project 'GalacticalMap')
    cd /Users/dogukanbeyzade/Desktop/GalacticalMap
    write-file /Users/dogukanbeyzade/Library/Developer/Xcode/DerivedData/GalacticalMap-bksnrvirapmzyedveygampkumrrs/Build/Intermediates.noindex/GalacticalMap.build/Debug-iphonesimulator/GalacticalMap.build/GalacticalMap.hmap

WriteAuxiliaryFile /Users/dogukanbeyzade/Library/Developer/Xcode/DerivedData/GalacticalMap-bksnrvirapmzyedveygampkumrrs/Build/Intermediates.noindex/GalacticalMap.build/Debug-iphonesimulator/GalacticalMap.build/Objects-normal/x86_64/GalacticalMap.LinkFileList (in target 'GalacticalMap' from project 'GalacticalMap')
    cd /Users/dogukanbeyzade/Desktop/GalacticalMap
    write-file /Users/dogukanbeyzade/Library/Developer/Xcode/DerivedData/GalacticalMap-bksnrvirapmzyedveygampkumrrs/Build/Intermediates.noindex/GalacticalMap.build/Debug-iphonesimulator/GalacticalMap.build/Objects-normal/x86_64/GalacticalMap.LinkFileList

WriteAuxiliaryFile /Users/dogukanbeyzade/Library/Developer/Xcode/DerivedData/GalacticalMap-bksnrvirapmzyedveygampkumrrs/Build/Intermediates.noindex/GalacticalMap.build/Debug-iphonesimulator/GalacticalMap.build/Objects-normal/x86_64/GalacticalMap.SwiftConstValuesFileList (in target 'GalacticalMap' from project 'GalacticalMap')
    cd /Users/dogukanbeyzade/Desktop/GalacticalMap
    write-file /Users/dogukanbeyzade/Library/Developer/Xcode/DerivedData/GalacticalMap-bksnrvirapmzyedveygampkumrrs/Build/Intermediates.noindex/GalacticalMap.build/Debug-iphonesimulator/GalacticalMap.build/Objects-normal/x86_64/GalacticalMap.SwiftConstValuesFileList

WriteAuxiliaryFile /Users/dogukanbeyzade/Library/Developer/Xcode/DerivedData/GalacticalMap-bksnrvirapmzyedveygampkumrrs/Build/Intermediates.noindex/GalacticalMap.build/Debug-iphonesimulator/GalacticalMap.build/Objects-normal/x86_64/GalacticalMap_const_extract_protocols.json (in target 'GalacticalMap' from project 'GalacticalMap')
    cd /Users/dogukanbeyzade/Desktop/GalacticalMap
    write-file /Users/dogukanbeyzade/Library/Developer/Xcode/DerivedData/GalacticalMap-bksnrvirapmzyedveygampkumrrs/Build/Intermediates.noindex/GalacticalMap.build/Debug-iphonesimulator/GalacticalMap.build/Objects-normal/x86_64/GalacticalMap_const_extract_protocols.json

WriteAuxiliaryFile /Users/dogukanbeyzade/Library/Developer/Xcode/DerivedData/GalacticalMap-bksnrvirapmzyedveygampkumrrs/Build/Intermediates.noindex/GalacticalMap.build/Debug-iphonesimulator/GalacticalMap.build/Objects-normal/x86_64/GalacticalMap-OutputFileMap.json (in target 'GalacticalMap' from project 'GalacticalMap')
    cd /Users/dogukanbeyzade/Desktop/GalacticalMap
    write-file /Users/dogukanbeyzade/Library/Developer/Xcode/DerivedData/GalacticalMap-bksnrvirapmzyedveygampkumrrs/Build/Intermediates.noindex/GalacticalMap.build/Debug-iphonesimulator/GalacticalMap.build/Objects-normal/x86_64/GalacticalMap-OutputFileMap.json

WriteAuxiliaryFile /Users/dogukanbeyzade/Library/Developer/Xcode/DerivedData/GalacticalMap-bksnrvirapmzyedveygampkumrrs/Build/Intermediates.noindex/GalacticalMap.build/Debug-iphonesimulator/GalacticalMap.build/Objects-normal/x86_64/GalacticalMap.SwiftFileList (in target 'GalacticalMap' from project 'GalacticalMap')
    cd /Users/dogukanbeyzade/Desktop/GalacticalMap
    write-file /Users/dogukanbeyzade/Library/Developer/Xcode/DerivedData/GalacticalMap-bksnrvirapmzyedveygampkumrrs/Build/Intermediates.noindex/GalacticalMap.build/Debug-iphonesimulator/GalacticalMap.build/Objects-normal/x86_64/GalacticalMap.SwiftFileList

WriteAuxiliaryFile /Users/dogukanbeyzade/Library/Developer/Xcode/DerivedData/GalacticalMap-bksnrvirapmzyedveygampkumrrs/Build/Intermediates.noindex/GalacticalMap.build/Debug-iphonesimulator/GalacticalMap.build/Objects-normal/arm64/GalacticalMap_const_extract_protocols.json (in target 'GalacticalMap' from project 'GalacticalMap')
    cd /Users/dogukanbeyzade/Desktop/GalacticalMap
    write-file /Users/dogukanbeyzade/Library/Developer/Xcode/DerivedData/GalacticalMap-bksnrvirapmzyedveygampkumrrs/Build/Intermediates.noindex/GalacticalMap.build/Debug-iphonesimulator/GalacticalMap.build/Objects-normal/arm64/GalacticalMap_const_extract_protocols.json

WriteAuxiliaryFile /Users/dogukanbeyzade/Library/Developer/Xcode/DerivedData/GalacticalMap-bksnrvirapmzyedveygampkumrrs/Build/Intermediates.noindex/GalacticalMap.build/Debug-iphonesimulator/GalacticalMap.build/Objects-normal/arm64/GalacticalMap-OutputFileMap.json (in target 'GalacticalMap' from project 'GalacticalMap')
    cd /Users/dogukanbeyzade/Desktop/GalacticalMap
    write-file /Users/dogukanbeyzade/Library/Developer/Xcode/DerivedData/GalacticalMap-bksnrvirapmzyedveygampkumrrs/Build/Intermediates.noindex/GalacticalMap.build/Debug-iphonesimulator/GalacticalMap.build/Objects-normal/arm64/GalacticalMap-OutputFileMap.json

WriteAuxiliaryFile /Users/dogukanbeyzade/Library/Developer/Xcode/DerivedData/GalacticalMap-bksnrvirapmzyedveygampkumrrs/Build/Intermediates.noindex/GalacticalMap.build/Debug-iphonesimulator/GalacticalMap.build/Objects-normal/arm64/GalacticalMap.LinkFileList (in target 'GalacticalMap' from project 'GalacticalMap')
    cd /Users/dogukanbeyzade/Desktop/GalacticalMap
    write-file /Users/dogukanbeyzade/Library/Developer/Xcode/DerivedData/GalacticalMap-bksnrvirapmzyedveygampkumrrs/Build/Intermediates.noindex/GalacticalMap.build/Debug-iphonesimulator/GalacticalMap.build/Objects-normal/arm64/GalacticalMap.LinkFileList

WriteAuxiliaryFile /Users/dogukanbeyzade/Library/Developer/Xcode/DerivedData/GalacticalMap-bksnrvirapmzyedveygampkumrrs/Build/Intermediates.noindex/GalacticalMap.build/Debug-iphonesimulator/GalacticalMap.build/Objects-normal/arm64/GalacticalMap.SwiftFileList (in target 'GalacticalMap' from project 'GalacticalMap')
    cd /Users/dogukanbeyzade/Desktop/GalacticalMap
    write-file /Users/dogukanbeyzade/Library/Developer/Xcode/DerivedData/GalacticalMap-bksnrvirapmzyedveygampkumrrs/Build/Intermediates.noindex/GalacticalMap.build/Debug-iphonesimulator/GalacticalMap.build/Objects-normal/arm64/GalacticalMap.SwiftFileList

WriteAuxiliaryFile /Users/dogukanbeyzade/Library/Developer/Xcode/DerivedData/GalacticalMap-bksnrvirapmzyedveygampkumrrs/Build/Intermediates.noindex/GalacticalMap.build/Debug-iphonesimulator/GalacticalMap.build/Objects-normal/arm64/GalacticalMap.SwiftConstValuesFileList (in target 'GalacticalMap' from project 'GalacticalMap')
    cd /Users/dogukanbeyzade/Desktop/GalacticalMap
    write-file /Users/dogukanbeyzade/Library/Developer/Xcode/DerivedData/GalacticalMap-bksnrvirapmzyedveygampkumrrs/Build/Intermediates.noindex/GalacticalMap.build/Debug-iphonesimulator/GalacticalMap.build/Objects-normal/arm64/GalacticalMap.SwiftConstValuesFileList

WriteAuxiliaryFile /Users/dogukanbeyzade/Library/Developer/Xcode/DerivedData/GalacticalMap-bksnrvirapmzyedveygampkumrrs/Build/Intermediates.noindex/GalacticalMap.build/Debug-iphonesimulator/GalacticalMap.build/GalacticalMap.DependencyMetadataFileList (in target 'GalacticalMap' from project 'GalacticalMap')
    cd /Users/dogukanbeyzade/Desktop/GalacticalMap
    write-file /Users/dogukanbeyzade/Library/Developer/Xcode/DerivedData/GalacticalMap-bksnrvirapmzyedveygampkumrrs/Build/Intermediates.noindex/GalacticalMap.build/Debug-iphonesimulator/GalacticalMap.build/GalacticalMap.DependencyMetadataFileList

WriteAuxiliaryFile /Users/dogukanbeyzade/Library/Developer/Xcode/DerivedData/GalacticalMap-bksnrvirapmzyedveygampkumrrs/Build/Intermediates.noindex/GalacticalMap.build/Debug-iphonesimulator/GalacticalMap.build/GalacticalMap.DependencyStaticMetadataFileList (in target 'GalacticalMap' from project 'GalacticalMap')
    cd /Users/dogukanbeyzade/Desktop/GalacticalMap
    write-file /Users/dogukanbeyzade/Library/Developer/Xcode/DerivedData/GalacticalMap-bksnrvirapmzyedveygampkumrrs/Build/Intermediates.noindex/GalacticalMap.build/Debug-iphonesimulator/GalacticalMap.build/GalacticalMap.DependencyStaticMetadataFileList

WriteAuxiliaryFile /Users/dogukanbeyzade/Library/Developer/Xcode/DerivedData/GalacticalMap-bksnrvirapmzyedveygampkumrrs/Build/Intermediates.noindex/GalacticalMap.build/Debug-iphonesimulator/GalacticalMap.build/GalacticalMap-own-target-headers.hmap (in target 'GalacticalMap' from project 'GalacticalMap')
    cd /Users/dogukanbeyzade/Desktop/GalacticalMap
    write-file /Users/dogukanbeyzade/Library/Developer/Xcode/DerivedData/GalacticalMap-bksnrvirapmzyedveygampkumrrs/Build/Intermediates.noindex/GalacticalMap.build/Debug-iphonesimulator/GalacticalMap.build/GalacticalMap-own-target-headers.hmap

WriteAuxiliaryFile /Users/dogukanbeyzade/Library/Developer/Xcode/DerivedData/GalacticalMap-bksnrvirapmzyedveygampkumrrs/Build/Intermediates.noindex/GalacticalMap.build/Debug-iphonesimulator/GalacticalMap.build/GalacticalMap-project-headers.hmap (in target 'GalacticalMap' from project 'GalacticalMap')
    cd /Users/dogukanbeyzade/Desktop/GalacticalMap
    write-file /Users/dogukanbeyzade/Library/Developer/Xcode/DerivedData/GalacticalMap-bksnrvirapmzyedveygampkumrrs/Build/Intermediates.noindex/GalacticalMap.build/Debug-iphonesimulator/GalacticalMap.build/GalacticalMap-project-headers.hmap

WriteAuxiliaryFile /Users/dogukanbeyzade/Library/Developer/Xcode/DerivedData/GalacticalMap-bksnrvirapmzyedveygampkumrrs/Build/Intermediates.noindex/GalacticalMap.build/Debug-iphonesimulator/GalacticalMap.build/GalacticalMap-generated-files.hmap (in target 'GalacticalMap' from project 'GalacticalMap')
    cd /Users/dogukanbeyzade/Desktop/GalacticalMap
    write-file /Users/dogukanbeyzade/Library/Developer/Xcode/DerivedData/GalacticalMap-bksnrvirapmzyedveygampkumrrs/Build/Intermediates.noindex/GalacticalMap.build/Debug-iphonesimulator/GalacticalMap.build/GalacticalMap-generated-files.hmap

WriteAuxiliaryFile /Users/dogukanbeyzade/Library/Developer/Xcode/DerivedData/GalacticalMap-bksnrvirapmzyedveygampkumrrs/Build/Intermediates.noindex/GalacticalMap.build/Debug-iphonesimulator/GalacticalMap.build/GalacticalMap-all-target-headers.hmap (in target 'GalacticalMap' from project 'GalacticalMap')
    cd /Users/dogukanbeyzade/Desktop/GalacticalMap
    write-file /Users/dogukanbeyzade/Library/Developer/Xcode/DerivedData/GalacticalMap-bksnrvirapmzyedveygampkumrrs/Build/Intermediates.noindex/GalacticalMap.build/Debug-iphonesimulator/GalacticalMap.build/GalacticalMap-all-target-headers.hmap

WriteAuxiliaryFile /Users/dogukanbeyzade/Library/Developer/Xcode/DerivedData/GalacticalMap-bksnrvirapmzyedveygampkumrrs/Build/Intermediates.noindex/GalacticalMap.build/Debug-iphonesimulator/GalacticalMap.build/GalacticalMap-all-non-framework-target-headers.hmap (in target 'GalacticalMap' from project 'GalacticalMap')
    cd /Users/dogukanbeyzade/Desktop/GalacticalMap
    write-file /Users/dogukanbeyzade/Library/Developer/Xcode/DerivedData/GalacticalMap-bksnrvirapmzyedveygampkumrrs/Build/Intermediates.noindex/GalacticalMap.build/Debug-iphonesimulator/GalacticalMap.build/GalacticalMap-all-non-framework-target-headers.hmap

WriteAuxiliaryFile /Users/dogukanbeyzade/Library/Developer/Xcode/DerivedData/GalacticalMap-bksnrvirapmzyedveygampkumrrs/Build/Intermediates.noindex/GalacticalMap.build/Debug-iphonesimulator/GalacticalMap.build/GalacticalMap-DebugDylibPath-normal-x86_64.txt (in target 'GalacticalMap' from project 'GalacticalMap')
    cd /Users/dogukanbeyzade/Desktop/GalacticalMap
    write-file /Users/dogukanbeyzade/Library/Developer/Xcode/DerivedData/GalacticalMap-bksnrvirapmzyedveygampkumrrs/Build/Intermediates.noindex/GalacticalMap.build/Debug-iphonesimulator/GalacticalMap.build/GalacticalMap-DebugDylibPath-normal-x86_64.txt

WriteAuxiliaryFile /Users/dogukanbeyzade/Library/Developer/Xcode/DerivedData/GalacticalMap-bksnrvirapmzyedveygampkumrrs/Build/Intermediates.noindex/GalacticalMap.build/Debug-iphonesimulator/GalacticalMap.build/GalacticalMap-DebugDylibPath-normal-arm64.txt (in target 'GalacticalMap' from project 'GalacticalMap')
    cd /Users/dogukanbeyzade/Desktop/GalacticalMap
    write-file /Users/dogukanbeyzade/Library/Developer/Xcode/DerivedData/GalacticalMap-bksnrvirapmzyedveygampkumrrs/Build/Intermediates.noindex/GalacticalMap.build/Debug-iphonesimulator/GalacticalMap.build/GalacticalMap-DebugDylibPath-normal-arm64.txt

WriteAuxiliaryFile /Users/dogukanbeyzade/Library/Developer/Xcode/DerivedData/GalacticalMap-bksnrvirapmzyedveygampkumrrs/Build/Intermediates.noindex/GalacticalMap.build/Debug-iphonesimulator/GalacticalMap.build/GalacticalMap-DebugDylibInstallName-normal-arm64.txt (in target 'GalacticalMap' from project 'GalacticalMap')
    cd /Users/dogukanbeyzade/Desktop/GalacticalMap
    write-file /Users/dogukanbeyzade/Library/Developer/Xcode/DerivedData/GalacticalMap-bksnrvirapmzyedveygampkumrrs/Build/Intermediates.noindex/GalacticalMap.build/Debug-iphonesimulator/GalacticalMap.build/GalacticalMap-DebugDylibInstallName-normal-arm64.txt

WriteAuxiliaryFile /Users/dogukanbeyzade/Library/Developer/Xcode/DerivedData/GalacticalMap-bksnrvirapmzyedveygampkumrrs/Build/Intermediates.noindex/GalacticalMap.build/Debug-iphonesimulator/GalacticalMap.build/GalacticalMap-DebugDylibInstallName-normal-x86_64.txt (in target 'GalacticalMap' from project 'GalacticalMap')
    cd /Users/dogukanbeyzade/Desktop/GalacticalMap
    write-file /Users/dogukanbeyzade/Library/Developer/Xcode/DerivedData/GalacticalMap-bksnrvirapmzyedveygampkumrrs/Build/Intermediates.noindex/GalacticalMap.build/Debug-iphonesimulator/GalacticalMap.build/GalacticalMap-DebugDylibInstallName-normal-x86_64.txt

WriteAuxiliaryFile /Users/dogukanbeyzade/Library/Developer/Xcode/DerivedData/GalacticalMap-bksnrvirapmzyedveygampkumrrs/Build/Intermediates.noindex/GalacticalMap.build/Debug-iphonesimulator/GalacticalMap.build/DerivedSources/Entitlements-Simulated.plist (in target 'GalacticalMap' from project 'GalacticalMap')
    cd /Users/dogukanbeyzade/Desktop/GalacticalMap
    write-file /Users/dogukanbeyzade/Library/Developer/Xcode/DerivedData/GalacticalMap-bksnrvirapmzyedveygampkumrrs/Build/Intermediates.noindex/GalacticalMap.build/Debug-iphonesimulator/GalacticalMap.build/DerivedSources/Entitlements-Simulated.plist

MkDir /Users/dogukanbeyzade/Library/Developer/Xcode/DerivedData/GalacticalMap-bksnrvirapmzyedveygampkumrrs/Build/Products/Debug-iphonesimulator/GalacticalMap.app (in target 'GalacticalMap' from project 'GalacticalMap')
    cd /Users/dogukanbeyzade/Desktop/GalacticalMap
    /bin/mkdir -p /Users/dogukanbeyzade/Library/Developer/Xcode/DerivedData/GalacticalMap-bksnrvirapmzyedveygampkumrrs/Build/Products/Debug-iphonesimulator/GalacticalMap.app

ProcessProductPackaging "" /Users/dogukanbeyzade/Library/Developer/Xcode/DerivedData/GalacticalMap-bksnrvirapmzyedveygampkumrrs/Build/Intermediates.noindex/GalacticalMap.build/Debug-iphonesimulator/GalacticalMap.build/GalacticalMap.app-Simulated.xcent (in target 'GalacticalMap' from project 'GalacticalMap')
    cd /Users/dogukanbeyzade/Desktop/GalacticalMap
    
    Entitlements:
    
    {
    "application-identifier" = "DT4UT73T4X.com.dogukanbeyzade.galacticalmap";
}
    
    builtin-productPackagingUtility -entitlements -format xml -o /Users/dogukanbeyzade/Library/Developer/Xcode/DerivedData/GalacticalMap-bksnrvirapmzyedveygampkumrrs/Build/Intermediates.noindex/GalacticalMap.build/Debug-iphonesimulator/GalacticalMap.build/GalacticalMap.app-Simulated.xcent

ProcessProductPackagingDER /Users/dogukanbeyzade/Library/Developer/Xcode/DerivedData/GalacticalMap-bksnrvirapmzyedveygampkumrrs/Build/Intermediates.noindex/GalacticalMap.build/Debug-iphonesimulator/GalacticalMap.build/GalacticalMap.app-Simulated.xcent /Users/dogukanbeyzade/Library/Developer/Xcode/DerivedData/GalacticalMap-bksnrvirapmzyedveygampkumrrs/Build/Intermediates.noindex/GalacticalMap.build/Debug-iphonesimulator/GalacticalMap.build/GalacticalMap.app-Simulated.xcent.der (in target 'GalacticalMap' from project 'GalacticalMap')
    cd /Users/dogukanbeyzade/Desktop/GalacticalMap
    /usr/bin/derq query -f xml -i /Users/dogukanbeyzade/Library/Developer/Xcode/DerivedData/GalacticalMap-bksnrvirapmzyedveygampkumrrs/Build/Intermediates.noindex/GalacticalMap.build/Debug-iphonesimulator/GalacticalMap.build/GalacticalMap.app-Simulated.xcent -o /Users/dogukanbeyzade/Library/Developer/Xcode/DerivedData/GalacticalMap-bksnrvirapmzyedveygampkumrrs/Build/Intermediates.noindex/GalacticalMap.build/Debug-iphonesimulator/GalacticalMap.build/GalacticalMap.app-Simulated.xcent.der --raw

Ld /Users/dogukanbeyzade/Library/Developer/Xcode/DerivedData/GalacticalMap-bksnrvirapmzyedveygampkumrrs/Build/Intermediates.noindex/GalacticalMap.build/Debug-iphonesimulator/GalacticalMap.build/Objects-normal/arm64/Binary/__preview.dylib normal arm64 (in target 'GalacticalMap' from project 'GalacticalMap')
    cd /Users/dogukanbeyzade/Desktop/GalacticalMap
    /Applications/Xcode.app/Contents/Developer/Toolchains/XcodeDefault.xctoolchain/usr/bin/clang -Xlinker -reproducible -target arm64-apple-ios18.0-simulator -dynamiclib -isysroot /Applications/Xcode.app/Contents/Developer/Platforms/iPhoneSimulator.platform/Developer/SDKs/iPhoneSimulator26.1.sdk -O0 -L/Users/dogukanbeyzade/Library/Developer/Xcode/DerivedData/GalacticalMap-bksnrvirapmzyedveygampkumrrs/Build/Products/Debug-iphonesimulator -F/Users/dogukanbeyzade/Library/Developer/Xcode/DerivedData/GalacticalMap-bksnrvirapmzyedveygampkumrrs/Build/Products/Debug-iphonesimulator -install_name @rpath/GalacticalMap.debug.dylib -dead_strip -rdynamic -Xlinker -no_deduplicate -Xlinker -objc_abi_version -Xlinker 2 -Xlinker -dependency_info -Xlinker /Users/dogukanbeyzade/Library/Developer/Xcode/DerivedData/GalacticalMap-bksnrvirapmzyedveygampkumrrs/Build/Intermediates.noindex/GalacticalMap.build/Debug-iphonesimulator/GalacticalMap.build/Objects-normal/arm64/GalacticalMap_dependency_info.dat -Xlinker -sectcreate -Xlinker __TEXT -Xlinker __entitlements -Xlinker /Users/dogukanbeyzade/Library/Developer/Xcode/DerivedData/GalacticalMap-bksnrvirapmzyedveygampkumrrs/Build/Intermediates.noindex/GalacticalMap.build/Debug-iphonesimulator/GalacticalMap.build/GalacticalMap.app-Simulated.xcent -Xlinker -sectcreate -Xlinker __TEXT -Xlinker __ents_der -Xlinker /Users/dogukanbeyzade/Library/Developer/Xcode/DerivedData/GalacticalMap-bksnrvirapmzyedveygampkumrrs/Build/Intermediates.noindex/GalacticalMap.build/Debug-iphonesimulator/GalacticalMap.build/GalacticalMap.app-Simulated.xcent.der -Xlinker -no_adhoc_codesign -o /Users/dogukanbeyzade/Library/Developer/Xcode/DerivedData/GalacticalMap-bksnrvirapmzyedveygampkumrrs/Build/Intermediates.noindex/GalacticalMap.build/Debug-iphonesimulator/GalacticalMap.build/Objects-normal/arm64/Binary/__preview.dylib

MkDir /Users/dogukanbeyzade/Library/Developer/Xcode/DerivedData/GalacticalMap-bksnrvirapmzyedveygampkumrrs/Build/Intermediates.noindex/GalacticalMap.build/Debug-iphonesimulator/GalacticalMap.build/assetcatalog_output/thinned (in target 'GalacticalMap' from project 'GalacticalMap')
    cd /Users/dogukanbeyzade/Desktop/GalacticalMap
    /bin/mkdir -p /Users/dogukanbeyzade/Library/Developer/Xcode/DerivedData/GalacticalMap-bksnrvirapmzyedveygampkumrrs/Build/Intermediates.noindex/GalacticalMap.build/Debug-iphonesimulator/GalacticalMap.build/assetcatalog_output/thinned

Ld /Users/dogukanbeyzade/Library/Developer/Xcode/DerivedData/GalacticalMap-bksnrvirapmzyedveygampkumrrs/Build/Intermediates.noindex/GalacticalMap.build/Debug-iphonesimulator/GalacticalMap.build/Objects-normal/x86_64/Binary/__preview.dylib normal x86_64 (in target 'GalacticalMap' from project 'GalacticalMap')
    cd /Users/dogukanbeyzade/Desktop/GalacticalMap
    /Applications/Xcode.app/Contents/Developer/Toolchains/XcodeDefault.xctoolchain/usr/bin/clang -Xlinker -reproducible -target x86_64-apple-ios18.0-simulator -dynamiclib -isysroot /Applications/Xcode.app/Contents/Developer/Platforms/iPhoneSimulator.platform/Developer/SDKs/iPhoneSimulator26.1.sdk -O0 -L/Users/dogukanbeyzade/Library/Developer/Xcode/DerivedData/GalacticalMap-bksnrvirapmzyedveygampkumrrs/Build/Products/Debug-iphonesimulator -F/Users/dogukanbeyzade/Library/Developer/Xcode/DerivedData/GalacticalMap-bksnrvirapmzyedveygampkumrrs/Build/Products/Debug-iphonesimulator -install_name @rpath/GalacticalMap.debug.dylib -dead_strip -rdynamic -Xlinker -no_deduplicate -Xlinker -objc_abi_version -Xlinker 2 -Xlinker -dependency_info -Xlinker /Users/dogukanbeyzade/Library/Developer/Xcode/DerivedData/GalacticalMap-bksnrvirapmzyedveygampkumrrs/Build/Intermediates.noindex/GalacticalMap.build/Debug-iphonesimulator/GalacticalMap.build/Objects-normal/x86_64/GalacticalMap_dependency_info.dat -Xlinker -sectcreate -Xlinker __TEXT -Xlinker __entitlements -Xlinker /Users/dogukanbeyzade/Library/Developer/Xcode/DerivedData/GalacticalMap-bksnrvirapmzyedveygampkumrrs/Build/Intermediates.noindex/GalacticalMap.build/Debug-iphonesimulator/GalacticalMap.build/GalacticalMap.app-Simulated.xcent -Xlinker -sectcreate -Xlinker __TEXT -Xlinker __ents_der -Xlinker /Users/dogukanbeyzade/Library/Developer/Xcode/DerivedData/GalacticalMap-bksnrvirapmzyedveygampkumrrs/Build/Intermediates.noindex/GalacticalMap.build/Debug-iphonesimulator/GalacticalMap.build/GalacticalMap.app-Simulated.xcent.der -Xlinker -no_adhoc_codesign -o /Users/dogukanbeyzade/Library/Developer/Xcode/DerivedData/GalacticalMap-bksnrvirapmzyedveygampkumrrs/Build/Intermediates.noindex/GalacticalMap.build/Debug-iphonesimulator/GalacticalMap.build/Objects-normal/x86_64/Binary/__preview.dylib

MkDir /Users/dogukanbeyzade/Library/Developer/Xcode/DerivedData/GalacticalMap-bksnrvirapmzyedveygampkumrrs/Build/Intermediates.noindex/GalacticalMap.build/Debug-iphonesimulator/GalacticalMap.build/assetcatalog_output/unthinned (in target 'GalacticalMap' from project 'GalacticalMap')
    cd /Users/dogukanbeyzade/Desktop/GalacticalMap
    /bin/mkdir -p /Users/dogukanbeyzade/Library/Developer/Xcode/DerivedData/GalacticalMap-bksnrvirapmzyedveygampkumrrs/Build/Intermediates.noindex/GalacticalMap.build/Debug-iphonesimulator/GalacticalMap.build/assetcatalog_output/unthinned

GenerateAssetSymbols /Users/dogukanbeyzade/Desktop/GalacticalMap/GalacticalMap/Assets.xcassets (in target 'GalacticalMap' from project 'GalacticalMap')
    cd /Users/dogukanbeyzade/Desktop/GalacticalMap
    /Applications/Xcode.app/Contents/Developer/usr/bin/actool /Users/dogukanbeyzade/Desktop/GalacticalMap/GalacticalMap/Assets.xcassets --compile /Users/dogukanbeyzade/Library/Developer/Xcode/DerivedData/GalacticalMap-bksnrvirapmzyedveygampkumrrs/Build/Products/Debug-iphonesimulator/GalacticalMap.app --output-format human-readable-text --notices --warnings --export-dependency-info /Users/dogukanbeyzade/Library/Developer/Xcode/DerivedData/GalacticalMap-bksnrvirapmzyedveygampkumrrs/Build/Intermediates.noindex/GalacticalMap.build/Debug-iphonesimulator/GalacticalMap.build/assetcatalog_dependencies --output-partial-info-plist /Users/dogukanbeyzade/Library/Developer/Xcode/DerivedData/GalacticalMap-bksnrvirapmzyedveygampkumrrs/Build/Intermediates.noindex/GalacticalMap.build/Debug-iphonesimulator/GalacticalMap.build/assetcatalog_generated_info.plist --app-icon AppIcon --accent-color AccentColor --compress-pngs --enable-on-demand-resources YES --development-region en --target-device iphone --target-device ipad --minimum-deployment-target 18.0 --platform iphonesimulator --bundle-identifier com.dogukanbeyzade.galacticalmap --generate-swift-asset-symbols /Users/dogukanbeyzade/Library/Developer/Xcode/DerivedData/GalacticalMap-bksnrvirapmzyedveygampkumrrs/Build/Intermediates.noindex/GalacticalMap.build/Debug-iphonesimulator/GalacticalMap.build/DerivedSources/GeneratedAssetSymbols.swift --generate-objc-asset-symbols /Users/dogukanbeyzade/Library/Developer/Xcode/DerivedData/GalacticalMap-bksnrvirapmzyedveygampkumrrs/Build/Intermediates.noindex/GalacticalMap.build/Debug-iphonesimulator/GalacticalMap.build/DerivedSources/GeneratedAssetSymbols.h --generate-asset-symbol-index /Users/dogukanbeyzade/Library/Developer/Xcode/DerivedData/GalacticalMap-bksnrvirapmzyedveygampkumrrs/Build/Intermediates.noindex/GalacticalMap.build/Debug-iphonesimulator/GalacticalMap.build/DerivedSources/GeneratedAssetSymbols-Index.plist
/* com.apple.actool.compilation-results */
/Users/dogukanbeyzade/Library/Developer/Xcode/DerivedData/GalacticalMap-bksnrvirapmzyedveygampkumrrs/Build/Intermediates.noindex/GalacticalMap.build/Debug-iphonesimulator/GalacticalMap.build/DerivedSources/GeneratedAssetSymbols-Index.plist
/Users/dogukanbeyzade/Library/Developer/Xcode/DerivedData/GalacticalMap-bksnrvirapmzyedveygampkumrrs/Build/Intermediates.noindex/GalacticalMap.build/Debug-iphonesimulator/GalacticalMap.build/DerivedSources/GeneratedAssetSymbols.h
/Users/dogukanbeyzade/Library/Developer/Xcode/DerivedData/GalacticalMap-bksnrvirapmzyedveygampkumrrs/Build/Intermediates.noindex/GalacticalMap.build/Debug-iphonesimulator/GalacticalMap.build/DerivedSources/GeneratedAssetSymbols.swift


CpResource /Users/dogukanbeyzade/Library/Developer/Xcode/DerivedData/GalacticalMap-bksnrvirapmzyedveygampkumrrs/Build/Products/Debug-iphonesimulator/GalacticalMap.app/intro.mp4 /Users/dogukanbeyzade/Desktop/GalacticalMap/GalacticalMap/intro.mp4 (in target 'GalacticalMap' from project 'GalacticalMap')
    cd /Users/dogukanbeyzade/Desktop/GalacticalMap
    builtin-copy -exclude .DS_Store -exclude CVS -exclude .svn -exclude .git -exclude .hg -resolve-src-symlinks /Users/dogukanbeyzade/Desktop/GalacticalMap/GalacticalMap/intro.mp4 /Users/dogukanbeyzade/Library/Developer/Xcode/DerivedData/GalacticalMap-bksnrvirapmzyedveygampkumrrs/Build/Products/Debug-iphonesimulator/GalacticalMap.app

CpResource /Users/dogukanbeyzade/Library/Developer/Xcode/DerivedData/GalacticalMap-bksnrvirapmzyedveygampkumrrs/Build/Products/Debug-iphonesimulator/GalacticalMap.app/ISSUserCode.html /Users/dogukanbeyzade/Desktop/GalacticalMap/GalacticalMap/ISSUserCode.html (in target 'GalacticalMap' from project 'GalacticalMap')
    cd /Users/dogukanbeyzade/Desktop/GalacticalMap
    builtin-copy -exclude .DS_Store -exclude CVS -exclude .svn -exclude .git -exclude .hg -resolve-src-symlinks /Users/dogukanbeyzade/Desktop/GalacticalMap/GalacticalMap/ISSUserCode.html /Users/dogukanbeyzade/Library/Developer/Xcode/DerivedData/GalacticalMap-bksnrvirapmzyedveygampkumrrs/Build/Products/Debug-iphonesimulator/GalacticalMap.app

CpResource /Users/dogukanbeyzade/Library/Developer/Xcode/DerivedData/GalacticalMap-bksnrvirapmzyedveygampkumrrs/Build/Products/Debug-iphonesimulator/GalacticalMap.app/ISS3DUserCode.html /Users/dogukanbeyzade/Desktop/GalacticalMap/GalacticalMap/ISS3DUserCode.html (in target 'GalacticalMap' from project 'GalacticalMap')
    cd /Users/dogukanbeyzade/Desktop/GalacticalMap
    builtin-copy -exclude .DS_Store -exclude CVS -exclude .svn -exclude .git -exclude .hg -resolve-src-symlinks /Users/dogukanbeyzade/Desktop/GalacticalMap/GalacticalMap/ISS3DUserCode.html /Users/dogukanbeyzade/Library/Developer/Xcode/DerivedData/GalacticalMap-bksnrvirapmzyedveygampkumrrs/Build/Products/Debug-iphonesimulator/GalacticalMap.app

CompileAssetCatalogVariant thinned /Users/dogukanbeyzade/Library/Developer/Xcode/DerivedData/GalacticalMap-bksnrvirapmzyedveygampkumrrs/Build/Products/Debug-iphonesimulator/GalacticalMap.app /Users/dogukanbeyzade/Desktop/GalacticalMap/GalacticalMap/Assets.xcassets (in target 'GalacticalMap' from project 'GalacticalMap')
    cd /Users/dogukanbeyzade/Desktop/GalacticalMap
    /Applications/Xcode.app/Contents/Developer/usr/bin/actool /Users/dogukanbeyzade/Desktop/GalacticalMap/GalacticalMap/Assets.xcassets --compile /Users/dogukanbeyzade/Library/Developer/Xcode/DerivedData/GalacticalMap-bksnrvirapmzyedveygampkumrrs/Build/Intermediates.noindex/GalacticalMap.build/Debug-iphonesimulator/GalacticalMap.build/assetcatalog_output/thinned --output-format human-readable-text --notices --warnings --export-dependency-info /Users/dogukanbeyzade/Library/Developer/Xcode/DerivedData/GalacticalMap-bksnrvirapmzyedveygampkumrrs/Build/Intermediates.noindex/GalacticalMap.build/Debug-iphonesimulator/GalacticalMap.build/assetcatalog_dependencies_thinned --output-partial-info-plist /Users/dogukanbeyzade/Library/Developer/Xcode/DerivedData/GalacticalMap-bksnrvirapmzyedveygampkumrrs/Build/Intermediates.noindex/GalacticalMap.build/Debug-iphonesimulator/GalacticalMap.build/assetcatalog_generated_info.plist_thinned --app-icon AppIcon --accent-color AccentColor --compress-pngs --enable-on-demand-resources YES --development-region en --target-device iphone --target-device ipad --minimum-deployment-target 18.0 --platform iphonesimulator
/* com.apple.actool.compilation-results */
/Users/dogukanbeyzade/Library/Developer/Xcode/DerivedData/GalacticalMap-bksnrvirapmzyedveygampkumrrs/Build/Intermediates.noindex/GalacticalMap.build/Debug-iphonesimulator/GalacticalMap.build/assetcatalog_generated_info.plist_thinned
/Users/dogukanbeyzade/Library/Developer/Xcode/DerivedData/GalacticalMap-bksnrvirapmzyedveygampkumrrs/Build/Intermediates.noindex/GalacticalMap.build/Debug-iphonesimulator/GalacticalMap.build/assetcatalog_output/thinned/AppIcon60x60@2x.png
/Users/dogukanbeyzade/Library/Developer/Xcode/DerivedData/GalacticalMap-bksnrvirapmzyedveygampkumrrs/Build/Intermediates.noindex/GalacticalMap.build/Debug-iphonesimulator/GalacticalMap.build/assetcatalog_output/thinned/AppIcon76x76@2x~ipad.png
/Users/dogukanbeyzade/Library/Developer/Xcode/DerivedData/GalacticalMap-bksnrvirapmzyedveygampkumrrs/Build/Intermediates.noindex/GalacticalMap.build/Debug-iphonesimulator/GalacticalMap.build/assetcatalog_output/thinned/Assets.car


CreateUniversalBinary /Users/dogukanbeyzade/Library/Developer/Xcode/DerivedData/GalacticalMap-bksnrvirapmzyedveygampkumrrs/Build/Products/Debug-iphonesimulator/GalacticalMap.app/__preview.dylib normal arm64\ x86_64 (in target 'GalacticalMap' from project 'GalacticalMap')
    cd /Users/dogukanbeyzade/Desktop/GalacticalMap
    /Applications/Xcode.app/Contents/Developer/Toolchains/XcodeDefault.xctoolchain/usr/bin/lipo -create /Users/dogukanbeyzade/Library/Developer/Xcode/DerivedData/GalacticalMap-bksnrvirapmzyedveygampkumrrs/Build/Intermediates.noindex/GalacticalMap.build/Debug-iphonesimulator/GalacticalMap.build/Objects-normal/arm64/Binary/__preview.dylib /Users/dogukanbeyzade/Library/Developer/Xcode/DerivedData/GalacticalMap-bksnrvirapmzyedveygampkumrrs/Build/Intermediates.noindex/GalacticalMap.build/Debug-iphonesimulator/GalacticalMap.build/Objects-normal/x86_64/Binary/__preview.dylib -output /Users/dogukanbeyzade/Library/Developer/Xcode/DerivedData/GalacticalMap-bksnrvirapmzyedveygampkumrrs/Build/Products/Debug-iphonesimulator/GalacticalMap.app/__preview.dylib

SwiftDriver GalacticalMap normal x86_64 com.apple.xcode.tools.swift.compiler (in target 'GalacticalMap' from project 'GalacticalMap')
    cd /Users/dogukanbeyzade/Desktop/GalacticalMap
    builtin-SwiftDriver -- /Applications/Xcode.app/Contents/Developer/Toolchains/XcodeDefault.xctoolchain/usr/bin/swiftc -module-name GalacticalMap -Onone -enforce-exclusivity\=checked @/Users/dogukanbeyzade/Library/Developer/Xcode/DerivedData/GalacticalMap-bksnrvirapmzyedveygampkumrrs/Build/Intermediates.noindex/GalacticalMap.build/Debug-iphonesimulator/GalacticalMap.build/Objects-normal/x86_64/GalacticalMap.SwiftFileList -DDEBUG -default-isolation\=MainActor -enable-bare-slash-regex -enable-upcoming-feature DisableOutwardActorInference -enable-upcoming-feature InferSendableFromCaptures -enable-upcoming-feature GlobalActorIsolatedTypesUsability -enable-upcoming-feature MemberImportVisibility -enable-upcoming-feature InferIsolatedConformances -enable-upcoming-feature NonisolatedNonsendingByDefault -enable-experimental-feature DebugDescriptionMacro -sdk /Applications/Xcode.app/Contents/Developer/Platforms/iPhoneSimulator.platform/Developer/SDKs/iPhoneSimulator26.1.sdk -target x86_64-apple-ios18.0-simulator -g -module-cache-path /Users/dogukanbeyzade/Library/Developer/Xcode/DerivedData/ModuleCache.noindex -Xfrontend -serialize-debugging-options -enable-testing -index-store-path /Users/dogukanbeyzade/Library/Developer/Xcode/DerivedData/GalacticalMap-bksnrvirapmzyedveygampkumrrs/Index.noindex/DataStore -Xcc -D_LIBCPP_HARDENING_MODE\=_LIBCPP_HARDENING_MODE_DEBUG -swift-version 5 -I /Users/dogukanbeyzade/Library/Developer/Xcode/DerivedData/GalacticalMap-bksnrvirapmzyedveygampkumrrs/Build/Products/Debug-iphonesimulator -F /Users/dogukanbeyzade/Library/Developer/Xcode/DerivedData/GalacticalMap-bksnrvirapmzyedveygampkumrrs/Build/Products/Debug-iphonesimulator -emit-localized-strings -emit-localized-strings-path /Users/dogukanbeyzade/Library/Developer/Xcode/DerivedData/GalacticalMap-bksnrvirapmzyedveygampkumrrs/Build/Intermediates.noindex/GalacticalMap.build/Debug-iphonesimulator/GalacticalMap.build/Objects-normal/x86_64 -c -j10 -enable-batch-mode -incremental -Xcc -ivfsstatcache -Xcc /Users/dogukanbeyzade/Library/Developer/Xcode/DerivedData/SDKStatCaches.noindex/iphonesimulator26.1-23B77-90cf18a4295e390e64c810bc6bd7acbc.sdkstatcache -output-file-map /Users/dogukanbeyzade/Library/Developer/Xcode/DerivedData/GalacticalMap-bksnrvirapmzyedveygampkumrrs/Build/Intermediates.noindex/GalacticalMap.build/Debug-iphonesimulator/GalacticalMap.build/Objects-normal/x86_64/GalacticalMap-OutputFileMap.json -use-frontend-parseable-output -save-temps -no-color-diagnostics -explicit-module-build -module-cache-path /Users/dogukanbeyzade/Library/Developer/Xcode/DerivedData/GalacticalMap-bksnrvirapmzyedveygampkumrrs/Build/Intermediates.noindex/SwiftExplicitPrecompiledModules -clang-scanner-module-cache-path /Users/dogukanbeyzade/Library/Developer/Xcode/DerivedData/ModuleCache.noindex -sdk-module-cache-path /Users/dogukanbeyzade/Library/Developer/Xcode/DerivedData/ModuleCache.noindex -serialize-diagnostics -emit-dependencies -emit-module -emit-module-path /Users/dogukanbeyzade/Library/Developer/Xcode/DerivedData/GalacticalMap-bksnrvirapmzyedveygampkumrrs/Build/Intermediates.noindex/GalacticalMap.build/Debug-iphonesimulator/GalacticalMap.build/Objects-normal/x86_64/GalacticalMap.swiftmodule -validate-clang-modules-once -clang-build-session-file /Users/dogukanbeyzade/Library/Developer/Xcode/DerivedData/ModuleCache.noindex/Session.modulevalidation -Xcc -I/Users/dogukanbeyzade/Library/Developer/Xcode/DerivedData/GalacticalMap-bksnrvirapmzyedveygampkumrrs/Build/Intermediates.noindex/GalacticalMap.build/Debug-iphonesimulator/GalacticalMap.build/swift-overrides.hmap -emit-const-values -Xfrontend -const-gather-protocols-file -Xfrontend /Users/dogukanbeyzade/Library/Developer/Xcode/DerivedData/GalacticalMap-bksnrvirapmzyedveygampkumrrs/Build/Intermediates.noindex/GalacticalMap.build/Debug-iphonesimulator/GalacticalMap.build/Objects-normal/x86_64/GalacticalMap_const_extract_protocols.json -Xcc -iquote -Xcc /Users/dogukanbeyzade/Library/Developer/Xcode/DerivedData/GalacticalMap-bksnrvirapmzyedveygampkumrrs/Build/Intermediates.noindex/GalacticalMap.build/Debug-iphonesimulator/GalacticalMap.build/GalacticalMap-generated-files.hmap -Xcc -I/Users/dogukanbeyzade/Library/Developer/Xcode/DerivedData/GalacticalMap-bksnrvirapmzyedveygampkumrrs/Build/Intermediates.noindex/GalacticalMap.build/Debug-iphonesimulator/GalacticalMap.build/GalacticalMap-own-target-headers.hmap -Xcc -I/Users/dogukanbeyzade/Library/Developer/Xcode/DerivedData/GalacticalMap-bksnrvirapmzyedveygampkumrrs/Build/Intermediates.noindex/GalacticalMap.build/Debug-iphonesimulator/GalacticalMap.build/GalacticalMap-all-target-headers.hmap -Xcc -iquote -Xcc /Users/dogukanbeyzade/Library/Developer/Xcode/DerivedData/GalacticalMap-bksnrvirapmzyedveygampkumrrs/Build/Intermediates.noindex/GalacticalMap.build/Debug-iphonesimulator/GalacticalMap.build/GalacticalMap-project-headers.hmap -Xcc -I/Users/dogukanbeyzade/Library/Developer/Xcode/DerivedData/GalacticalMap-bksnrvirapmzyedveygampkumrrs/Build/Products/Debug-iphonesimulator/include -Xcc -I/Users/dogukanbeyzade/Library/Developer/Xcode/DerivedData/GalacticalMap-bksnrvirapmzyedveygampkumrrs/Build/Intermediates.noindex/GalacticalMap.build/Debug-iphonesimulator/GalacticalMap.build/DerivedSources-normal/x86_64 -Xcc -I/Users/dogukanbeyzade/Library/Developer/Xcode/DerivedData/GalacticalMap-bksnrvirapmzyedveygampkumrrs/Build/Intermediates.noindex/GalacticalMap.build/Debug-iphonesimulator/GalacticalMap.build/DerivedSources/x86_64 -Xcc -I/Users/dogukanbeyzade/Library/Developer/Xcode/DerivedData/GalacticalMap-bksnrvirapmzyedveygampkumrrs/Build/Intermediates.noindex/GalacticalMap.build/Debug-iphonesimulator/GalacticalMap.build/DerivedSources -Xcc -DDEBUG\=1 -emit-objc-header -emit-objc-header-path /Users/dogukanbeyzade/Library/Developer/Xcode/DerivedData/GalacticalMap-bksnrvirapmzyedveygampkumrrs/Build/Intermediates.noindex/GalacticalMap.build/Debug-iphonesimulator/GalacticalMap.build/Objects-normal/x86_64/GalacticalMap-Swift.h -working-directory /Users/dogukanbeyzade/Desktop/GalacticalMap -experimental-emit-module-separately -disable-cmo

SwiftDriver GalacticalMap normal arm64 com.apple.xcode.tools.swift.compiler (in target 'GalacticalMap' from project 'GalacticalMap')
    cd /Users/dogukanbeyzade/Desktop/GalacticalMap
    builtin-SwiftDriver -- /Applications/Xcode.app/Contents/Developer/Toolchains/XcodeDefault.xctoolchain/usr/bin/swiftc -module-name GalacticalMap -Onone -enforce-exclusivity\=checked @/Users/dogukanbeyzade/Library/Developer/Xcode/DerivedData/GalacticalMap-bksnrvirapmzyedveygampkumrrs/Build/Intermediates.noindex/GalacticalMap.build/Debug-iphonesimulator/GalacticalMap.build/Objects-normal/arm64/GalacticalMap.SwiftFileList -DDEBUG -default-isolation\=MainActor -enable-bare-slash-regex -enable-upcoming-feature DisableOutwardActorInference -enable-upcoming-feature InferSendableFromCaptures -enable-upcoming-feature GlobalActorIsolatedTypesUsability -enable-upcoming-feature MemberImportVisibility -enable-upcoming-feature InferIsolatedConformances -enable-upcoming-feature NonisolatedNonsendingByDefault -enable-experimental-feature DebugDescriptionMacro -sdk /Applications/Xcode.app/Contents/Developer/Platforms/iPhoneSimulator.platform/Developer/SDKs/iPhoneSimulator26.1.sdk -target arm64-apple-ios18.0-simulator -g -module-cache-path /Users/dogukanbeyzade/Library/Developer/Xcode/DerivedData/ModuleCache.noindex -Xfrontend -serialize-debugging-options -enable-testing -index-store-path /Users/dogukanbeyzade/Library/Developer/Xcode/DerivedData/GalacticalMap-bksnrvirapmzyedveygampkumrrs/Index.noindex/DataStore -Xcc -D_LIBCPP_HARDENING_MODE\=_LIBCPP_HARDENING_MODE_DEBUG -swift-version 5 -I /Users/dogukanbeyzade/Library/Developer/Xcode/DerivedData/GalacticalMap-bksnrvirapmzyedveygampkumrrs/Build/Products/Debug-iphonesimulator -F /Users/dogukanbeyzade/Library/Developer/Xcode/DerivedData/GalacticalMap-bksnrvirapmzyedveygampkumrrs/Build/Products/Debug-iphonesimulator -emit-localized-strings -emit-localized-strings-path /Users/dogukanbeyzade/Library/Developer/Xcode/DerivedData/GalacticalMap-bksnrvirapmzyedveygampkumrrs/Build/Intermediates.noindex/GalacticalMap.build/Debug-iphonesimulator/GalacticalMap.build/Objects-normal/arm64 -c -j10 -enable-batch-mode -incremental -Xcc -ivfsstatcache -Xcc /Users/dogukanbeyzade/Library/Developer/Xcode/DerivedData/SDKStatCaches.noindex/iphonesimulator26.1-23B77-90cf18a4295e390e64c810bc6bd7acbc.sdkstatcache -output-file-map /Users/dogukanbeyzade/Library/Developer/Xcode/DerivedData/GalacticalMap-bksnrvirapmzyedveygampkumrrs/Build/Intermediates.noindex/GalacticalMap.build/Debug-iphonesimulator/GalacticalMap.build/Objects-normal/arm64/GalacticalMap-OutputFileMap.json -use-frontend-parseable-output -save-temps -no-color-diagnostics -explicit-module-build -module-cache-path /Users/dogukanbeyzade/Library/Developer/Xcode/DerivedData/GalacticalMap-bksnrvirapmzyedveygampkumrrs/Build/Intermediates.noindex/SwiftExplicitPrecompiledModules -clang-scanner-module-cache-path /Users/dogukanbeyzade/Library/Developer/Xcode/DerivedData/ModuleCache.noindex -sdk-module-cache-path /Users/dogukanbeyzade/Library/Developer/Xcode/DerivedData/ModuleCache.noindex -serialize-diagnostics -emit-dependencies -emit-module -emit-module-path /Users/dogukanbeyzade/Library/Developer/Xcode/DerivedData/GalacticalMap-bksnrvirapmzyedveygampkumrrs/Build/Intermediates.noindex/GalacticalMap.build/Debug-iphonesimulator/GalacticalMap.build/Objects-normal/arm64/GalacticalMap.swiftmodule -validate-clang-modules-once -clang-build-session-file /Users/dogukanbeyzade/Library/Developer/Xcode/DerivedData/ModuleCache.noindex/Session.modulevalidation -Xcc -I/Users/dogukanbeyzade/Library/Developer/Xcode/DerivedData/GalacticalMap-bksnrvirapmzyedveygampkumrrs/Build/Intermediates.noindex/GalacticalMap.build/Debug-iphonesimulator/GalacticalMap.build/swift-overrides.hmap -emit-const-values -Xfrontend -const-gather-protocols-file -Xfrontend /Users/dogukanbeyzade/Library/Developer/Xcode/DerivedData/GalacticalMap-bksnrvirapmzyedveygampkumrrs/Build/Intermediates.noindex/GalacticalMap.build/Debug-iphonesimulator/GalacticalMap.build/Objects-normal/arm64/GalacticalMap_const_extract_protocols.json -Xcc -iquote -Xcc /Users/dogukanbeyzade/Library/Developer/Xcode/DerivedData/GalacticalMap-bksnrvirapmzyedveygampkumrrs/Build/Intermediates.noindex/GalacticalMap.build/Debug-iphonesimulator/GalacticalMap.build/GalacticalMap-generated-files.hmap -Xcc -I/Users/dogukanbeyzade/Library/Developer/Xcode/DerivedData/GalacticalMap-bksnrvirapmzyedveygampkumrrs/Build/Intermediates.noindex/GalacticalMap.build/Debug-iphonesimulator/GalacticalMap.build/GalacticalMap-own-target-headers.hmap -Xcc -I/Users/dogukanbeyzade/Library/Developer/Xcode/DerivedData/GalacticalMap-bksnrvirapmzyedveygampkumrrs/Build/Intermediates.noindex/GalacticalMap.build/Debug-iphonesimulator/GalacticalMap.build/GalacticalMap-all-target-headers.hmap -Xcc -iquote -Xcc /Users/dogukanbeyzade/Library/Developer/Xcode/DerivedData/GalacticalMap-bksnrvirapmzyedveygampkumrrs/Build/Intermediates.noindex/GalacticalMap.build/Debug-iphonesimulator/GalacticalMap.build/GalacticalMap-project-headers.hmap -Xcc -I/Users/dogukanbeyzade/Library/Developer/Xcode/DerivedData/GalacticalMap-bksnrvirapmzyedveygampkumrrs/Build/Products/Debug-iphonesimulator/include -Xcc -I/Users/dogukanbeyzade/Library/Developer/Xcode/DerivedData/GalacticalMap-bksnrvirapmzyedveygampkumrrs/Build/Intermediates.noindex/GalacticalMap.build/Debug-iphonesimulator/GalacticalMap.build/DerivedSources-normal/arm64 -Xcc -I/Users/dogukanbeyzade/Library/Developer/Xcode/DerivedData/GalacticalMap-bksnrvirapmzyedveygampkumrrs/Build/Intermediates.noindex/GalacticalMap.build/Debug-iphonesimulator/GalacticalMap.build/DerivedSources/arm64 -Xcc -I/Users/dogukanbeyzade/Library/Developer/Xcode/DerivedData/GalacticalMap-bksnrvirapmzyedveygampkumrrs/Build/Intermediates.noindex/GalacticalMap.build/Debug-iphonesimulator/GalacticalMap.build/DerivedSources -Xcc -DDEBUG\=1 -emit-objc-header -emit-objc-header-path /Users/dogukanbeyzade/Library/Developer/Xcode/DerivedData/GalacticalMap-bksnrvirapmzyedveygampkumrrs/Build/Intermediates.noindex/GalacticalMap.build/Debug-iphonesimulator/GalacticalMap.build/Objects-normal/arm64/GalacticalMap-Swift.h -working-directory /Users/dogukanbeyzade/Desktop/GalacticalMap -experimental-emit-module-separately -disable-cmo

SwiftCompile normal x86_64 Compiling\ SkyAnomaly.swift,\ Star.swift,\ AIStarRecognition.swift,\ DeepSpaceNetwork.swift,\ DSLRCameraControl.swift,\ ExoplanetDetector.swift /Users/dogukanbeyzade/Desktop/GalacticalMap/GalacticalMap/Models/SkyAnomaly.swift /Users/dogukanbeyzade/Desktop/GalacticalMap/GalacticalMap/Models/Star.swift /Users/dogukanbeyzade/Desktop/GalacticalMap/GalacticalMap/Services/AIStarRecognition.swift /Users/dogukanbeyzade/Desktop/GalacticalMap/GalacticalMap/Services/DeepSpaceNetwork.swift /Users/dogukanbeyzade/Desktop/GalacticalMap/GalacticalMap/Services/DSLRCameraControl.swift /Users/dogukanbeyzade/Desktop/GalacticalMap/GalacticalMap/Services/ExoplanetDetector.swift (in target 'GalacticalMap' from project 'GalacticalMap')
SwiftCompile normal x86_64 /Users/dogukanbeyzade/Desktop/GalacticalMap/GalacticalMap/Models/SkyAnomaly.swift (in target 'GalacticalMap' from project 'GalacticalMap')
    cd /Users/dogukanbeyzade/Desktop/GalacticalMap
    

SwiftCompile normal x86_64 /Users/dogukanbeyzade/Desktop/GalacticalMap/GalacticalMap/Models/Star.swift (in target 'GalacticalMap' from project 'GalacticalMap')
    cd /Users/dogukanbeyzade/Desktop/GalacticalMap
    

SwiftCompile normal x86_64 /Users/dogukanbeyzade/Desktop/GalacticalMap/GalacticalMap/Services/AIStarRecognition.swift (in target 'GalacticalMap' from project 'GalacticalMap')
    cd /Users/dogukanbeyzade/Desktop/GalacticalMap
    
/Users/dogukanbeyzade/Desktop/GalacticalMap/GalacticalMap/Services/AIStarRecognition.swift:69:32: warning: conditional cast from 'AVCaptureDevice' to 'AVCaptureDevice' always succeeds
        if let device = device as? AVCaptureDevice {
                               ^
/Users/dogukanbeyzade/Desktop/GalacticalMap/GalacticalMap/Services/AIStarRecognition.swift:175:19: warning: value 'detector' was defined but never used; consider replacing with boolean test
        guard let detector = CIDetector(
              ~~~~^~~~~~~~~~~
              
/Users/dogukanbeyzade/Desktop/GalacticalMap/GalacticalMap/Services/AIStarRecognition.swift:307:13: warning: variable 'patterns' was never mutated; consider changing to 'let' constant
        var patterns: [DetectedPattern] = []
        ~~~ ^
        let
/Users/dogukanbeyzade/Desktop/GalacticalMap/GalacticalMap/Services/AIStarRecognition.swift:422:13: warning: initialization of immutable value 'components' was never used; consider replacing with assignment to '_' or removing it
        let components = calendar.dateComponents([.year, .month, .day, .hour, .minute, .second], from: time)
        ~~~~^~~~~~~~~~
        _

SwiftCompile normal x86_64 /Users/dogukanbeyzade/Desktop/GalacticalMap/GalacticalMap/Services/DeepSpaceNetwork.swift (in target 'GalacticalMap' from project 'GalacticalMap')
    cd /Users/dogukanbeyzade/Desktop/GalacticalMap
    

SwiftCompile normal x86_64 /Users/dogukanbeyzade/Desktop/GalacticalMap/GalacticalMap/Services/DSLRCameraControl.swift (in target 'GalacticalMap' from project 'GalacticalMap')
    cd /Users/dogukanbeyzade/Desktop/GalacticalMap
    

SwiftCompile normal x86_64 /Users/dogukanbeyzade/Desktop/GalacticalMap/GalacticalMap/Services/ExoplanetDetector.swift (in target 'GalacticalMap' from project 'GalacticalMap')
    cd /Users/dogukanbeyzade/Desktop/GalacticalMap
    
/Users/dogukanbeyzade/Desktop/GalacticalMap/GalacticalMap/Services/ExoplanetDetector.swift:42:13: warning: initialization of immutable value 'stdFlux' was never used; consider replacing with assignment to '_' or removing it
        let stdFlux = sqrt(lightCurve.map { pow($0 - meanFlux, 2) }.reduce(0, +) / Double(lightCurve.count))
        ~~~~^~~~~~~
        _

SwiftCompile normal x86_64 Compiling\ SatelliteService.swift,\ SmartAlarmSystem.swift,\ SpectroscopyAnalyzer.swift,\ TelescopeConnection.swift,\ AnimationHelpers.swift,\ FavoriteButton.swift /Users/dogukanbeyzade/Desktop/GalacticalMap/GalacticalMap/Services/SatelliteService.swift /Users/dogukanbeyzade/Desktop/GalacticalMap/GalacticalMap/Services/SmartAlarmSystem.swift /Users/dogukanbeyzade/Desktop/GalacticalMap/GalacticalMap/Services/SpectroscopyAnalyzer.swift /Users/dogukanbeyzade/Desktop/GalacticalMap/GalacticalMap/Services/TelescopeConnection.swift /Users/dogukanbeyzade/Desktop/GalacticalMap/GalacticalMap/Utilities/AnimationHelpers.swift /Users/dogukanbeyzade/Desktop/GalacticalMap/GalacticalMap/Utilities/FavoriteButton.swift (in target 'GalacticalMap' from project 'GalacticalMap')

SwiftCompile normal x86_64 /Users/dogukanbeyzade/Desktop/GalacticalMap/GalacticalMap/Services/SatelliteService.swift (in target 'GalacticalMap' from project 'GalacticalMap')
    cd /Users/dogukanbeyzade/Desktop/GalacticalMap
    

SwiftCompile normal x86_64 /Users/dogukanbeyzade/Desktop/GalacticalMap/GalacticalMap/Services/SmartAlarmSystem.swift (in target 'GalacticalMap' from project 'GalacticalMap')
    cd /Users/dogukanbeyzade/Desktop/GalacticalMap
    

SwiftCompile normal x86_64 /Users/dogukanbeyzade/Desktop/GalacticalMap/GalacticalMap/Services/SpectroscopyAnalyzer.swift (in target 'GalacticalMap' from project 'GalacticalMap')
    cd /Users/dogukanbeyzade/Desktop/GalacticalMap
    

SwiftCompile normal x86_64 /Users/dogukanbeyzade/Desktop/GalacticalMap/GalacticalMap/Services/TelescopeConnection.swift (in target 'GalacticalMap' from project 'GalacticalMap')
    cd /Users/dogukanbeyzade/Desktop/GalacticalMap
    
/Users/dogukanbeyzade/Desktop/GalacticalMap/GalacticalMap/Services/TelescopeConnection.swift:53:46: warning: variable 'self' was written to, but never read
        browser.stateUpdateHandler = { [weak self] state in
                                             ^
/Users/dogukanbeyzade/Desktop/GalacticalMap/GalacticalMap/Services/TelescopeConnection.swift:130:13: warning: switch must be exhaustive
            switch result.endpoint {
            ^
/Users/dogukanbeyzade/Desktop/GalacticalMap/GalacticalMap/Services/TelescopeConnection.swift:130:13: note: add missing case: '.hostPort(host: let host, port: let port)'
            switch result.endpoint {
            ^
/Users/dogukanbeyzade/Desktop/GalacticalMap/GalacticalMap/Services/TelescopeConnection.swift:130:13: note: add missing case: '.unix(path: let path)'
            switch result.endpoint {
            ^
/Users/dogukanbeyzade/Desktop/GalacticalMap/GalacticalMap/Services/TelescopeConnection.swift:130:13: note: add missing case: '.url(_)'
            switch result.endpoint {
            ^
/Users/dogukanbeyzade/Desktop/GalacticalMap/GalacticalMap/Services/TelescopeConnection.swift:130:13: note: add missing case: '.opaque(_)'
            switch result.endpoint {
            ^
/Users/dogukanbeyzade/Desktop/GalacticalMap/GalacticalMap/Services/TelescopeConnection.swift:130:13: note: add missing cases
            switch result.endpoint {
            ^
/Users/dogukanbeyzade/Desktop/GalacticalMap/GalacticalMap/Services/TelescopeConnection.swift:131:41: warning: immutable value 'type' was never used; consider replacing with '_' or removing it
            case .service(let name, let type, let domain, let interface):
                                    ~~~~^~~~
                                    _
/Users/dogukanbeyzade/Desktop/GalacticalMap/GalacticalMap/Services/TelescopeConnection.swift:131:51: warning: immutable value 'domain' was never used; consider replacing with '_' or removing it
            case .service(let name, let type, let domain, let interface):
                                              ~~~~^~~~~~
                                              _
/Users/dogukanbeyzade/Desktop/GalacticalMap/GalacticalMap/Services/TelescopeConnection.swift:131:63: warning: immutable value 'interface' was never used; consider replacing with '_' or removing it
            case .service(let name, let type, let domain, let interface):
                                                          ~~~~^~~~~~~~~
                                                          _

SwiftCompile normal x86_64 /Users/dogukanbeyzade/Desktop/GalacticalMap/GalacticalMap/Utilities/AnimationHelpers.swift (in target 'GalacticalMap' from project 'GalacticalMap')
    cd /Users/dogukanbeyzade/Desktop/GalacticalMap
    

SwiftCompile normal x86_64 /Users/dogukanbeyzade/Desktop/GalacticalMap/GalacticalMap/Utilities/FavoriteButton.swift (in target 'GalacticalMap' from project 'GalacticalMap')
    cd /Users/dogukanbeyzade/Desktop/GalacticalMap
    

SwiftCompile normal x86_64 Compiling\ MoonPhasesView.swift,\ NASAVisibleEarthView.swift,\ OrbitalMechanicsView.swift,\ OrbitSimulatorView.swift,\ RadioAstronomyView.swift,\ RealTime3DSkyView.swift /Users/dogukanbeyzade/Desktop/GalacticalMap/GalacticalMap/Views/MoonPhasesView.swift /Users/dogukanbeyzade/Desktop/GalacticalMap/GalacticalMap/Views/NASAVisibleEarthView.swift /Users/dogukanbeyzade/Desktop/GalacticalMap/GalacticalMap/Views/OrbitalMechanicsView.swift /Users/dogukanbeyzade/Desktop/GalacticalMap/GalacticalMap/Views/OrbitSimulatorView.swift /Users/dogukanbeyzade/Desktop/GalacticalMap/GalacticalMap/Views/RadioAstronomyView.swift /Users/dogukanbeyzade/Desktop/GalacticalMap/GalacticalMap/Views/RealTime3DSkyView.swift (in target 'GalacticalMap' from project 'GalacticalMap')

SwiftCompile normal x86_64 /Users/dogukanbeyzade/Desktop/GalacticalMap/GalacticalMap/Views/MoonPhasesView.swift (in target 'GalacticalMap' from project 'GalacticalMap')
    cd /Users/dogukanbeyzade/Desktop/GalacticalMap
    

SwiftCompile normal x86_64 /Users/dogukanbeyzade/Desktop/GalacticalMap/GalacticalMap/Views/NASAVisibleEarthView.swift (in target 'GalacticalMap' from project 'GalacticalMap')
    cd /Users/dogukanbeyzade/Desktop/GalacticalMap
    

SwiftCompile normal x86_64 /Users/dogukanbeyzade/Desktop/GalacticalMap/GalacticalMap/Views/OrbitalMechanicsView.swift (in target 'GalacticalMap' from project 'GalacticalMap')
    cd /Users/dogukanbeyzade/Desktop/GalacticalMap
    
/Users/dogukanbeyzade/Desktop/GalacticalMap/GalacticalMap/Views/OrbitalMechanicsView.swift:68:13: warning: initialization of immutable value 'earthOrbitalPeriod' was never used; consider replacing with assignment to '_' or removing it
        let earthOrbitalPeriod = 365.25 * 86400.0 // seconds
        ~~~~^~~~~~~~~~~~~~~~~~
        _
/Users/dogukanbeyzade/Desktop/GalacticalMap/GalacticalMap/Views/OrbitalMechanicsView.swift:82:13: warning: variable 'currentDate' was never mutated; consider changing to 'let' constant
        var currentDate = date
        ~~~ ^
        let
/Users/dogukanbeyzade/Desktop/GalacticalMap/GalacticalMap/Views/OrbitalMechanicsView.swift:167:13: warning: initialization of immutable value 'vp' was never used; consider replacing with assignment to '_' or removing it
        let vp = sqrt(incomingVelocity * incomingVelocity + 2 * mu / rp)
        ~~~~^~
        _

SwiftCompile normal x86_64 /Users/dogukanbeyzade/Desktop/GalacticalMap/GalacticalMap/Views/OrbitSimulatorView.swift (in target 'GalacticalMap' from project 'GalacticalMap')
    cd /Users/dogukanbeyzade/Desktop/GalacticalMap
    

SwiftCompile normal x86_64 /Users/dogukanbeyzade/Desktop/GalacticalMap/GalacticalMap/Views/RadioAstronomyView.swift (in target 'GalacticalMap' from project 'GalacticalMap')
    cd /Users/dogukanbeyzade/Desktop/GalacticalMap
    

SwiftCompile normal x86_64 /Users/dogukanbeyzade/Desktop/GalacticalMap/GalacticalMap/Views/RealTime3DSkyView.swift (in target 'GalacticalMap' from project 'GalacticalMap')
    cd /Users/dogukanbeyzade/Desktop/GalacticalMap
    

SwiftCompile normal x86_64 Compiling\ ISSWebEmbedView.swift,\ LiveSatelliteView.swift,\ LiveStreamView.swift,\ MarsRoverView.swift,\ MeteorShowerView.swift,\ MissionControlView.swift /Users/dogukanbeyzade/Desktop/GalacticalMap/GalacticalMap/Views/ISSWebEmbedView.swift /Users/dogukanbeyzade/Desktop/GalacticalMap/GalacticalMap/Views/LiveSatelliteView.swift /Users/dogukanbeyzade/Desktop/GalacticalMap/GalacticalMap/Views/LiveStreamView.swift /Users/dogukanbeyzade/Desktop/GalacticalMap/GalacticalMap/Views/MarsRoverView.swift /Users/dogukanbeyzade/Desktop/GalacticalMap/GalacticalMap/Views/MeteorShowerView.swift /Users/dogukanbeyzade/Desktop/GalacticalMap/GalacticalMap/Views/MissionControlView.swift (in target 'GalacticalMap' from project 'GalacticalMap')
SwiftCompile normal x86_64 /Users/dogukanbeyzade/Desktop/GalacticalMap/GalacticalMap/Views/ISSWebEmbedView.swift (in target 'GalacticalMap' from project 'GalacticalMap')
    cd /Users/dogukanbeyzade/Desktop/GalacticalMap
    

SwiftCompile normal x86_64 /Users/dogukanbeyzade/Desktop/GalacticalMap/GalacticalMap/Views/LiveSatelliteView.swift (in target 'GalacticalMap' from project 'GalacticalMap')
    cd /Users/dogukanbeyzade/Desktop/GalacticalMap
    
/Users/dogukanbeyzade/Desktop/GalacticalMap/GalacticalMap/Views/LiveSatelliteView.swift:27:17: warning: 'init(coordinateRegion:interactionModes:showsUserLocation:userTrackingMode:annotationItems:annotationContent:)' was deprecated in iOS 17.0: Use Map initializers that take a MapContentBuilder instead.
                Map(coordinateRegion: $region, annotationItems: viewModel.filteredSatellites) { satellite in
                ^
/Users/dogukanbeyzade/Desktop/GalacticalMap/GalacticalMap/Views/LiveSatelliteView.swift:28:21: warning: 'MapAnnotation' was deprecated in iOS 17.0: Use Annotation along with Map initializers that take a MapContentBuilder instead.
                    MapAnnotation(coordinate: satellite.coordinate) {
                    ^

SwiftCompile normal x86_64 /Users/dogukanbeyzade/Desktop/GalacticalMap/GalacticalMap/Views/LiveStreamView.swift (in target 'GalacticalMap' from project 'GalacticalMap')
    cd /Users/dogukanbeyzade/Desktop/GalacticalMap
    
/Users/dogukanbeyzade/Desktop/GalacticalMap/GalacticalMap/Views/LiveStreamView.swift:454:13: warning: 'init(coordinateRegion:interactionModes:showsUserLocation:userTrackingMode:annotationItems:annotationContent:)' was deprecated in iOS 17.0: Use Map initializers that take a MapContentBuilder instead.
            Map(coordinateRegion: $region, annotationItems: [ISSPoint(coord: issCoordinate)]) { item in
            ^
/Users/dogukanbeyzade/Desktop/GalacticalMap/GalacticalMap/Views/LiveStreamView.swift:455:17: warning: 'MapAnnotation' was deprecated in iOS 17.0: Use Annotation along with Map initializers that take a MapContentBuilder instead.
                MapAnnotation(coordinate: item.coord) {
                ^
/Users/dogukanbeyzade/Desktop/GalacticalMap/GalacticalMap/Views/LiveStreamView.swift:647:45: warning: 'copyCGImage(at:actualTime:)' was deprecated in iOS 18.0: Use generateCGImageAsynchronouslyForTime:completionHandler: instead
            if let cgImage = try? generator.copyCGImage(at: time, actualTime: nil) {
                                            ^

SwiftCompile normal x86_64 /Users/dogukanbeyzade/Desktop/GalacticalMap/GalacticalMap/Views/MarsRoverView.swift (in target 'GalacticalMap' from project 'GalacticalMap')
    cd /Users/dogukanbeyzade/Desktop/GalacticalMap
    

SwiftCompile normal x86_64 /Users/dogukanbeyzade/Desktop/GalacticalMap/GalacticalMap/Views/MeteorShowerView.swift (in target 'GalacticalMap' from project 'GalacticalMap')
    cd /Users/dogukanbeyzade/Desktop/GalacticalMap
    

SwiftCompile normal x86_64 /Users/dogukanbeyzade/Desktop/GalacticalMap/GalacticalMap/Views/MissionControlView.swift (in target 'GalacticalMap' from project 'GalacticalMap')
    cd /Users/dogukanbeyzade/Desktop/GalacticalMap
    

SwiftCompile normal x86_64 Compiling\ EarthEyesView.swift,\ MainTabView.swift,\ ISSLiveView.swift,\ CommonTypes.swift,\ FavoriteItem.swift,\ Satellite.swift /Users/dogukanbeyzade/Desktop/GalacticalMap/GalacticalMap/GalacticalMap/GalacticalMap/GalacticalMap/GalacticalMap/GalacticalMap/GalacticalMap/Views/EarthEyesView.swift /Users/dogukanbeyzade/Desktop/GalacticalMap/GalacticalMap/GalacticalMap/GalacticalMap/Views/MainTabView.swift /Users/dogukanbeyzade/Desktop/GalacticalMap/GalacticalMap/GalacticalMap/Views/ISSLiveView.swift /Users/dogukanbeyzade/Desktop/GalacticalMap/GalacticalMap/Models/CommonTypes.swift /Users/dogukanbeyzade/Desktop/GalacticalMap/GalacticalMap/Models/FavoriteItem.swift /Users/dogukanbeyzade/Desktop/GalacticalMap/GalacticalMap/Models/Satellite.swift (in target 'GalacticalMap' from project 'GalacticalMap')

SwiftCompile normal x86_64 /Users/dogukanbeyzade/Desktop/GalacticalMap/GalacticalMap/GalacticalMap/GalacticalMap/GalacticalMap/GalacticalMap/GalacticalMap/GalacticalMap/Views/EarthEyesView.swift (in target 'GalacticalMap' from project 'GalacticalMap')
    cd /Users/dogukanbeyzade/Desktop/GalacticalMap
    
/Users/dogukanbeyzade/Desktop/GalacticalMap/GalacticalMap/GalacticalMap/GalacticalMap/GalacticalMap/GalacticalMap/GalacticalMap/GalacticalMap/Views/EarthEyesView.swift:42:17: warning: 'init(coordinateRegion:interactionModes:showsUserLocation:userTrackingMode:annotationItems:annotationContent:)' was deprecated in iOS 17.0: Use Map initializers that take a MapContentBuilder instead.
                Map(coordinateRegion: $region, annotationItems: annotations) { item in
                ^
/Users/dogukanbeyzade/Desktop/GalacticalMap/GalacticalMap/GalacticalMap/GalacticalMap/GalacticalMap/GalacticalMap/GalacticalMap/GalacticalMap/Views/EarthEyesView.swift:43:21: warning: 'MapAnnotation' was deprecated in iOS 17.0: Use Annotation along with Map initializers that take a MapContentBuilder instead.
                    MapAnnotation(coordinate: item.coordinate) {
                    ^
/Users/dogukanbeyzade/Desktop/GalacticalMap/GalacticalMap/GalacticalMap/GalacticalMap/GalacticalMap/GalacticalMap/GalacticalMap/GalacticalMap/Views/EarthEyesView.swift:358:28: warning: 'javaScriptEnabled' was deprecated in iOS 14.0: Use WKWebpagePreferences.allowsContentJavaScript to disable content JavaScript on a per-navigation basis
        config.preferences.javaScriptEnabled = true
                           ^

SwiftCompile normal x86_64 /Users/dogukanbeyzade/Desktop/GalacticalMap/GalacticalMap/GalacticalMap/GalacticalMap/Views/MainTabView.swift (in target 'GalacticalMap' from project 'GalacticalMap')
    cd /Users/dogukanbeyzade/Desktop/GalacticalMap
    

SwiftCompile normal x86_64 /Users/dogukanbeyzade/Desktop/GalacticalMap/GalacticalMap/GalacticalMap/Views/ISSLiveView.swift (in target 'GalacticalMap' from project 'GalacticalMap')
    cd /Users/dogukanbeyzade/Desktop/GalacticalMap
    

SwiftCompile normal x86_64 /Users/dogukanbeyzade/Desktop/GalacticalMap/GalacticalMap/Models/CommonTypes.swift (in target 'GalacticalMap' from project 'GalacticalMap')
    cd /Users/dogukanbeyzade/Desktop/GalacticalMap
    

SwiftCompile normal x86_64 /Users/dogukanbeyzade/Desktop/GalacticalMap/GalacticalMap/Models/FavoriteItem.swift (in target 'GalacticalMap' from project 'GalacticalMap')
    cd /Users/dogukanbeyzade/Desktop/GalacticalMap
    

SwiftCompile normal x86_64 /Users/dogukanbeyzade/Desktop/GalacticalMap/GalacticalMap/Models/Satellite.swift (in target 'GalacticalMap' from project 'GalacticalMap')
    cd /Users/dogukanbeyzade/Desktop/GalacticalMap
    

SwiftCompile normal x86_64 Compiling\ FavoritesManager.swift,\ GravitationalWaveDetector.swift,\ LocationManager.swift,\ PersistenceManager.swift,\ RTKLocationManager.swift,\ SatellitePassPrediction.swift /Users/dogukanbeyzade/Desktop/GalacticalMap/GalacticalMap/Services/FavoritesManager.swift /Users/dogukanbeyzade/Desktop/GalacticalMap/GalacticalMap/Services/GravitationalWaveDetector.swift /Users/dogukanbeyzade/Desktop/GalacticalMap/GalacticalMap/Services/LocationManager.swift /Users/dogukanbeyzade/Desktop/GalacticalMap/GalacticalMap/Services/PersistenceManager.swift /Users/dogukanbeyzade/Desktop/GalacticalMap/GalacticalMap/Services/RTKLocationManager.swift /Users/dogukanbeyzade/Desktop/GalacticalMap/GalacticalMap/Services/SatellitePassPrediction.swift (in target 'GalacticalMap' from project 'GalacticalMap')

SwiftCompile normal x86_64 /Users/dogukanbeyzade/Desktop/GalacticalMap/GalacticalMap/Services/FavoritesManager.swift (in target 'GalacticalMap' from project 'GalacticalMap')
    cd /Users/dogukanbeyzade/Desktop/GalacticalMap
    
/Users/dogukanbeyzade/Desktop/GalacticalMap/GalacticalMap/Services/FavoritesManager.swift:43:13: warning: variable 'newItem' was never mutated; consider changing to 'let' constant
        var newItem = item
        ~~~ ^
        let

SwiftCompile normal x86_64 /Users/dogukanbeyzade/Desktop/GalacticalMap/GalacticalMap/Services/GravitationalWaveDetector.swift (in target 'GalacticalMap' from project 'GalacticalMap')
    cd /Users/dogukanbeyzade/Desktop/GalacticalMap
    
/Users/dogukanbeyzade/Desktop/GalacticalMap/GalacticalMap/Services/GravitationalWaveDetector.swift:120:17: warning: initialization of immutable value 'f' was never used; consider replacing with assignment to '_' or removing it
            let f = chirpFrequency(tau: tau, chirpMass: chirpMass)
            ~~~~^
            _

SwiftCompile normal x86_64 /Users/dogukanbeyzade/Desktop/GalacticalMap/GalacticalMap/Services/LocationManager.swift (in target 'GalacticalMap' from project 'GalacticalMap')
    cd /Users/dogukanbeyzade/Desktop/GalacticalMap
    

SwiftCompile normal x86_64 /Users/dogukanbeyzade/Desktop/GalacticalMap/GalacticalMap/Services/PersistenceManager.swift (in target 'GalacticalMap' from project 'GalacticalMap')
    cd /Users/dogukanbeyzade/Desktop/GalacticalMap
    

SwiftCompile normal x86_64 /Users/dogukanbeyzade/Desktop/GalacticalMap/GalacticalMap/Services/RTKLocationManager.swift (in target 'GalacticalMap' from project 'GalacticalMap')
    cd /Users/dogukanbeyzade/Desktop/GalacticalMap
    

SwiftCompile normal x86_64 /Users/dogukanbeyzade/Desktop/GalacticalMap/GalacticalMap/Services/SatellitePassPrediction.swift (in target 'GalacticalMap' from project 'GalacticalMap')
    cd /Users/dogukanbeyzade/Desktop/GalacticalMap
    

SwiftCompile normal x86_64 Compiling\ StreetViewInline.swift,\ AnomalyViewModel.swift,\ SatelliteViewModel.swift,\ StarMapViewModel.swift,\ AdvancedFavoritesView.swift,\ AnomaliesView.swift /Users/dogukanbeyzade/Desktop/GalacticalMap/GalacticalMap/Utilities/StreetViewInline.swift /Users/dogukanbeyzade/Desktop/GalacticalMap/GalacticalMap/ViewModels/AnomalyViewModel.swift /Users/dogukanbeyzade/Desktop/GalacticalMap/GalacticalMap/ViewModels/SatelliteViewModel.swift /Users/dogukanbeyzade/Desktop/GalacticalMap/GalacticalMap/ViewModels/StarMapViewModel.swift /Users/dogukanbeyzade/Desktop/GalacticalMap/GalacticalMap/Views/AdvancedFavoritesView.swift /Users/dogukanbeyzade/Desktop/GalacticalMap/GalacticalMap/Views/AnomaliesView.swift (in target 'GalacticalMap' from project 'GalacticalMap')

SwiftCompile normal x86_64 /Users/dogukanbeyzade/Desktop/GalacticalMap/GalacticalMap/Utilities/StreetViewInline.swift (in target 'GalacticalMap' from project 'GalacticalMap')
    cd /Users/dogukanbeyzade/Desktop/GalacticalMap
    
/Users/dogukanbeyzade/Desktop/GalacticalMap/GalacticalMap/Utilities/StreetViewInline.swift:19:28: warning: 'javaScriptEnabled' was deprecated in iOS 14.0: Use WKWebpagePreferences.allowsContentJavaScript to disable content JavaScript on a per-navigation basis
        config.preferences.javaScriptEnabled = true
                           ^

SwiftCompile normal x86_64 /Users/dogukanbeyzade/Desktop/GalacticalMap/GalacticalMap/ViewModels/AnomalyViewModel.swift (in target 'GalacticalMap' from project 'GalacticalMap')
    cd /Users/dogukanbeyzade/Desktop/GalacticalMap
    
/Users/dogukanbeyzade/Desktop/GalacticalMap/GalacticalMap/ViewModels/AnomalyViewModel.swift:87:17: warning: no 'async' operations occur within 'await' expression
                await PersistenceManager.shared.saveAnomaly(anomalies[index])
                ^

SwiftCompile normal x86_64 /Users/dogukanbeyzade/Desktop/GalacticalMap/GalacticalMap/ViewModels/SatelliteViewModel.swift (in target 'GalacticalMap' from project 'GalacticalMap')
    cd /Users/dogukanbeyzade/Desktop/GalacticalMap
    

SwiftCompile normal x86_64 /Users/dogukanbeyzade/Desktop/GalacticalMap/GalacticalMap/ViewModels/StarMapViewModel.swift (in target 'GalacticalMap' from project 'GalacticalMap')
    cd /Users/dogukanbeyzade/Desktop/GalacticalMap
    
/Users/dogukanbeyzade/Desktop/GalacticalMap/GalacticalMap/ViewModels/StarMapViewModel.swift:79:17: warning: no 'async' operations occur within 'await' expression
                await PersistenceManager.shared.saveStar(stars[index])
                ^

SwiftCompile normal x86_64 /Users/dogukanbeyzade/Desktop/GalacticalMap/GalacticalMap/Views/AdvancedFavoritesView.swift (in target 'GalacticalMap' from project 'GalacticalMap')
    cd /Users/dogukanbeyzade/Desktop/GalacticalMap
    

SwiftCompile normal x86_64 /Users/dogukanbeyzade/Desktop/GalacticalMap/GalacticalMap/Views/AnomaliesView.swift (in target 'GalacticalMap' from project 'GalacticalMap')
    cd /Users/dogukanbeyzade/Desktop/GalacticalMap
    

SwiftCompile normal x86_64 Compiling\ ARSkyView.swift,\ AsteroidTrackerView.swift,\ EarthEyesFix.swift,\ HomeDashboardView.swift,\ ISS3DUserCodeView.swift,\ ISSUserCodeView.swift /Users/dogukanbeyzade/Desktop/GalacticalMap/GalacticalMap/Views/ARSkyView.swift /Users/dogukanbeyzade/Desktop/GalacticalMap/GalacticalMap/Views/AsteroidTrackerView.swift /Users/dogukanbeyzade/Desktop/GalacticalMap/GalacticalMap/Views/EarthEyesFix.swift /Users/dogukanbeyzade/Desktop/GalacticalMap/GalacticalMap/Views/HomeDashboardView.swift /Users/dogukanbeyzade/Desktop/GalacticalMap/GalacticalMap/Views/ISS3DUserCodeView.swift /Users/dogukanbeyzade/Desktop/GalacticalMap/GalacticalMap/Views/ISSUserCodeView.swift (in target 'GalacticalMap' from project 'GalacticalMap')

SwiftCompile normal x86_64 /Users/dogukanbeyzade/Desktop/GalacticalMap/GalacticalMap/Views/ARSkyView.swift (in target 'GalacticalMap' from project 'GalacticalMap')
    cd /Users/dogukanbeyzade/Desktop/GalacticalMap
    
/Users/dogukanbeyzade/Desktop/GalacticalMap/GalacticalMap/Views/ARSkyView.swift:167:29: warning: 'hitTest(_:types:)' was deprecated in iOS 14.0: Use [ARSCNView raycastQueryFromPoint:allowingTarget:alignment]
            let results = v.hitTest(p, types: [.featurePoint])
                            ^

SwiftCompile normal x86_64 /Users/dogukanbeyzade/Desktop/GalacticalMap/GalacticalMap/Views/AsteroidTrackerView.swift (in target 'GalacticalMap' from project 'GalacticalMap')
    cd /Users/dogukanbeyzade/Desktop/GalacticalMap
    

SwiftCompile normal x86_64 /Users/dogukanbeyzade/Desktop/GalacticalMap/GalacticalMap/Views/EarthEyesFix.swift (in target 'GalacticalMap' from project 'GalacticalMap')
    cd /Users/dogukanbeyzade/Desktop/GalacticalMap
    
/Users/dogukanbeyzade/Desktop/GalacticalMap/GalacticalMap/Views/EarthEyesFix.swift:40:17: warning: 'init(coordinateRegion:interactionModes:showsUserLocation:userTrackingMode:annotationItems:annotationContent:)' was deprecated in iOS 17.0: Use Map initializers that take a MapContentBuilder instead.
                Map(coordinateRegion: $region, annotationItems: annotations) { item in
                ^
/Users/dogukanbeyzade/Desktop/GalacticalMap/GalacticalMap/Views/EarthEyesFix.swift:41:21: warning: 'MapAnnotation' was deprecated in iOS 17.0: Use Annotation along with Map initializers that take a MapContentBuilder instead.
                    MapAnnotation(coordinate: item.coordinate) {
                    ^
/Users/dogukanbeyzade/Desktop/GalacticalMap/GalacticalMap/Views/EarthEyesFix.swift:307:28: warning: 'javaScriptEnabled' was deprecated in iOS 14.0: Use WKWebpagePreferences.allowsContentJavaScript to disable content JavaScript on a per-navigation basis
        config.preferences.javaScriptEnabled = true
                           ^

SwiftCompile normal x86_64 /Users/dogukanbeyzade/Desktop/GalacticalMap/GalacticalMap/Views/HomeDashboardView.swift (in target 'GalacticalMap' from project 'GalacticalMap')
    cd /Users/dogukanbeyzade/Desktop/GalacticalMap
    

SwiftCompile normal x86_64 /Users/dogukanbeyzade/Desktop/GalacticalMap/GalacticalMap/Views/ISS3DUserCodeView.swift (in target 'GalacticalMap' from project 'GalacticalMap')
    cd /Users/dogukanbeyzade/Desktop/GalacticalMap
    

SwiftCompile normal x86_64 /Users/dogukanbeyzade/Desktop/GalacticalMap/GalacticalMap/Views/ISSUserCodeView.swift (in target 'GalacticalMap' from project 'GalacticalMap')
    cd /Users/dogukanbeyzade/Desktop/GalacticalMap
    

SwiftEmitModule normal arm64 Emitting\ module\ for\ GalacticalMap (in target 'GalacticalMap' from project 'GalacticalMap')

EmitSwiftModule normal arm64 (in target 'GalacticalMap' from project 'GalacticalMap')
    cd /Users/dogukanbeyzade/Desktop/GalacticalMap
    

SwiftEmitModule normal x86_64 Emitting\ module\ for\ GalacticalMap (in target 'GalacticalMap' from project 'GalacticalMap')

EmitSwiftModule normal x86_64 (in target 'GalacticalMap' from project 'GalacticalMap')
    cd /Users/dogukanbeyzade/Desktop/GalacticalMap
    

SwiftDriverJobDiscovery normal arm64 Emitting module for GalacticalMap (in target 'GalacticalMap' from project 'GalacticalMap')

SwiftDriver\ Compilation\ Requirements GalacticalMap normal arm64 com.apple.xcode.tools.swift.compiler (in target 'GalacticalMap' from project 'GalacticalMap')
    cd /Users/dogukanbeyzade/Desktop/GalacticalMap
    builtin-Swift-Compilation-Requirements -- /Applications/Xcode.app/Contents/Developer/Toolchains/XcodeDefault.xctoolchain/usr/bin/swiftc -module-name GalacticalMap -Onone -enforce-exclusivity\=checked @/Users/dogukanbeyzade/Library/Developer/Xcode/DerivedData/GalacticalMap-bksnrvirapmzyedveygampkumrrs/Build/Intermediates.noindex/GalacticalMap.build/Debug-iphonesimulator/GalacticalMap.build/Objects-normal/arm64/GalacticalMap.SwiftFileList -DDEBUG -default-isolation\=MainActor -enable-bare-slash-regex -enable-upcoming-feature DisableOutwardActorInference -enable-upcoming-feature InferSendableFromCaptures -enable-upcoming-feature GlobalActorIsolatedTypesUsability -enable-upcoming-feature MemberImportVisibility -enable-upcoming-feature InferIsolatedConformances -enable-upcoming-feature NonisolatedNonsendingByDefault -enable-experimental-feature DebugDescriptionMacro -sdk /Applications/Xcode.app/Contents/Developer/Platforms/iPhoneSimulator.platform/Developer/SDKs/iPhoneSimulator26.1.sdk -target arm64-apple-ios18.0-simulator -g -module-cache-path /Users/dogukanbeyzade/Library/Developer/Xcode/DerivedData/ModuleCache.noindex -Xfrontend -serialize-debugging-options -enable-testing -index-store-path /Users/dogukanbeyzade/Library/Developer/Xcode/DerivedData/GalacticalMap-bksnrvirapmzyedveygampkumrrs/Index.noindex/DataStore -Xcc -D_LIBCPP_HARDENING_MODE\=_LIBCPP_HARDENING_MODE_DEBUG -swift-version 5 -I /Users/dogukanbeyzade/Library/Developer/Xcode/DerivedData/GalacticalMap-bksnrvirapmzyedveygampkumrrs/Build/Products/Debug-iphonesimulator -F /Users/dogukanbeyzade/Library/Developer/Xcode/DerivedData/GalacticalMap-bksnrvirapmzyedveygampkumrrs/Build/Products/Debug-iphonesimulator -emit-localized-strings -emit-localized-strings-path /Users/dogukanbeyzade/Library/Developer/Xcode/DerivedData/GalacticalMap-bksnrvirapmzyedveygampkumrrs/Build/Intermediates.noindex/GalacticalMap.build/Debug-iphonesimulator/GalacticalMap.build/Objects-normal/arm64 -c -j10 -enable-batch-mode -incremental -Xcc -ivfsstatcache -Xcc /Users/dogukanbeyzade/Library/Developer/Xcode/DerivedData/SDKStatCaches.noindex/iphonesimulator26.1-23B77-90cf18a4295e390e64c810bc6bd7acbc.sdkstatcache -output-file-map /Users/dogukanbeyzade/Library/Developer/Xcode/DerivedData/GalacticalMap-bksnrvirapmzyedveygampkumrrs/Build/Intermediates.noindex/GalacticalMap.build/Debug-iphonesimulator/GalacticalMap.build/Objects-normal/arm64/GalacticalMap-OutputFileMap.json -use-frontend-parseable-output -save-temps -no-color-diagnostics -explicit-module-build -module-cache-path /Users/dogukanbeyzade/Library/Developer/Xcode/DerivedData/GalacticalMap-bksnrvirapmzyedveygampkumrrs/Build/Intermediates.noindex/SwiftExplicitPrecompiledModules -clang-scanner-module-cache-path /Users/dogukanbeyzade/Library/Developer/Xcode/DerivedData/ModuleCache.noindex -sdk-module-cache-path /Users/dogukanbeyzade/Library/Developer/Xcode/DerivedData/ModuleCache.noindex -serialize-diagnostics -emit-dependencies -emit-module -emit-module-path /Users/dogukanbeyzade/Library/Developer/Xcode/DerivedData/GalacticalMap-bksnrvirapmzyedveygampkumrrs/Build/Intermediates.noindex/GalacticalMap.build/Debug-iphonesimulator/GalacticalMap.build/Objects-normal/arm64/GalacticalMap.swiftmodule -validate-clang-modules-once -clang-build-session-file /Users/dogukanbeyzade/Library/Developer/Xcode/DerivedData/ModuleCache.noindex/Session.modulevalidation -Xcc -I/Users/dogukanbeyzade/Library/Developer/Xcode/DerivedData/GalacticalMap-bksnrvirapmzyedveygampkumrrs/Build/Intermediates.noindex/GalacticalMap.build/Debug-iphonesimulator/GalacticalMap.build/swift-overrides.hmap -emit-const-values -Xfrontend -const-gather-protocols-file -Xfrontend /Users/dogukanbeyzade/Library/Developer/Xcode/DerivedData/GalacticalMap-bksnrvirapmzyedveygampkumrrs/Build/Intermediates.noindex/GalacticalMap.build/Debug-iphonesimulator/GalacticalMap.build/Objects-normal/arm64/GalacticalMap_const_extract_protocols.json -Xcc -iquote -Xcc /Users/dogukanbeyzade/Library/Developer/Xcode/DerivedData/GalacticalMap-bksnrvirapmzyedveygampkumrrs/Build/Intermediates.noindex/GalacticalMap.build/Debug-iphonesimulator/GalacticalMap.build/GalacticalMap-generated-files.hmap -Xcc -I/Users/dogukanbeyzade/Library/Developer/Xcode/DerivedData/GalacticalMap-bksnrvirapmzyedveygampkumrrs/Build/Intermediates.noindex/GalacticalMap.build/Debug-iphonesimulator/GalacticalMap.build/GalacticalMap-own-target-headers.hmap -Xcc -I/Users/dogukanbeyzade/Library/Developer/Xcode/DerivedData/GalacticalMap-bksnrvirapmzyedveygampkumrrs/Build/Intermediates.noindex/GalacticalMap.build/Debug-iphonesimulator/GalacticalMap.build/GalacticalMap-all-target-headers.hmap -Xcc -iquote -Xcc /Users/dogukanbeyzade/Library/Developer/Xcode/DerivedData/GalacticalMap-bksnrvirapmzyedveygampkumrrs/Build/Intermediates.noindex/GalacticalMap.build/Debug-iphonesimulator/GalacticalMap.build/GalacticalMap-project-headers.hmap -Xcc -I/Users/dogukanbeyzade/Library/Developer/Xcode/DerivedData/GalacticalMap-bksnrvirapmzyedveygampkumrrs/Build/Products/Debug-iphonesimulator/include -Xcc -I/Users/dogukanbeyzade/Library/Developer/Xcode/DerivedData/GalacticalMap-bksnrvirapmzyedveygampkumrrs/Build/Intermediates.noindex/GalacticalMap.build/Debug-iphonesimulator/GalacticalMap.build/DerivedSources-normal/arm64 -Xcc -I/Users/dogukanbeyzade/Library/Developer/Xcode/DerivedData/GalacticalMap-bksnrvirapmzyedveygampkumrrs/Build/Intermediates.noindex/GalacticalMap.build/Debug-iphonesimulator/GalacticalMap.build/DerivedSources/arm64 -Xcc -I/Users/dogukanbeyzade/Library/Developer/Xcode/DerivedData/GalacticalMap-bksnrvirapmzyedveygampkumrrs/Build/Intermediates.noindex/GalacticalMap.build/Debug-iphonesimulator/GalacticalMap.build/DerivedSources -Xcc -DDEBUG\=1 -emit-objc-header -emit-objc-header-path /Users/dogukanbeyzade/Library/Developer/Xcode/DerivedData/GalacticalMap-bksnrvirapmzyedveygampkumrrs/Build/Intermediates.noindex/GalacticalMap.build/Debug-iphonesimulator/GalacticalMap.build/Objects-normal/arm64/GalacticalMap-Swift.h -working-directory /Users/dogukanbeyzade/Desktop/GalacticalMap -experimental-emit-module-separately -disable-cmo

SwiftCompile normal arm64 Compiling\ SatelliteService.swift,\ SmartAlarmSystem.swift,\ SpectroscopyAnalyzer.swift,\ TelescopeConnection.swift,\ AnimationHelpers.swift,\ FavoriteButton.swift /Users/dogukanbeyzade/Desktop/GalacticalMap/GalacticalMap/Services/SatelliteService.swift /Users/dogukanbeyzade/Desktop/GalacticalMap/GalacticalMap/Services/SmartAlarmSystem.swift /Users/dogukanbeyzade/Desktop/GalacticalMap/GalacticalMap/Services/SpectroscopyAnalyzer.swift /Users/dogukanbeyzade/Desktop/GalacticalMap/GalacticalMap/Services/TelescopeConnection.swift /Users/dogukanbeyzade/Desktop/GalacticalMap/GalacticalMap/Utilities/AnimationHelpers.swift /Users/dogukanbeyzade/Desktop/GalacticalMap/GalacticalMap/Utilities/FavoriteButton.swift (in target 'GalacticalMap' from project 'GalacticalMap')

SwiftCompile normal arm64 /Users/dogukanbeyzade/Desktop/GalacticalMap/GalacticalMap/Services/SatelliteService.swift (in target 'GalacticalMap' from project 'GalacticalMap')
    cd /Users/dogukanbeyzade/Desktop/GalacticalMap
    

SwiftCompile normal arm64 /Users/dogukanbeyzade/Desktop/GalacticalMap/GalacticalMap/Services/SmartAlarmSystem.swift (in target 'GalacticalMap' from project 'GalacticalMap')
    cd /Users/dogukanbeyzade/Desktop/GalacticalMap
    

SwiftCompile normal arm64 /Users/dogukanbeyzade/Desktop/GalacticalMap/GalacticalMap/Services/SpectroscopyAnalyzer.swift (in target 'GalacticalMap' from project 'GalacticalMap')
    cd /Users/dogukanbeyzade/Desktop/GalacticalMap
    

SwiftCompile normal arm64 /Users/dogukanbeyzade/Desktop/GalacticalMap/GalacticalMap/Services/TelescopeConnection.swift (in target 'GalacticalMap' from project 'GalacticalMap')
    cd /Users/dogukanbeyzade/Desktop/GalacticalMap
    
/Users/dogukanbeyzade/Desktop/GalacticalMap/GalacticalMap/Services/TelescopeConnection.swift:53:46: warning: variable 'self' was written to, but never read
        browser.stateUpdateHandler = { [weak self] state in
                                             ^
/Users/dogukanbeyzade/Desktop/GalacticalMap/GalacticalMap/Services/TelescopeConnection.swift:130:13: warning: switch must be exhaustive
            switch result.endpoint {
            ^
/Users/dogukanbeyzade/Desktop/GalacticalMap/GalacticalMap/Services/TelescopeConnection.swift:130:13: note: add missing case: '.hostPort(host: let host, port: let port)'
            switch result.endpoint {
            ^
/Users/dogukanbeyzade/Desktop/GalacticalMap/GalacticalMap/Services/TelescopeConnection.swift:130:13: note: add missing case: '.unix(path: let path)'
            switch result.endpoint {
            ^
/Users/dogukanbeyzade/Desktop/GalacticalMap/GalacticalMap/Services/TelescopeConnection.swift:130:13: note: add missing case: '.url(_)'
            switch result.endpoint {
            ^
/Users/dogukanbeyzade/Desktop/GalacticalMap/GalacticalMap/Services/TelescopeConnection.swift:130:13: note: add missing case: '.opaque(_)'
            switch result.endpoint {
            ^
/Users/dogukanbeyzade/Desktop/GalacticalMap/GalacticalMap/Services/TelescopeConnection.swift:130:13: note: add missing cases
            switch result.endpoint {
            ^
/Users/dogukanbeyzade/Desktop/GalacticalMap/GalacticalMap/Services/TelescopeConnection.swift:131:41: warning: immutable value 'type' was never used; consider replacing with '_' or removing it
            case .service(let name, let type, let domain, let interface):
                                    ~~~~^~~~
                                    _
/Users/dogukanbeyzade/Desktop/GalacticalMap/GalacticalMap/Services/TelescopeConnection.swift:131:51: warning: immutable value 'domain' was never used; consider replacing with '_' or removing it
            case .service(let name, let type, let domain, let interface):
                                              ~~~~^~~~~~
                                              _
/Users/dogukanbeyzade/Desktop/GalacticalMap/GalacticalMap/Services/TelescopeConnection.swift:131:63: warning: immutable value 'interface' was never used; consider replacing with '_' or removing it
            case .service(let name, let type, let domain, let interface):
                                                          ~~~~^~~~~~~~~
                                                          _

SwiftCompile normal arm64 /Users/dogukanbeyzade/Desktop/GalacticalMap/GalacticalMap/Utilities/AnimationHelpers.swift (in target 'GalacticalMap' from project 'GalacticalMap')
    cd /Users/dogukanbeyzade/Desktop/GalacticalMap
    

SwiftCompile normal arm64 /Users/dogukanbeyzade/Desktop/GalacticalMap/GalacticalMap/Utilities/FavoriteButton.swift (in target 'GalacticalMap' from project 'GalacticalMap')
    cd /Users/dogukanbeyzade/Desktop/GalacticalMap
    

Copy /Users/dogukanbeyzade/Library/Developer/Xcode/DerivedData/GalacticalMap-bksnrvirapmzyedveygampkumrrs/Build/Products/Debug-iphonesimulator/GalacticalMap.swiftmodule/arm64-apple-ios-simulator.swiftmodule /Users/dogukanbeyzade/Library/Developer/Xcode/DerivedData/GalacticalMap-bksnrvirapmzyedveygampkumrrs/Build/Intermediates.noindex/GalacticalMap.build/Debug-iphonesimulator/GalacticalMap.build/Objects-normal/arm64/GalacticalMap.swiftmodule (in target 'GalacticalMap' from project 'GalacticalMap')
    cd /Users/dogukanbeyzade/Desktop/GalacticalMap
    builtin-copy -exclude .DS_Store -exclude CVS -exclude .svn -exclude .git -exclude .hg -resolve-src-symlinks -rename /Users/dogukanbeyzade/Library/Developer/Xcode/DerivedData/GalacticalMap-bksnrvirapmzyedveygampkumrrs/Build/Intermediates.noindex/GalacticalMap.build/Debug-iphonesimulator/GalacticalMap.build/Objects-normal/arm64/GalacticalMap.swiftmodule /Users/dogukanbeyzade/Library/Developer/Xcode/DerivedData/GalacticalMap-bksnrvirapmzyedveygampkumrrs/Build/Products/Debug-iphonesimulator/GalacticalMap.swiftmodule/arm64-apple-ios-simulator.swiftmodule

SwiftDriverJobDiscovery normal x86_64 Compiling EarthEyesView.swift, MainTabView.swift, ISSLiveView.swift, CommonTypes.swift, FavoriteItem.swift, Satellite.swift (in target 'GalacticalMap' from project 'GalacticalMap')

Copy /Users/dogukanbeyzade/Library/Developer/Xcode/DerivedData/GalacticalMap-bksnrvirapmzyedveygampkumrrs/Build/Products/Debug-iphonesimulator/GalacticalMap.swiftmodule/arm64-apple-ios-simulator.swiftdoc /Users/dogukanbeyzade/Library/Developer/Xcode/DerivedData/GalacticalMap-bksnrvirapmzyedveygampkumrrs/Build/Intermediates.noindex/GalacticalMap.build/Debug-iphonesimulator/GalacticalMap.build/Objects-normal/arm64/GalacticalMap.swiftdoc (in target 'GalacticalMap' from project 'GalacticalMap')
    cd /Users/dogukanbeyzade/Desktop/GalacticalMap
    builtin-copy -exclude .DS_Store -exclude CVS -exclude .svn -exclude .git -exclude .hg -resolve-src-symlinks -rename /Users/dogukanbeyzade/Library/Developer/Xcode/DerivedData/GalacticalMap-bksnrvirapmzyedveygampkumrrs/Build/Intermediates.noindex/GalacticalMap.build/Debug-iphonesimulator/GalacticalMap.build/Objects-normal/arm64/GalacticalMap.swiftdoc /Users/dogukanbeyzade/Library/Developer/Xcode/DerivedData/GalacticalMap-bksnrvirapmzyedveygampkumrrs/Build/Products/Debug-iphonesimulator/GalacticalMap.swiftmodule/arm64-apple-ios-simulator.swiftdoc

Copy /Users/dogukanbeyzade/Library/Developer/Xcode/DerivedData/GalacticalMap-bksnrvirapmzyedveygampkumrrs/Build/Products/Debug-iphonesimulator/GalacticalMap.swiftmodule/arm64-apple-ios-simulator.abi.json /Users/dogukanbeyzade/Library/Developer/Xcode/DerivedData/GalacticalMap-bksnrvirapmzyedveygampkumrrs/Build/Intermediates.noindex/GalacticalMap.build/Debug-iphonesimulator/GalacticalMap.build/Objects-normal/arm64/GalacticalMap.abi.json (in target 'GalacticalMap' from project 'GalacticalMap')
    cd /Users/dogukanbeyzade/Desktop/GalacticalMap
    builtin-copy -exclude .DS_Store -exclude CVS -exclude .svn -exclude .git -exclude .hg -resolve-src-symlinks -rename /Users/dogukanbeyzade/Library/Developer/Xcode/DerivedData/GalacticalMap-bksnrvirapmzyedveygampkumrrs/Build/Intermediates.noindex/GalacticalMap.build/Debug-iphonesimulator/GalacticalMap.build/Objects-normal/arm64/GalacticalMap.abi.json /Users/dogukanbeyzade/Library/Developer/Xcode/DerivedData/GalacticalMap-bksnrvirapmzyedveygampkumrrs/Build/Products/Debug-iphonesimulator/GalacticalMap.swiftmodule/arm64-apple-ios-simulator.abi.json

Copy /Users/dogukanbeyzade/Library/Developer/Xcode/DerivedData/GalacticalMap-bksnrvirapmzyedveygampkumrrs/Build/Products/Debug-iphonesimulator/GalacticalMap.swiftmodule/Project/arm64-apple-ios-simulator.swiftsourceinfo /Users/dogukanbeyzade/Library/Developer/Xcode/DerivedData/GalacticalMap-bksnrvirapmzyedveygampkumrrs/Build/Intermediates.noindex/GalacticalMap.build/Debug-iphonesimulator/GalacticalMap.build/Objects-normal/arm64/GalacticalMap.swiftsourceinfo (in target 'GalacticalMap' from project 'GalacticalMap')
    cd /Users/dogukanbeyzade/Desktop/GalacticalMap
    builtin-copy -exclude .DS_Store -exclude CVS -exclude .svn -exclude .git -exclude .hg -resolve-src-symlinks -rename /Users/dogukanbeyzade/Library/Developer/Xcode/DerivedData/GalacticalMap-bksnrvirapmzyedveygampkumrrs/Build/Intermediates.noindex/GalacticalMap.build/Debug-iphonesimulator/GalacticalMap.build/Objects-normal/arm64/GalacticalMap.swiftsourceinfo /Users/dogukanbeyzade/Library/Developer/Xcode/DerivedData/GalacticalMap-bksnrvirapmzyedveygampkumrrs/Build/Products/Debug-iphonesimulator/GalacticalMap.swiftmodule/Project/arm64-apple-ios-simulator.swiftsourceinfo

SwiftCompile normal x86_64 Compiling\ StarMapView.swift,\ StartupVideoView.swift,\ SupernovaAlertView.swift,\ ContentView.swift,\ GalacticalMapApp.swift,\ GeneratedAssetSymbols.swift /Users/dogukanbeyzade/Desktop/GalacticalMap/GalacticalMap/Views/StarMapView.swift /Users/dogukanbeyzade/Desktop/GalacticalMap/GalacticalMap/Views/StartupVideoView.swift /Users/dogukanbeyzade/Desktop/GalacticalMap/GalacticalMap/Views/SupernovaAlertView.swift /Users/dogukanbeyzade/Desktop/GalacticalMap/GalacticalMap/ContentView.swift /Users/dogukanbeyzade/Desktop/GalacticalMap/GalacticalMap/GalacticalMapApp.swift /Users/dogukanbeyzade/Library/Developer/Xcode/DerivedData/GalacticalMap-bksnrvirapmzyedveygampkumrrs/Build/Intermediates.noindex/GalacticalMap.build/Debug-iphonesimulator/GalacticalMap.build/DerivedSources/GeneratedAssetSymbols.swift (in target 'GalacticalMap' from project 'GalacticalMap')

SwiftCompile normal x86_64 /Users/dogukanbeyzade/Desktop/GalacticalMap/GalacticalMap/Views/StarMapView.swift (in target 'GalacticalMap' from project 'GalacticalMap')
    cd /Users/dogukanbeyzade/Desktop/GalacticalMap
    

SwiftCompile normal x86_64 /Users/dogukanbeyzade/Desktop/GalacticalMap/GalacticalMap/Views/StartupVideoView.swift (in target 'GalacticalMap' from project 'GalacticalMap')
    cd /Users/dogukanbeyzade/Desktop/GalacticalMap
    

SwiftCompile normal x86_64 /Users/dogukanbeyzade/Desktop/GalacticalMap/GalacticalMap/Views/SupernovaAlertView.swift (in target 'GalacticalMap' from project 'GalacticalMap')
    cd /Users/dogukanbeyzade/Desktop/GalacticalMap
    

SwiftCompile normal x86_64 /Users/dogukanbeyzade/Desktop/GalacticalMap/GalacticalMap/ContentView.swift (in target 'GalacticalMap' from project 'GalacticalMap')
    cd /Users/dogukanbeyzade/Desktop/GalacticalMap
    

SwiftCompile normal x86_64 /Users/dogukanbeyzade/Desktop/GalacticalMap/GalacticalMap/GalacticalMapApp.swift (in target 'GalacticalMap' from project 'GalacticalMap')
    cd /Users/dogukanbeyzade/Desktop/GalacticalMap
    

SwiftCompile normal x86_64 /Users/dogukanbeyzade/Library/Developer/Xcode/DerivedData/GalacticalMap-bksnrvirapmzyedveygampkumrrs/Build/Intermediates.noindex/GalacticalMap.build/Debug-iphonesimulator/GalacticalMap.build/DerivedSources/GeneratedAssetSymbols.swift (in target 'GalacticalMap' from project 'GalacticalMap')
    cd /Users/dogukanbeyzade/Desktop/GalacticalMap
    

SwiftCompile normal arm64 Compiling\ StreetViewInline.swift,\ AnomalyViewModel.swift,\ SatelliteViewModel.swift,\ StarMapViewModel.swift,\ AdvancedFavoritesView.swift,\ AnomaliesView.swift /Users/dogukanbeyzade/Desktop/GalacticalMap/GalacticalMap/Utilities/StreetViewInline.swift /Users/dogukanbeyzade/Desktop/GalacticalMap/GalacticalMap/ViewModels/AnomalyViewModel.swift /Users/dogukanbeyzade/Desktop/GalacticalMap/GalacticalMap/ViewModels/SatelliteViewModel.swift /Users/dogukanbeyzade/Desktop/GalacticalMap/GalacticalMap/ViewModels/StarMapViewModel.swift /Users/dogukanbeyzade/Desktop/GalacticalMap/GalacticalMap/Views/AdvancedFavoritesView.swift /Users/dogukanbeyzade/Desktop/GalacticalMap/GalacticalMap/Views/AnomaliesView.swift (in target 'GalacticalMap' from project 'GalacticalMap')

SwiftCompile normal arm64 /Users/dogukanbeyzade/Desktop/GalacticalMap/GalacticalMap/Utilities/StreetViewInline.swift (in target 'GalacticalMap' from project 'GalacticalMap')
    cd /Users/dogukanbeyzade/Desktop/GalacticalMap
    
/Users/dogukanbeyzade/Desktop/GalacticalMap/GalacticalMap/Utilities/StreetViewInline.swift:19:28: warning: 'javaScriptEnabled' was deprecated in iOS 14.0: Use WKWebpagePreferences.allowsContentJavaScript to disable content JavaScript on a per-navigation basis
        config.preferences.javaScriptEnabled = true
                           ^

SwiftCompile normal arm64 /Users/dogukanbeyzade/Desktop/GalacticalMap/GalacticalMap/ViewModels/AnomalyViewModel.swift (in target 'GalacticalMap' from project 'GalacticalMap')
    cd /Users/dogukanbeyzade/Desktop/GalacticalMap
    
/Users/dogukanbeyzade/Desktop/GalacticalMap/GalacticalMap/ViewModels/AnomalyViewModel.swift:87:17: warning: no 'async' operations occur within 'await' expression
                await PersistenceManager.shared.saveAnomaly(anomalies[index])
                ^

SwiftCompile normal arm64 /Users/dogukanbeyzade/Desktop/GalacticalMap/GalacticalMap/ViewModels/SatelliteViewModel.swift (in target 'GalacticalMap' from project 'GalacticalMap')
    cd /Users/dogukanbeyzade/Desktop/GalacticalMap
    

SwiftCompile normal arm64 /Users/dogukanbeyzade/Desktop/GalacticalMap/GalacticalMap/ViewModels/StarMapViewModel.swift (in target 'GalacticalMap' from project 'GalacticalMap')
    cd /Users/dogukanbeyzade/Desktop/GalacticalMap
    
/Users/dogukanbeyzade/Desktop/GalacticalMap/GalacticalMap/ViewModels/StarMapViewModel.swift:79:17: warning: no 'async' operations occur within 'await' expression
                await PersistenceManager.shared.saveStar(stars[index])
                ^

SwiftCompile normal arm64 /Users/dogukanbeyzade/Desktop/GalacticalMap/GalacticalMap/Views/AdvancedFavoritesView.swift (in target 'GalacticalMap' from project 'GalacticalMap')
    cd /Users/dogukanbeyzade/Desktop/GalacticalMap
    

SwiftCompile normal arm64 /Users/dogukanbeyzade/Desktop/GalacticalMap/GalacticalMap/Views/AnomaliesView.swift (in target 'GalacticalMap' from project 'GalacticalMap')
    cd /Users/dogukanbeyzade/Desktop/GalacticalMap
    

SwiftDriverJobDiscovery normal x86_64 Compiling ARSkyView.swift, AsteroidTrackerView.swift, EarthEyesFix.swift, HomeDashboardView.swift, ISS3DUserCodeView.swift, ISSUserCodeView.swift (in target 'GalacticalMap' from project 'GalacticalMap')

SwiftCompile normal arm64 Compiling\ SkyAnomaly.swift,\ Star.swift,\ AIStarRecognition.swift,\ DeepSpaceNetwork.swift,\ DSLRCameraControl.swift,\ ExoplanetDetector.swift /Users/dogukanbeyzade/Desktop/GalacticalMap/GalacticalMap/Models/SkyAnomaly.swift /Users/dogukanbeyzade/Desktop/GalacticalMap/GalacticalMap/Models/Star.swift /Users/dogukanbeyzade/Desktop/GalacticalMap/GalacticalMap/Services/AIStarRecognition.swift /Users/dogukanbeyzade/Desktop/GalacticalMap/GalacticalMap/Services/DeepSpaceNetwork.swift /Users/dogukanbeyzade/Desktop/GalacticalMap/GalacticalMap/Services/DSLRCameraControl.swift /Users/dogukanbeyzade/Desktop/GalacticalMap/GalacticalMap/Services/ExoplanetDetector.swift (in target 'GalacticalMap' from project 'GalacticalMap')
SwiftCompile normal arm64 /Users/dogukanbeyzade/Desktop/GalacticalMap/GalacticalMap/Models/SkyAnomaly.swift (in target 'GalacticalMap' from project 'GalacticalMap')
    cd /Users/dogukanbeyzade/Desktop/GalacticalMap
    

SwiftCompile normal arm64 /Users/dogukanbeyzade/Desktop/GalacticalMap/GalacticalMap/Models/Star.swift (in target 'GalacticalMap' from project 'GalacticalMap')
    cd /Users/dogukanbeyzade/Desktop/GalacticalMap
    

SwiftCompile normal arm64 /Users/dogukanbeyzade/Desktop/GalacticalMap/GalacticalMap/Services/AIStarRecognition.swift (in target 'GalacticalMap' from project 'GalacticalMap')
    cd /Users/dogukanbeyzade/Desktop/GalacticalMap
    
/Users/dogukanbeyzade/Desktop/GalacticalMap/GalacticalMap/Services/AIStarRecognition.swift:69:32: warning: conditional cast from 'AVCaptureDevice' to 'AVCaptureDevice' always succeeds
        if let device = device as? AVCaptureDevice {
                               ^
/Users/dogukanbeyzade/Desktop/GalacticalMap/GalacticalMap/Services/AIStarRecognition.swift:175:19: warning: value 'detector' was defined but never used; consider replacing with boolean test
        guard let detector = CIDetector(
              ~~~~^~~~~~~~~~~
              
/Users/dogukanbeyzade/Desktop/GalacticalMap/GalacticalMap/Services/AIStarRecognition.swift:307:13: warning: variable 'patterns' was never mutated; consider changing to 'let' constant
        var patterns: [DetectedPattern] = []
        ~~~ ^
        let
/Users/dogukanbeyzade/Desktop/GalacticalMap/GalacticalMap/Services/AIStarRecognition.swift:422:13: warning: initialization of immutable value 'components' was never used; consider replacing with assignment to '_' or removing it
        let components = calendar.dateComponents([.year, .month, .day, .hour, .minute, .second], from: time)
        ~~~~^~~~~~~~~~
        _

SwiftCompile normal arm64 /Users/dogukanbeyzade/Desktop/GalacticalMap/GalacticalMap/Services/DeepSpaceNetwork.swift (in target 'GalacticalMap' from project 'GalacticalMap')
    cd /Users/dogukanbeyzade/Desktop/GalacticalMap
    

SwiftCompile normal arm64 /Users/dogukanbeyzade/Desktop/GalacticalMap/GalacticalMap/Services/DSLRCameraControl.swift (in target 'GalacticalMap' from project 'GalacticalMap')
    cd /Users/dogukanbeyzade/Desktop/GalacticalMap
    

SwiftCompile normal arm64 /Users/dogukanbeyzade/Desktop/GalacticalMap/GalacticalMap/Services/ExoplanetDetector.swift (in target 'GalacticalMap' from project 'GalacticalMap')
    cd /Users/dogukanbeyzade/Desktop/GalacticalMap
    
/Users/dogukanbeyzade/Desktop/GalacticalMap/GalacticalMap/Services/ExoplanetDetector.swift:42:13: warning: initialization of immutable value 'stdFlux' was never used; consider replacing with assignment to '_' or removing it
        let stdFlux = sqrt(lightCurve.map { pow($0 - meanFlux, 2) }.reduce(0, +) / Double(lightCurve.count))
        ~~~~^~~~~~~
        _

SwiftDriverJobDiscovery normal x86_64 Emitting module for GalacticalMap (in target 'GalacticalMap' from project 'GalacticalMap')

SwiftDriver\ Compilation\ Requirements GalacticalMap normal x86_64 com.apple.xcode.tools.swift.compiler (in target 'GalacticalMap' from project 'GalacticalMap')
    cd /Users/dogukanbeyzade/Desktop/GalacticalMap
    builtin-Swift-Compilation-Requirements -- /Applications/Xcode.app/Contents/Developer/Toolchains/XcodeDefault.xctoolchain/usr/bin/swiftc -module-name GalacticalMap -Onone -enforce-exclusivity\=checked @/Users/dogukanbeyzade/Library/Developer/Xcode/DerivedData/GalacticalMap-bksnrvirapmzyedveygampkumrrs/Build/Intermediates.noindex/GalacticalMap.build/Debug-iphonesimulator/GalacticalMap.build/Objects-normal/x86_64/GalacticalMap.SwiftFileList -DDEBUG -default-isolation\=MainActor -enable-bare-slash-regex -enable-upcoming-feature DisableOutwardActorInference -enable-upcoming-feature InferSendableFromCaptures -enable-upcoming-feature GlobalActorIsolatedTypesUsability -enable-upcoming-feature MemberImportVisibility -enable-upcoming-feature InferIsolatedConformances -enable-upcoming-feature NonisolatedNonsendingByDefault -enable-experimental-feature DebugDescriptionMacro -sdk /Applications/Xcode.app/Contents/Developer/Platforms/iPhoneSimulator.platform/Developer/SDKs/iPhoneSimulator26.1.sdk -target x86_64-apple-ios18.0-simulator -g -module-cache-path /Users/dogukanbeyzade/Library/Developer/Xcode/DerivedData/ModuleCache.noindex -Xfrontend -serialize-debugging-options -enable-testing -index-store-path /Users/dogukanbeyzade/Library/Developer/Xcode/DerivedData/GalacticalMap-bksnrvirapmzyedveygampkumrrs/Index.noindex/DataStore -Xcc -D_LIBCPP_HARDENING_MODE\=_LIBCPP_HARDENING_MODE_DEBUG -swift-version 5 -I /Users/dogukanbeyzade/Library/Developer/Xcode/DerivedData/GalacticalMap-bksnrvirapmzyedveygampkumrrs/Build/Products/Debug-iphonesimulator -F /Users/dogukanbeyzade/Library/Developer/Xcode/DerivedData/GalacticalMap-bksnrvirapmzyedveygampkumrrs/Build/Products/Debug-iphonesimulator -emit-localized-strings -emit-localized-strings-path /Users/dogukanbeyzade/Library/Developer/Xcode/DerivedData/GalacticalMap-bksnrvirapmzyedveygampkumrrs/Build/Intermediates.noindex/GalacticalMap.build/Debug-iphonesimulator/GalacticalMap.build/Objects-normal/x86_64 -c -j10 -enable-batch-mode -incremental -Xcc -ivfsstatcache -Xcc /Users/dogukanbeyzade/Library/Developer/Xcode/DerivedData/SDKStatCaches.noindex/iphonesimulator26.1-23B77-90cf18a4295e390e64c810bc6bd7acbc.sdkstatcache -output-file-map /Users/dogukanbeyzade/Library/Developer/Xcode/DerivedData/GalacticalMap-bksnrvirapmzyedveygampkumrrs/Build/Intermediates.noindex/GalacticalMap.build/Debug-iphonesimulator/GalacticalMap.build/Objects-normal/x86_64/GalacticalMap-OutputFileMap.json -use-frontend-parseable-output -save-temps -no-color-diagnostics -explicit-module-build -module-cache-path /Users/dogukanbeyzade/Library/Developer/Xcode/DerivedData/GalacticalMap-bksnrvirapmzyedveygampkumrrs/Build/Intermediates.noindex/SwiftExplicitPrecompiledModules -clang-scanner-module-cache-path /Users/dogukanbeyzade/Library/Developer/Xcode/DerivedData/ModuleCache.noindex -sdk-module-cache-path /Users/dogukanbeyzade/Library/Developer/Xcode/DerivedData/ModuleCache.noindex -serialize-diagnostics -emit-dependencies -emit-module -emit-module-path /Users/dogukanbeyzade/Library/Developer/Xcode/DerivedData/GalacticalMap-bksnrvirapmzyedveygampkumrrs/Build/Intermediates.noindex/GalacticalMap.build/Debug-iphonesimulator/GalacticalMap.build/Objects-normal/x86_64/GalacticalMap.swiftmodule -validate-clang-modules-once -clang-build-session-file /Users/dogukanbeyzade/Library/Developer/Xcode/DerivedData/ModuleCache.noindex/Session.modulevalidation -Xcc -I/Users/dogukanbeyzade/Library/Developer/Xcode/DerivedData/GalacticalMap-bksnrvirapmzyedveygampkumrrs/Build/Intermediates.noindex/GalacticalMap.build/Debug-iphonesimulator/GalacticalMap.build/swift-overrides.hmap -emit-const-values -Xfrontend -const-gather-protocols-file -Xfrontend /Users/dogukanbeyzade/Library/Developer/Xcode/DerivedData/GalacticalMap-bksnrvirapmzyedveygampkumrrs/Build/Intermediates.noindex/GalacticalMap.build/Debug-iphonesimulator/GalacticalMap.build/Objects-normal/x86_64/GalacticalMap_const_extract_protocols.json -Xcc -iquote -Xcc /Users/dogukanbeyzade/Library/Developer/Xcode/DerivedData/GalacticalMap-bksnrvirapmzyedveygampkumrrs/Build/Intermediates.noindex/GalacticalMap.build/Debug-iphonesimulator/GalacticalMap.build/GalacticalMap-generated-files.hmap -Xcc -I/Users/dogukanbeyzade/Library/Developer/Xcode/DerivedData/GalacticalMap-bksnrvirapmzyedveygampkumrrs/Build/Intermediates.noindex/GalacticalMap.build/Debug-iphonesimulator/GalacticalMap.build/GalacticalMap-own-target-headers.hmap -Xcc -I/Users/dogukanbeyzade/Library/Developer/Xcode/DerivedData/GalacticalMap-bksnrvirapmzyedveygampkumrrs/Build/Intermediates.noindex/GalacticalMap.build/Debug-iphonesimulator/GalacticalMap.build/GalacticalMap-all-target-headers.hmap -Xcc -iquote -Xcc /Users/dogukanbeyzade/Library/Developer/Xcode/DerivedData/GalacticalMap-bksnrvirapmzyedveygampkumrrs/Build/Intermediates.noindex/GalacticalMap.build/Debug-iphonesimulator/GalacticalMap.build/GalacticalMap-project-headers.hmap -Xcc -I/Users/dogukanbeyzade/Library/Developer/Xcode/DerivedData/GalacticalMap-bksnrvirapmzyedveygampkumrrs/Build/Products/Debug-iphonesimulator/include -Xcc -I/Users/dogukanbeyzade/Library/Developer/Xcode/DerivedData/GalacticalMap-bksnrvirapmzyedveygampkumrrs/Build/Intermediates.noindex/GalacticalMap.build/Debug-iphonesimulator/GalacticalMap.build/DerivedSources-normal/x86_64 -Xcc -I/Users/dogukanbeyzade/Library/Developer/Xcode/DerivedData/GalacticalMap-bksnrvirapmzyedveygampkumrrs/Build/Intermediates.noindex/GalacticalMap.build/Debug-iphonesimulator/GalacticalMap.build/DerivedSources/x86_64 -Xcc -I/Users/dogukanbeyzade/Library/Developer/Xcode/DerivedData/GalacticalMap-bksnrvirapmzyedveygampkumrrs/Build/Intermediates.noindex/GalacticalMap.build/Debug-iphonesimulator/GalacticalMap.build/DerivedSources -Xcc -DDEBUG\=1 -emit-objc-header -emit-objc-header-path /Users/dogukanbeyzade/Library/Developer/Xcode/DerivedData/GalacticalMap-bksnrvirapmzyedveygampkumrrs/Build/Intermediates.noindex/GalacticalMap.build/Debug-iphonesimulator/GalacticalMap.build/Objects-normal/x86_64/GalacticalMap-Swift.h -working-directory /Users/dogukanbeyzade/Desktop/GalacticalMap -experimental-emit-module-separately -disable-cmo

SwiftDriverJobDiscovery normal x86_64 Compiling StreetViewInline.swift, AnomalyViewModel.swift, SatelliteViewModel.swift, StarMapViewModel.swift, AdvancedFavoritesView.swift, AnomaliesView.swift (in target 'GalacticalMap' from project 'GalacticalMap')

LinkAssetCatalog /Users/dogukanbeyzade/Desktop/GalacticalMap/GalacticalMap/Assets.xcassets (in target 'GalacticalMap' from project 'GalacticalMap')
    cd /Users/dogukanbeyzade/Desktop/GalacticalMap
    builtin-linkAssetCatalog --thinned /Users/dogukanbeyzade/Library/Developer/Xcode/DerivedData/GalacticalMap-bksnrvirapmzyedveygampkumrrs/Build/Intermediates.noindex/GalacticalMap.build/Debug-iphonesimulator/GalacticalMap.build/assetcatalog_output/thinned --thinned-dependencies /Users/dogukanbeyzade/Library/Developer/Xcode/DerivedData/GalacticalMap-bksnrvirapmzyedveygampkumrrs/Build/Intermediates.noindex/GalacticalMap.build/Debug-iphonesimulator/GalacticalMap.build/assetcatalog_dependencies_thinned --thinned-info-plist-content /Users/dogukanbeyzade/Library/Developer/Xcode/DerivedData/GalacticalMap-bksnrvirapmzyedveygampkumrrs/Build/Intermediates.noindex/GalacticalMap.build/Debug-iphonesimulator/GalacticalMap.build/assetcatalog_generated_info.plist_thinned --unthinned /Users/dogukanbeyzade/Library/Developer/Xcode/DerivedData/GalacticalMap-bksnrvirapmzyedveygampkumrrs/Build/Intermediates.noindex/GalacticalMap.build/Debug-iphonesimulator/GalacticalMap.build/assetcatalog_output/unthinned --unthinned-dependencies /Users/dogukanbeyzade/Library/Developer/Xcode/DerivedData/GalacticalMap-bksnrvirapmzyedveygampkumrrs/Build/Intermediates.noindex/GalacticalMap.build/Debug-iphonesimulator/GalacticalMap.build/assetcatalog_dependencies_unthinned --unthinned-info-plist-content /Users/dogukanbeyzade/Library/Developer/Xcode/DerivedData/GalacticalMap-bksnrvirapmzyedveygampkumrrs/Build/Intermediates.noindex/GalacticalMap.build/Debug-iphonesimulator/GalacticalMap.build/assetcatalog_generated_info.plist_unthinned --output /Users/dogukanbeyzade/Library/Developer/Xcode/DerivedData/GalacticalMap-bksnrvirapmzyedveygampkumrrs/Build/Products/Debug-iphonesimulator/GalacticalMap.app --plist-output /Users/dogukanbeyzade/Library/Developer/Xcode/DerivedData/GalacticalMap-bksnrvirapmzyedveygampkumrrs/Build/Intermediates.noindex/GalacticalMap.build/Debug-iphonesimulator/GalacticalMap.build/assetcatalog_generated_info.plist
note: Emplaced /Users/dogukanbeyzade/Library/Developer/Xcode/DerivedData/GalacticalMap-bksnrvirapmzyedveygampkumrrs/Build/Products/Debug-iphonesimulator/GalacticalMap.app/AppIcon76x76@2x~ipad.png (in target 'GalacticalMap' from project 'GalacticalMap')
note: Emplaced /Users/dogukanbeyzade/Library/Developer/Xcode/DerivedData/GalacticalMap-bksnrvirapmzyedveygampkumrrs/Build/Products/Debug-iphonesimulator/GalacticalMap.app/AppIcon60x60@2x.png (in target 'GalacticalMap' from project 'GalacticalMap')
note: Emplaced /Users/dogukanbeyzade/Library/Developer/Xcode/DerivedData/GalacticalMap-bksnrvirapmzyedveygampkumrrs/Build/Products/Debug-iphonesimulator/GalacticalMap.app/Assets.car (in target 'GalacticalMap' from project 'GalacticalMap')

SwiftCompile normal x86_64 Compiling\ RecordedVideosView.swift,\ SavedItemsView.swift,\ SkyObservationView.swift,\ SocialFeaturesView.swift,\ SolarActivityView.swift,\ SpaceStation3DTourView.swift /Users/dogukanbeyzade/Desktop/GalacticalMap/GalacticalMap/Views/RecordedVideosView.swift /Users/dogukanbeyzade/Desktop/GalacticalMap/GalacticalMap/Views/SavedItemsView.swift /Users/dogukanbeyzade/Desktop/GalacticalMap/GalacticalMap/Views/SkyObservationView.swift /Users/dogukanbeyzade/Desktop/GalacticalMap/GalacticalMap/Views/SocialFeaturesView.swift /Users/dogukanbeyzade/Desktop/GalacticalMap/GalacticalMap/Views/SolarActivityView.swift /Users/dogukanbeyzade/Desktop/GalacticalMap/GalacticalMap/Views/SpaceStation3DTourView.swift (in target 'GalacticalMap' from project 'GalacticalMap')

SwiftCompile normal x86_64 /Users/dogukanbeyzade/Desktop/GalacticalMap/GalacticalMap/Views/RecordedVideosView.swift (in target 'GalacticalMap' from project 'GalacticalMap')
    cd /Users/dogukanbeyzade/Desktop/GalacticalMap
    

SwiftCompile normal x86_64 /Users/dogukanbeyzade/Desktop/GalacticalMap/GalacticalMap/Views/SavedItemsView.swift (in target 'GalacticalMap' from project 'GalacticalMap')
    cd /Users/dogukanbeyzade/Desktop/GalacticalMap
    

SwiftCompile normal x86_64 /Users/dogukanbeyzade/Desktop/GalacticalMap/GalacticalMap/Views/SkyObservationView.swift (in target 'GalacticalMap' from project 'GalacticalMap')
    cd /Users/dogukanbeyzade/Desktop/GalacticalMap
    

SwiftCompile normal x86_64 /Users/dogukanbeyzade/Desktop/GalacticalMap/GalacticalMap/Views/SocialFeaturesView.swift (in target 'GalacticalMap' from project 'GalacticalMap')
    cd /Users/dogukanbeyzade/Desktop/GalacticalMap
    
/Users/dogukanbeyzade/Desktop/GalacticalMap/GalacticalMap/Views/SocialFeaturesView.swift:705:25: warning: initialization of immutable value 'nextLevelPoints' was never used; consider replacing with assignment to '_' or removing it
                    let nextLevelPoints = (stats.level + 1) * 100
                    ~~~~^~~~~~~~~~~~~~~
                    _

SwiftCompile normal x86_64 /Users/dogukanbeyzade/Desktop/GalacticalMap/GalacticalMap/Views/SolarActivityView.swift (in target 'GalacticalMap' from project 'GalacticalMap')
    cd /Users/dogukanbeyzade/Desktop/GalacticalMap
    

SwiftCompile normal x86_64 /Users/dogukanbeyzade/Desktop/GalacticalMap/GalacticalMap/Views/SpaceStation3DTourView.swift (in target 'GalacticalMap' from project 'GalacticalMap')
    cd /Users/dogukanbeyzade/Desktop/GalacticalMap
    

SwiftMergeGeneratedHeaders /Users/dogukanbeyzade/Library/Developer/Xcode/DerivedData/GalacticalMap-bksnrvirapmzyedveygampkumrrs/Build/Intermediates.noindex/GalacticalMap.build/Debug-iphonesimulator/GalacticalMap.build/DerivedSources/GalacticalMap-Swift.h /Users/dogukanbeyzade/Library/Developer/Xcode/DerivedData/GalacticalMap-bksnrvirapmzyedveygampkumrrs/Build/Intermediates.noindex/GalacticalMap.build/Debug-iphonesimulator/GalacticalMap.build/Objects-normal/arm64/GalacticalMap-Swift.h /Users/dogukanbeyzade/Library/Developer/Xcode/DerivedData/GalacticalMap-bksnrvirapmzyedveygampkumrrs/Build/Intermediates.noindex/GalacticalMap.build/Debug-iphonesimulator/GalacticalMap.build/Objects-normal/x86_64/GalacticalMap-Swift.h (in target 'GalacticalMap' from project 'GalacticalMap')
    cd /Users/dogukanbeyzade/Desktop/GalacticalMap
    builtin-swiftHeaderTool -arch arm64 /Users/dogukanbeyzade/Library/Developer/Xcode/DerivedData/GalacticalMap-bksnrvirapmzyedveygampkumrrs/Build/Intermediates.noindex/GalacticalMap.build/Debug-iphonesimulator/GalacticalMap.build/Objects-normal/arm64/GalacticalMap-Swift.h -arch x86_64 /Users/dogukanbeyzade/Library/Developer/Xcode/DerivedData/GalacticalMap-bksnrvirapmzyedveygampkumrrs/Build/Intermediates.noindex/GalacticalMap.build/Debug-iphonesimulator/GalacticalMap.build/Objects-normal/x86_64/GalacticalMap-Swift.h -o /Users/dogukanbeyzade/Library/Developer/Xcode/DerivedData/GalacticalMap-bksnrvirapmzyedveygampkumrrs/Build/Intermediates.noindex/GalacticalMap.build/Debug-iphonesimulator/GalacticalMap.build/DerivedSources/GalacticalMap-Swift.h

SwiftDriverJobDiscovery normal x86_64 Compiling FavoritesManager.swift, GravitationalWaveDetector.swift, LocationManager.swift, PersistenceManager.swift, RTKLocationManager.swift, SatellitePassPrediction.swift (in target 'GalacticalMap' from project 'GalacticalMap')

Copy /Users/dogukanbeyzade/Library/Developer/Xcode/DerivedData/GalacticalMap-bksnrvirapmzyedveygampkumrrs/Build/Products/Debug-iphonesimulator/GalacticalMap.swiftmodule/x86_64-apple-ios-simulator.swiftmodule /Users/dogukanbeyzade/Library/Developer/Xcode/DerivedData/GalacticalMap-bksnrvirapmzyedveygampkumrrs/Build/Intermediates.noindex/GalacticalMap.build/Debug-iphonesimulator/GalacticalMap.build/Objects-normal/x86_64/GalacticalMap.swiftmodule (in target 'GalacticalMap' from project 'GalacticalMap')
    cd /Users/dogukanbeyzade/Desktop/GalacticalMap
    builtin-copy -exclude .DS_Store -exclude CVS -exclude .svn -exclude .git -exclude .hg -resolve-src-symlinks -rename /Users/dogukanbeyzade/Library/Developer/Xcode/DerivedData/GalacticalMap-bksnrvirapmzyedveygampkumrrs/Build/Intermediates.noindex/GalacticalMap.build/Debug-iphonesimulator/GalacticalMap.build/Objects-normal/x86_64/GalacticalMap.swiftmodule /Users/dogukanbeyzade/Library/Developer/Xcode/DerivedData/GalacticalMap-bksnrvirapmzyedveygampkumrrs/Build/Products/Debug-iphonesimulator/GalacticalMap.swiftmodule/x86_64-apple-ios-simulator.swiftmodule

Copy /Users/dogukanbeyzade/Library/Developer/Xcode/DerivedData/GalacticalMap-bksnrvirapmzyedveygampkumrrs/Build/Products/Debug-iphonesimulator/GalacticalMap.swiftmodule/x86_64-apple-ios-simulator.swiftdoc /Users/dogukanbeyzade/Library/Developer/Xcode/DerivedData/GalacticalMap-bksnrvirapmzyedveygampkumrrs/Build/Intermediates.noindex/GalacticalMap.build/Debug-iphonesimulator/GalacticalMap.build/Objects-normal/x86_64/GalacticalMap.swiftdoc (in target 'GalacticalMap' from project 'GalacticalMap')
    cd /Users/dogukanbeyzade/Desktop/GalacticalMap
    builtin-copy -exclude .DS_Store -exclude CVS -exclude .svn -exclude .git -exclude .hg -resolve-src-symlinks -rename /Users/dogukanbeyzade/Library/Developer/Xcode/DerivedData/GalacticalMap-bksnrvirapmzyedveygampkumrrs/Build/Intermediates.noindex/GalacticalMap.build/Debug-iphonesimulator/GalacticalMap.build/Objects-normal/x86_64/GalacticalMap.swiftdoc /Users/dogukanbeyzade/Library/Developer/Xcode/DerivedData/GalacticalMap-bksnrvirapmzyedveygampkumrrs/Build/Products/Debug-iphonesimulator/GalacticalMap.swiftmodule/x86_64-apple-ios-simulator.swiftdoc

Copy /Users/dogukanbeyzade/Library/Developer/Xcode/DerivedData/GalacticalMap-bksnrvirapmzyedveygampkumrrs/Build/Products/Debug-iphonesimulator/GalacticalMap.swiftmodule/x86_64-apple-ios-simulator.abi.json /Users/dogukanbeyzade/Library/Developer/Xcode/DerivedData/GalacticalMap-bksnrvirapmzyedveygampkumrrs/Build/Intermediates.noindex/GalacticalMap.build/Debug-iphonesimulator/GalacticalMap.build/Objects-normal/x86_64/GalacticalMap.abi.json (in target 'GalacticalMap' from project 'GalacticalMap')
    cd /Users/dogukanbeyzade/Desktop/GalacticalMap
    builtin-copy -exclude .DS_Store -exclude CVS -exclude .svn -exclude .git -exclude .hg -resolve-src-symlinks -rename /Users/dogukanbeyzade/Library/Developer/Xcode/DerivedData/GalacticalMap-bksnrvirapmzyedveygampkumrrs/Build/Intermediates.noindex/GalacticalMap.build/Debug-iphonesimulator/GalacticalMap.build/Objects-normal/x86_64/GalacticalMap.abi.json /Users/dogukanbeyzade/Library/Developer/Xcode/DerivedData/GalacticalMap-bksnrvirapmzyedveygampkumrrs/Build/Products/Debug-iphonesimulator/GalacticalMap.swiftmodule/x86_64-apple-ios-simulator.abi.json

Copy /Users/dogukanbeyzade/Library/Developer/Xcode/DerivedData/GalacticalMap-bksnrvirapmzyedveygampkumrrs/Build/Products/Debug-iphonesimulator/GalacticalMap.swiftmodule/Project/x86_64-apple-ios-simulator.swiftsourceinfo /Users/dogukanbeyzade/Library/Developer/Xcode/DerivedData/GalacticalMap-bksnrvirapmzyedveygampkumrrs/Build/Intermediates.noindex/GalacticalMap.build/Debug-iphonesimulator/GalacticalMap.build/Objects-normal/x86_64/GalacticalMap.swiftsourceinfo (in target 'GalacticalMap' from project 'GalacticalMap')
    cd /Users/dogukanbeyzade/Desktop/GalacticalMap
    builtin-copy -exclude .DS_Store -exclude CVS -exclude .svn -exclude .git -exclude .hg -resolve-src-symlinks -rename /Users/dogukanbeyzade/Library/Developer/Xcode/DerivedData/GalacticalMap-bksnrvirapmzyedveygampkumrrs/Build/Intermediates.noindex/GalacticalMap.build/Debug-iphonesimulator/GalacticalMap.build/Objects-normal/x86_64/GalacticalMap.swiftsourceinfo /Users/dogukanbeyzade/Library/Developer/Xcode/DerivedData/GalacticalMap-bksnrvirapmzyedveygampkumrrs/Build/Products/Debug-iphonesimulator/GalacticalMap.swiftmodule/Project/x86_64-apple-ios-simulator.swiftsourceinfo

ProcessInfoPlistFile /Users/dogukanbeyzade/Library/Developer/Xcode/DerivedData/GalacticalMap-bksnrvirapmzyedveygampkumrrs/Build/Products/Debug-iphonesimulator/GalacticalMap.app/Info.plist /Users/dogukanbeyzade/Desktop/GalacticalMap/GalacticalMap/Info.plist (in target 'GalacticalMap' from project 'GalacticalMap')
    cd /Users/dogukanbeyzade/Desktop/GalacticalMap
    builtin-infoPlistUtility /Users/dogukanbeyzade/Desktop/GalacticalMap/GalacticalMap/Info.plist -producttype com.apple.product-type.application -genpkginfo /Users/dogukanbeyzade/Library/Developer/Xcode/DerivedData/GalacticalMap-bksnrvirapmzyedveygampkumrrs/Build/Products/Debug-iphonesimulator/GalacticalMap.app/PkgInfo -expandbuildsettings -format binary -platform iphonesimulator -additionalcontentfile /Users/dogukanbeyzade/Library/Developer/Xcode/DerivedData/GalacticalMap-bksnrvirapmzyedveygampkumrrs/Build/Intermediates.noindex/GalacticalMap.build/Debug-iphonesimulator/GalacticalMap.build/assetcatalog_generated_info.plist -o /Users/dogukanbeyzade/Library/Developer/Xcode/DerivedData/GalacticalMap-bksnrvirapmzyedveygampkumrrs/Build/Products/Debug-iphonesimulator/GalacticalMap.app/Info.plist

SwiftCompile normal arm64 Compiling\ MoonPhasesView.swift,\ NASAVisibleEarthView.swift,\ OrbitalMechanicsView.swift,\ OrbitSimulatorView.swift,\ RadioAstronomyView.swift,\ RealTime3DSkyView.swift /Users/dogukanbeyzade/Desktop/GalacticalMap/GalacticalMap/Views/MoonPhasesView.swift /Users/dogukanbeyzade/Desktop/GalacticalMap/GalacticalMap/Views/NASAVisibleEarthView.swift /Users/dogukanbeyzade/Desktop/GalacticalMap/GalacticalMap/Views/OrbitalMechanicsView.swift /Users/dogukanbeyzade/Desktop/GalacticalMap/GalacticalMap/Views/OrbitSimulatorView.swift /Users/dogukanbeyzade/Desktop/GalacticalMap/GalacticalMap/Views/RadioAstronomyView.swift /Users/dogukanbeyzade/Desktop/GalacticalMap/GalacticalMap/Views/RealTime3DSkyView.swift (in target 'GalacticalMap' from project 'GalacticalMap')

SwiftCompile normal arm64 /Users/dogukanbeyzade/Desktop/GalacticalMap/GalacticalMap/Views/MoonPhasesView.swift (in target 'GalacticalMap' from project 'GalacticalMap')
    cd /Users/dogukanbeyzade/Desktop/GalacticalMap
    

SwiftCompile normal arm64 /Users/dogukanbeyzade/Desktop/GalacticalMap/GalacticalMap/Views/NASAVisibleEarthView.swift (in target 'GalacticalMap' from project 'GalacticalMap')
    cd /Users/dogukanbeyzade/Desktop/GalacticalMap
    

SwiftCompile normal arm64 /Users/dogukanbeyzade/Desktop/GalacticalMap/GalacticalMap/Views/OrbitalMechanicsView.swift (in target 'GalacticalMap' from project 'GalacticalMap')
    cd /Users/dogukanbeyzade/Desktop/GalacticalMap
    
/Users/dogukanbeyzade/Desktop/GalacticalMap/GalacticalMap/Views/OrbitalMechanicsView.swift:68:13: warning: initialization of immutable value 'earthOrbitalPeriod' was never used; consider replacing with assignment to '_' or removing it
        let earthOrbitalPeriod = 365.25 * 86400.0 // seconds
        ~~~~^~~~~~~~~~~~~~~~~~
        _
/Users/dogukanbeyzade/Desktop/GalacticalMap/GalacticalMap/Views/OrbitalMechanicsView.swift:82:13: warning: variable 'currentDate' was never mutated; consider changing to 'let' constant
        var currentDate = date
        ~~~ ^
        let
/Users/dogukanbeyzade/Desktop/GalacticalMap/GalacticalMap/Views/OrbitalMechanicsView.swift:167:13: warning: initialization of immutable value 'vp' was never used; consider replacing with assignment to '_' or removing it
        let vp = sqrt(incomingVelocity * incomingVelocity + 2 * mu / rp)
        ~~~~^~
        _

SwiftCompile normal arm64 /Users/dogukanbeyzade/Desktop/GalacticalMap/GalacticalMap/Views/OrbitSimulatorView.swift (in target 'GalacticalMap' from project 'GalacticalMap')
    cd /Users/dogukanbeyzade/Desktop/GalacticalMap
    

SwiftCompile normal arm64 /Users/dogukanbeyzade/Desktop/GalacticalMap/GalacticalMap/Views/RadioAstronomyView.swift (in target 'GalacticalMap' from project 'GalacticalMap')
    cd /Users/dogukanbeyzade/Desktop/GalacticalMap
    

SwiftCompile normal arm64 /Users/dogukanbeyzade/Desktop/GalacticalMap/GalacticalMap/Views/RealTime3DSkyView.swift (in target 'GalacticalMap' from project 'GalacticalMap')
    cd /Users/dogukanbeyzade/Desktop/GalacticalMap
    

SwiftCompile normal arm64 Compiling\ EarthEyesView.swift,\ MainTabView.swift,\ ISSLiveView.swift,\ CommonTypes.swift,\ FavoriteItem.swift,\ Satellite.swift /Users/dogukanbeyzade/Desktop/GalacticalMap/GalacticalMap/GalacticalMap/GalacticalMap/GalacticalMap/GalacticalMap/GalacticalMap/GalacticalMap/Views/EarthEyesView.swift /Users/dogukanbeyzade/Desktop/GalacticalMap/GalacticalMap/GalacticalMap/GalacticalMap/Views/MainTabView.swift /Users/dogukanbeyzade/Desktop/GalacticalMap/GalacticalMap/GalacticalMap/Views/ISSLiveView.swift /Users/dogukanbeyzade/Desktop/GalacticalMap/GalacticalMap/Models/CommonTypes.swift /Users/dogukanbeyzade/Desktop/GalacticalMap/GalacticalMap/Models/FavoriteItem.swift /Users/dogukanbeyzade/Desktop/GalacticalMap/GalacticalMap/Models/Satellite.swift (in target 'GalacticalMap' from project 'GalacticalMap')

SwiftCompile normal arm64 /Users/dogukanbeyzade/Desktop/GalacticalMap/GalacticalMap/GalacticalMap/GalacticalMap/GalacticalMap/GalacticalMap/GalacticalMap/GalacticalMap/Views/EarthEyesView.swift (in target 'GalacticalMap' from project 'GalacticalMap')
    cd /Users/dogukanbeyzade/Desktop/GalacticalMap
    
/Users/dogukanbeyzade/Desktop/GalacticalMap/GalacticalMap/GalacticalMap/GalacticalMap/GalacticalMap/GalacticalMap/GalacticalMap/GalacticalMap/Views/EarthEyesView.swift:42:17: warning: 'init(coordinateRegion:interactionModes:showsUserLocation:userTrackingMode:annotationItems:annotationContent:)' was deprecated in iOS 17.0: Use Map initializers that take a MapContentBuilder instead.
                Map(coordinateRegion: $region, annotationItems: annotations) { item in
                ^
/Users/dogukanbeyzade/Desktop/GalacticalMap/GalacticalMap/GalacticalMap/GalacticalMap/GalacticalMap/GalacticalMap/GalacticalMap/GalacticalMap/Views/EarthEyesView.swift:43:21: warning: 'MapAnnotation' was deprecated in iOS 17.0: Use Annotation along with Map initializers that take a MapContentBuilder instead.
                    MapAnnotation(coordinate: item.coordinate) {
                    ^
/Users/dogukanbeyzade/Desktop/GalacticalMap/GalacticalMap/GalacticalMap/GalacticalMap/GalacticalMap/GalacticalMap/GalacticalMap/GalacticalMap/Views/EarthEyesView.swift:358:28: warning: 'javaScriptEnabled' was deprecated in iOS 14.0: Use WKWebpagePreferences.allowsContentJavaScript to disable content JavaScript on a per-navigation basis
        config.preferences.javaScriptEnabled = true
                           ^

SwiftCompile normal arm64 /Users/dogukanbeyzade/Desktop/GalacticalMap/GalacticalMap/GalacticalMap/GalacticalMap/Views/MainTabView.swift (in target 'GalacticalMap' from project 'GalacticalMap')
    cd /Users/dogukanbeyzade/Desktop/GalacticalMap
    

SwiftCompile normal arm64 /Users/dogukanbeyzade/Desktop/GalacticalMap/GalacticalMap/GalacticalMap/Views/ISSLiveView.swift (in target 'GalacticalMap' from project 'GalacticalMap')
    cd /Users/dogukanbeyzade/Desktop/GalacticalMap
    

SwiftCompile normal arm64 /Users/dogukanbeyzade/Desktop/GalacticalMap/GalacticalMap/Models/CommonTypes.swift (in target 'GalacticalMap' from project 'GalacticalMap')
    cd /Users/dogukanbeyzade/Desktop/GalacticalMap
    

SwiftCompile normal arm64 /Users/dogukanbeyzade/Desktop/GalacticalMap/GalacticalMap/Models/FavoriteItem.swift (in target 'GalacticalMap' from project 'GalacticalMap')
    cd /Users/dogukanbeyzade/Desktop/GalacticalMap
    

SwiftCompile normal arm64 /Users/dogukanbeyzade/Desktop/GalacticalMap/GalacticalMap/Models/Satellite.swift (in target 'GalacticalMap' from project 'GalacticalMap')
    cd /Users/dogukanbeyzade/Desktop/GalacticalMap
    

SwiftDriverJobDiscovery normal x86_64 Compiling StarMapView.swift, StartupVideoView.swift, SupernovaAlertView.swift, ContentView.swift, GalacticalMapApp.swift, GeneratedAssetSymbols.swift (in target 'GalacticalMap' from project 'GalacticalMap')

SwiftCompile normal arm64 Compiling\ RecordedVideosView.swift,\ SavedItemsView.swift,\ SkyObservationView.swift,\ SocialFeaturesView.swift,\ SolarActivityView.swift,\ SpaceStation3DTourView.swift /Users/dogukanbeyzade/Desktop/GalacticalMap/GalacticalMap/Views/RecordedVideosView.swift /Users/dogukanbeyzade/Desktop/GalacticalMap/GalacticalMap/Views/SavedItemsView.swift /Users/dogukanbeyzade/Desktop/GalacticalMap/GalacticalMap/Views/SkyObservationView.swift /Users/dogukanbeyzade/Desktop/GalacticalMap/GalacticalMap/Views/SocialFeaturesView.swift /Users/dogukanbeyzade/Desktop/GalacticalMap/GalacticalMap/Views/SolarActivityView.swift /Users/dogukanbeyzade/Desktop/GalacticalMap/GalacticalMap/Views/SpaceStation3DTourView.swift (in target 'GalacticalMap' from project 'GalacticalMap')

SwiftCompile normal arm64 /Users/dogukanbeyzade/Desktop/GalacticalMap/GalacticalMap/Views/RecordedVideosView.swift (in target 'GalacticalMap' from project 'GalacticalMap')
    cd /Users/dogukanbeyzade/Desktop/GalacticalMap
    

SwiftCompile normal arm64 /Users/dogukanbeyzade/Desktop/GalacticalMap/GalacticalMap/Views/SavedItemsView.swift (in target 'GalacticalMap' from project 'GalacticalMap')
    cd /Users/dogukanbeyzade/Desktop/GalacticalMap
    

SwiftCompile normal arm64 /Users/dogukanbeyzade/Desktop/GalacticalMap/GalacticalMap/Views/SkyObservationView.swift (in target 'GalacticalMap' from project 'GalacticalMap')
    cd /Users/dogukanbeyzade/Desktop/GalacticalMap
    

SwiftCompile normal arm64 /Users/dogukanbeyzade/Desktop/GalacticalMap/GalacticalMap/Views/SocialFeaturesView.swift (in target 'GalacticalMap' from project 'GalacticalMap')
    cd /Users/dogukanbeyzade/Desktop/GalacticalMap
    
/Users/dogukanbeyzade/Desktop/GalacticalMap/GalacticalMap/Views/SocialFeaturesView.swift:705:25: warning: initialization of immutable value 'nextLevelPoints' was never used; consider replacing with assignment to '_' or removing it
                    let nextLevelPoints = (stats.level + 1) * 100
                    ~~~~^~~~~~~~~~~~~~~
                    _

SwiftCompile normal arm64 /Users/dogukanbeyzade/Desktop/GalacticalMap/GalacticalMap/Views/SolarActivityView.swift (in target 'GalacticalMap' from project 'GalacticalMap')
    cd /Users/dogukanbeyzade/Desktop/GalacticalMap
    

SwiftCompile normal arm64 /Users/dogukanbeyzade/Desktop/GalacticalMap/GalacticalMap/Views/SpaceStation3DTourView.swift (in target 'GalacticalMap' from project 'GalacticalMap')
    cd /Users/dogukanbeyzade/Desktop/GalacticalMap
    

SwiftDriverJobDiscovery normal x86_64 Compiling MoonPhasesView.swift, NASAVisibleEarthView.swift, OrbitalMechanicsView.swift, OrbitSimulatorView.swift, RadioAstronomyView.swift, RealTime3DSkyView.swift (in target 'GalacticalMap' from project 'GalacticalMap')

SwiftDriverJobDiscovery normal x86_64 Compiling SatelliteService.swift, SmartAlarmSystem.swift, SpectroscopyAnalyzer.swift, TelescopeConnection.swift, AnimationHelpers.swift, FavoriteButton.swift (in target 'GalacticalMap' from project 'GalacticalMap')

SwiftCompile normal arm64 Compiling\ FavoritesManager.swift,\ GravitationalWaveDetector.swift,\ LocationManager.swift,\ PersistenceManager.swift,\ RTKLocationManager.swift,\ SatellitePassPrediction.swift /Users/dogukanbeyzade/Desktop/GalacticalMap/GalacticalMap/Services/FavoritesManager.swift /Users/dogukanbeyzade/Desktop/GalacticalMap/GalacticalMap/Services/GravitationalWaveDetector.swift /Users/dogukanbeyzade/Desktop/GalacticalMap/GalacticalMap/Services/LocationManager.swift /Users/dogukanbeyzade/Desktop/GalacticalMap/GalacticalMap/Services/PersistenceManager.swift /Users/dogukanbeyzade/Desktop/GalacticalMap/GalacticalMap/Services/RTKLocationManager.swift /Users/dogukanbeyzade/Desktop/GalacticalMap/GalacticalMap/Services/SatellitePassPrediction.swift (in target 'GalacticalMap' from project 'GalacticalMap')

SwiftCompile normal arm64 /Users/dogukanbeyzade/Desktop/GalacticalMap/GalacticalMap/Services/FavoritesManager.swift (in target 'GalacticalMap' from project 'GalacticalMap')
    cd /Users/dogukanbeyzade/Desktop/GalacticalMap
    
/Users/dogukanbeyzade/Desktop/GalacticalMap/GalacticalMap/Services/FavoritesManager.swift:43:13: warning: variable 'newItem' was never mutated; consider changing to 'let' constant
        var newItem = item
        ~~~ ^
        let

SwiftCompile normal arm64 /Users/dogukanbeyzade/Desktop/GalacticalMap/GalacticalMap/Services/GravitationalWaveDetector.swift (in target 'GalacticalMap' from project 'GalacticalMap')
    cd /Users/dogukanbeyzade/Desktop/GalacticalMap
    
/Users/dogukanbeyzade/Desktop/GalacticalMap/GalacticalMap/Services/GravitationalWaveDetector.swift:120:17: warning: initialization of immutable value 'f' was never used; consider replacing with assignment to '_' or removing it
            let f = chirpFrequency(tau: tau, chirpMass: chirpMass)
            ~~~~^
            _

SwiftCompile normal arm64 /Users/dogukanbeyzade/Desktop/GalacticalMap/GalacticalMap/Services/LocationManager.swift (in target 'GalacticalMap' from project 'GalacticalMap')
    cd /Users/dogukanbeyzade/Desktop/GalacticalMap
    

SwiftCompile normal arm64 /Users/dogukanbeyzade/Desktop/GalacticalMap/GalacticalMap/Services/PersistenceManager.swift (in target 'GalacticalMap' from project 'GalacticalMap')
    cd /Users/dogukanbeyzade/Desktop/GalacticalMap
    

SwiftCompile normal arm64 /Users/dogukanbeyzade/Desktop/GalacticalMap/GalacticalMap/Services/RTKLocationManager.swift (in target 'GalacticalMap' from project 'GalacticalMap')
    cd /Users/dogukanbeyzade/Desktop/GalacticalMap
    

SwiftCompile normal arm64 /Users/dogukanbeyzade/Desktop/GalacticalMap/GalacticalMap/Services/SatellitePassPrediction.swift (in target 'GalacticalMap' from project 'GalacticalMap')
    cd /Users/dogukanbeyzade/Desktop/GalacticalMap
    

SwiftCompile normal arm64 Compiling\ ARSkyView.swift,\ AsteroidTrackerView.swift,\ EarthEyesFix.swift,\ HomeDashboardView.swift,\ ISS3DUserCodeView.swift,\ ISSUserCodeView.swift /Users/dogukanbeyzade/Desktop/GalacticalMap/GalacticalMap/Views/ARSkyView.swift /Users/dogukanbeyzade/Desktop/GalacticalMap/GalacticalMap/Views/AsteroidTrackerView.swift /Users/dogukanbeyzade/Desktop/GalacticalMap/GalacticalMap/Views/EarthEyesFix.swift /Users/dogukanbeyzade/Desktop/GalacticalMap/GalacticalMap/Views/HomeDashboardView.swift /Users/dogukanbeyzade/Desktop/GalacticalMap/GalacticalMap/Views/ISS3DUserCodeView.swift /Users/dogukanbeyzade/Desktop/GalacticalMap/GalacticalMap/Views/ISSUserCodeView.swift (in target 'GalacticalMap' from project 'GalacticalMap')

SwiftCompile normal arm64 /Users/dogukanbeyzade/Desktop/GalacticalMap/GalacticalMap/Views/ARSkyView.swift (in target 'GalacticalMap' from project 'GalacticalMap')
    cd /Users/dogukanbeyzade/Desktop/GalacticalMap
    
/Users/dogukanbeyzade/Desktop/GalacticalMap/GalacticalMap/Views/ARSkyView.swift:167:29: warning: 'hitTest(_:types:)' was deprecated in iOS 14.0: Use [ARSCNView raycastQueryFromPoint:allowingTarget:alignment]
            let results = v.hitTest(p, types: [.featurePoint])
                            ^

SwiftCompile normal arm64 /Users/dogukanbeyzade/Desktop/GalacticalMap/GalacticalMap/Views/AsteroidTrackerView.swift (in target 'GalacticalMap' from project 'GalacticalMap')
    cd /Users/dogukanbeyzade/Desktop/GalacticalMap
    

SwiftCompile normal arm64 /Users/dogukanbeyzade/Desktop/GalacticalMap/GalacticalMap/Views/EarthEyesFix.swift (in target 'GalacticalMap' from project 'GalacticalMap')
    cd /Users/dogukanbeyzade/Desktop/GalacticalMap
    
/Users/dogukanbeyzade/Desktop/GalacticalMap/GalacticalMap/Views/EarthEyesFix.swift:40:17: warning: 'init(coordinateRegion:interactionModes:showsUserLocation:userTrackingMode:annotationItems:annotationContent:)' was deprecated in iOS 17.0: Use Map initializers that take a MapContentBuilder instead.
                Map(coordinateRegion: $region, annotationItems: annotations) { item in
                ^
/Users/dogukanbeyzade/Desktop/GalacticalMap/GalacticalMap/Views/EarthEyesFix.swift:41:21: warning: 'MapAnnotation' was deprecated in iOS 17.0: Use Annotation along with Map initializers that take a MapContentBuilder instead.
                    MapAnnotation(coordinate: item.coordinate) {
                    ^
/Users/dogukanbeyzade/Desktop/GalacticalMap/GalacticalMap/Views/EarthEyesFix.swift:307:28: warning: 'javaScriptEnabled' was deprecated in iOS 14.0: Use WKWebpagePreferences.allowsContentJavaScript to disable content JavaScript on a per-navigation basis
        config.preferences.javaScriptEnabled = true
                           ^

SwiftCompile normal arm64 /Users/dogukanbeyzade/Desktop/GalacticalMap/GalacticalMap/Views/HomeDashboardView.swift (in target 'GalacticalMap' from project 'GalacticalMap')
    cd /Users/dogukanbeyzade/Desktop/GalacticalMap
    

SwiftCompile normal arm64 /Users/dogukanbeyzade/Desktop/GalacticalMap/GalacticalMap/Views/ISS3DUserCodeView.swift (in target 'GalacticalMap' from project 'GalacticalMap')
    cd /Users/dogukanbeyzade/Desktop/GalacticalMap
    

SwiftCompile normal arm64 /Users/dogukanbeyzade/Desktop/GalacticalMap/GalacticalMap/Views/ISSUserCodeView.swift (in target 'GalacticalMap' from project 'GalacticalMap')
    cd /Users/dogukanbeyzade/Desktop/GalacticalMap
    

SwiftDriverJobDiscovery normal arm64 Compiling StreetViewInline.swift, AnomalyViewModel.swift, SatelliteViewModel.swift, StarMapViewModel.swift, AdvancedFavoritesView.swift, AnomaliesView.swift (in target 'GalacticalMap' from project 'GalacticalMap')

SwiftCompile normal arm64 Compiling\ StarMapView.swift,\ StartupVideoView.swift,\ SupernovaAlertView.swift,\ ContentView.swift,\ GalacticalMapApp.swift,\ GeneratedAssetSymbols.swift /Users/dogukanbeyzade/Desktop/GalacticalMap/GalacticalMap/Views/StarMapView.swift /Users/dogukanbeyzade/Desktop/GalacticalMap/GalacticalMap/Views/StartupVideoView.swift /Users/dogukanbeyzade/Desktop/GalacticalMap/GalacticalMap/Views/SupernovaAlertView.swift /Users/dogukanbeyzade/Desktop/GalacticalMap/GalacticalMap/ContentView.swift /Users/dogukanbeyzade/Desktop/GalacticalMap/GalacticalMap/GalacticalMapApp.swift /Users/dogukanbeyzade/Library/Developer/Xcode/DerivedData/GalacticalMap-bksnrvirapmzyedveygampkumrrs/Build/Intermediates.noindex/GalacticalMap.build/Debug-iphonesimulator/GalacticalMap.build/DerivedSources/GeneratedAssetSymbols.swift (in target 'GalacticalMap' from project 'GalacticalMap')

SwiftCompile normal arm64 /Users/dogukanbeyzade/Desktop/GalacticalMap/GalacticalMap/Views/StarMapView.swift (in target 'GalacticalMap' from project 'GalacticalMap')
    cd /Users/dogukanbeyzade/Desktop/GalacticalMap
    

SwiftCompile normal arm64 /Users/dogukanbeyzade/Desktop/GalacticalMap/GalacticalMap/Views/StartupVideoView.swift (in target 'GalacticalMap' from project 'GalacticalMap')
    cd /Users/dogukanbeyzade/Desktop/GalacticalMap
    

SwiftCompile normal arm64 /Users/dogukanbeyzade/Desktop/GalacticalMap/GalacticalMap/Views/SupernovaAlertView.swift (in target 'GalacticalMap' from project 'GalacticalMap')
    cd /Users/dogukanbeyzade/Desktop/GalacticalMap
    

SwiftCompile normal arm64 /Users/dogukanbeyzade/Desktop/GalacticalMap/GalacticalMap/ContentView.swift (in target 'GalacticalMap' from project 'GalacticalMap')
    cd /Users/dogukanbeyzade/Desktop/GalacticalMap
    

SwiftCompile normal arm64 /Users/dogukanbeyzade/Desktop/GalacticalMap/GalacticalMap/GalacticalMapApp.swift (in target 'GalacticalMap' from project 'GalacticalMap')
    cd /Users/dogukanbeyzade/Desktop/GalacticalMap
    

SwiftCompile normal arm64 /Users/dogukanbeyzade/Library/Developer/Xcode/DerivedData/GalacticalMap-bksnrvirapmzyedveygampkumrrs/Build/Intermediates.noindex/GalacticalMap.build/Debug-iphonesimulator/GalacticalMap.build/DerivedSources/GeneratedAssetSymbols.swift (in target 'GalacticalMap' from project 'GalacticalMap')
    cd /Users/dogukanbeyzade/Desktop/GalacticalMap
    

SwiftDriverJobDiscovery normal arm64 Compiling EarthEyesView.swift, MainTabView.swift, ISSLiveView.swift, CommonTypes.swift, FavoriteItem.swift, Satellite.swift (in target 'GalacticalMap' from project 'GalacticalMap')

SwiftCompile normal arm64 Compiling\ ISSWebEmbedView.swift,\ LiveSatelliteView.swift,\ LiveStreamView.swift,\ MarsRoverView.swift,\ MeteorShowerView.swift,\ MissionControlView.swift /Users/dogukanbeyzade/Desktop/GalacticalMap/GalacticalMap/Views/ISSWebEmbedView.swift /Users/dogukanbeyzade/Desktop/GalacticalMap/GalacticalMap/Views/LiveSatelliteView.swift /Users/dogukanbeyzade/Desktop/GalacticalMap/GalacticalMap/Views/LiveStreamView.swift /Users/dogukanbeyzade/Desktop/GalacticalMap/GalacticalMap/Views/MarsRoverView.swift /Users/dogukanbeyzade/Desktop/GalacticalMap/GalacticalMap/Views/MeteorShowerView.swift /Users/dogukanbeyzade/Desktop/GalacticalMap/GalacticalMap/Views/MissionControlView.swift (in target 'GalacticalMap' from project 'GalacticalMap')
SwiftCompile normal arm64 /Users/dogukanbeyzade/Desktop/GalacticalMap/GalacticalMap/Views/ISSWebEmbedView.swift (in target 'GalacticalMap' from project 'GalacticalMap')
    cd /Users/dogukanbeyzade/Desktop/GalacticalMap
    

SwiftCompile normal arm64 /Users/dogukanbeyzade/Desktop/GalacticalMap/GalacticalMap/Views/LiveSatelliteView.swift (in target 'GalacticalMap' from project 'GalacticalMap')
    cd /Users/dogukanbeyzade/Desktop/GalacticalMap
    
/Users/dogukanbeyzade/Desktop/GalacticalMap/GalacticalMap/Views/LiveSatelliteView.swift:27:17: warning: 'init(coordinateRegion:interactionModes:showsUserLocation:userTrackingMode:annotationItems:annotationContent:)' was deprecated in iOS 17.0: Use Map initializers that take a MapContentBuilder instead.
                Map(coordinateRegion: $region, annotationItems: viewModel.filteredSatellites) { satellite in
                ^
/Users/dogukanbeyzade/Desktop/GalacticalMap/GalacticalMap/Views/LiveSatelliteView.swift:28:21: warning: 'MapAnnotation' was deprecated in iOS 17.0: Use Annotation along with Map initializers that take a MapContentBuilder instead.
                    MapAnnotation(coordinate: satellite.coordinate) {
                    ^

SwiftCompile normal arm64 /Users/dogukanbeyzade/Desktop/GalacticalMap/GalacticalMap/Views/LiveStreamView.swift (in target 'GalacticalMap' from project 'GalacticalMap')
    cd /Users/dogukanbeyzade/Desktop/GalacticalMap
    
/Users/dogukanbeyzade/Desktop/GalacticalMap/GalacticalMap/Views/LiveStreamView.swift:454:13: warning: 'init(coordinateRegion:interactionModes:showsUserLocation:userTrackingMode:annotationItems:annotationContent:)' was deprecated in iOS 17.0: Use Map initializers that take a MapContentBuilder instead.
            Map(coordinateRegion: $region, annotationItems: [ISSPoint(coord: issCoordinate)]) { item in
            ^
/Users/dogukanbeyzade/Desktop/GalacticalMap/GalacticalMap/Views/LiveStreamView.swift:455:17: warning: 'MapAnnotation' was deprecated in iOS 17.0: Use Annotation along with Map initializers that take a MapContentBuilder instead.
                MapAnnotation(coordinate: item.coord) {
                ^
/Users/dogukanbeyzade/Desktop/GalacticalMap/GalacticalMap/Views/LiveStreamView.swift:647:45: warning: 'copyCGImage(at:actualTime:)' was deprecated in iOS 18.0: Use generateCGImageAsynchronouslyForTime:completionHandler: instead
            if let cgImage = try? generator.copyCGImage(at: time, actualTime: nil) {
                                            ^

SwiftCompile normal arm64 /Users/dogukanbeyzade/Desktop/GalacticalMap/GalacticalMap/Views/MarsRoverView.swift (in target 'GalacticalMap' from project 'GalacticalMap')
    cd /Users/dogukanbeyzade/Desktop/GalacticalMap
    

SwiftCompile normal arm64 /Users/dogukanbeyzade/Desktop/GalacticalMap/GalacticalMap/Views/MeteorShowerView.swift (in target 'GalacticalMap' from project 'GalacticalMap')
    cd /Users/dogukanbeyzade/Desktop/GalacticalMap
    

SwiftCompile normal arm64 /Users/dogukanbeyzade/Desktop/GalacticalMap/GalacticalMap/Views/MissionControlView.swift (in target 'GalacticalMap' from project 'GalacticalMap')
    cd /Users/dogukanbeyzade/Desktop/GalacticalMap
    

SwiftDriverJobDiscovery normal x86_64 Compiling RecordedVideosView.swift, SavedItemsView.swift, SkyObservationView.swift, SocialFeaturesView.swift, SolarActivityView.swift, SpaceStation3DTourView.swift (in target 'GalacticalMap' from project 'GalacticalMap')

SwiftDriverJobDiscovery normal arm64 Compiling SatelliteService.swift, SmartAlarmSystem.swift, SpectroscopyAnalyzer.swift, TelescopeConnection.swift, AnimationHelpers.swift, FavoriteButton.swift (in target 'GalacticalMap' from project 'GalacticalMap')

SwiftDriverJobDiscovery normal arm64 Compiling RecordedVideosView.swift, SavedItemsView.swift, SkyObservationView.swift, SocialFeaturesView.swift, SolarActivityView.swift, SpaceStation3DTourView.swift (in target 'GalacticalMap' from project 'GalacticalMap')

SwiftDriverJobDiscovery normal arm64 Compiling MoonPhasesView.swift, NASAVisibleEarthView.swift, OrbitalMechanicsView.swift, OrbitSimulatorView.swift, RadioAstronomyView.swift, RealTime3DSkyView.swift (in target 'GalacticalMap' from project 'GalacticalMap')

SwiftDriverJobDiscovery normal arm64 Compiling StarMapView.swift, StartupVideoView.swift, SupernovaAlertView.swift, ContentView.swift, GalacticalMapApp.swift, GeneratedAssetSymbols.swift (in target 'GalacticalMap' from project 'GalacticalMap')

SwiftDriverJobDiscovery normal arm64 Compiling ARSkyView.swift, AsteroidTrackerView.swift, EarthEyesFix.swift, HomeDashboardView.swift, ISS3DUserCodeView.swift, ISSUserCodeView.swift (in target 'GalacticalMap' from project 'GalacticalMap')

SwiftDriverJobDiscovery normal arm64 Compiling FavoritesManager.swift, GravitationalWaveDetector.swift, LocationManager.swift, PersistenceManager.swift, RTKLocationManager.swift, SatellitePassPrediction.swift (in target 'GalacticalMap' from project 'GalacticalMap')

SwiftDriverJobDiscovery normal x86_64 Compiling SkyAnomaly.swift, Star.swift, AIStarRecognition.swift, DeepSpaceNetwork.swift, DSLRCameraControl.swift, ExoplanetDetector.swift (in target 'GalacticalMap' from project 'GalacticalMap')

SwiftDriverJobDiscovery normal x86_64 Compiling ISSWebEmbedView.swift, LiveSatelliteView.swift, LiveStreamView.swift, MarsRoverView.swift, MeteorShowerView.swift, MissionControlView.swift (in target 'GalacticalMap' from project 'GalacticalMap')

SwiftDriver\ Compilation GalacticalMap normal x86_64 com.apple.xcode.tools.swift.compiler (in target 'GalacticalMap' from project 'GalacticalMap')
    cd /Users/dogukanbeyzade/Desktop/GalacticalMap
    builtin-Swift-Compilation -- /Applications/Xcode.app/Contents/Developer/Toolchains/XcodeDefault.xctoolchain/usr/bin/swiftc -module-name GalacticalMap -Onone -enforce-exclusivity\=checked @/Users/dogukanbeyzade/Library/Developer/Xcode/DerivedData/GalacticalMap-bksnrvirapmzyedveygampkumrrs/Build/Intermediates.noindex/GalacticalMap.build/Debug-iphonesimulator/GalacticalMap.build/Objects-normal/x86_64/GalacticalMap.SwiftFileList -DDEBUG -default-isolation\=MainActor -enable-bare-slash-regex -enable-upcoming-feature DisableOutwardActorInference -enable-upcoming-feature InferSendableFromCaptures -enable-upcoming-feature GlobalActorIsolatedTypesUsability -enable-upcoming-feature MemberImportVisibility -enable-upcoming-feature InferIsolatedConformances -enable-upcoming-feature NonisolatedNonsendingByDefault -enable-experimental-feature DebugDescriptionMacro -sdk /Applications/Xcode.app/Contents/Developer/Platforms/iPhoneSimulator.platform/Developer/SDKs/iPhoneSimulator26.1.sdk -target x86_64-apple-ios18.0-simulator -g -module-cache-path /Users/dogukanbeyzade/Library/Developer/Xcode/DerivedData/ModuleCache.noindex -Xfrontend -serialize-debugging-options -enable-testing -index-store-path /Users/dogukanbeyzade/Library/Developer/Xcode/DerivedData/GalacticalMap-bksnrvirapmzyedveygampkumrrs/Index.noindex/DataStore -Xcc -D_LIBCPP_HARDENING_MODE\=_LIBCPP_HARDENING_MODE_DEBUG -swift-version 5 -I /Users/dogukanbeyzade/Library/Developer/Xcode/DerivedData/GalacticalMap-bksnrvirapmzyedveygampkumrrs/Build/Products/Debug-iphonesimulator -F /Users/dogukanbeyzade/Library/Developer/Xcode/DerivedData/GalacticalMap-bksnrvirapmzyedveygampkumrrs/Build/Products/Debug-iphonesimulator -emit-localized-strings -emit-localized-strings-path /Users/dogukanbeyzade/Library/Developer/Xcode/DerivedData/GalacticalMap-bksnrvirapmzyedveygampkumrrs/Build/Intermediates.noindex/GalacticalMap.build/Debug-iphonesimulator/GalacticalMap.build/Objects-normal/x86_64 -c -j10 -enable-batch-mode -incremental -Xcc -ivfsstatcache -Xcc /Users/dogukanbeyzade/Library/Developer/Xcode/DerivedData/SDKStatCaches.noindex/iphonesimulator26.1-23B77-90cf18a4295e390e64c810bc6bd7acbc.sdkstatcache -output-file-map /Users/dogukanbeyzade/Library/Developer/Xcode/DerivedData/GalacticalMap-bksnrvirapmzyedveygampkumrrs/Build/Intermediates.noindex/GalacticalMap.build/Debug-iphonesimulator/GalacticalMap.build/Objects-normal/x86_64/GalacticalMap-OutputFileMap.json -use-frontend-parseable-output -save-temps -no-color-diagnostics -explicit-module-build -module-cache-path /Users/dogukanbeyzade/Library/Developer/Xcode/DerivedData/GalacticalMap-bksnrvirapmzyedveygampkumrrs/Build/Intermediates.noindex/SwiftExplicitPrecompiledModules -clang-scanner-module-cache-path /Users/dogukanbeyzade/Library/Developer/Xcode/DerivedData/ModuleCache.noindex -sdk-module-cache-path /Users/dogukanbeyzade/Library/Developer/Xcode/DerivedData/ModuleCache.noindex -serialize-diagnostics -emit-dependencies -emit-module -emit-module-path /Users/dogukanbeyzade/Library/Developer/Xcode/DerivedData/GalacticalMap-bksnrvirapmzyedveygampkumrrs/Build/Intermediates.noindex/GalacticalMap.build/Debug-iphonesimulator/GalacticalMap.build/Objects-normal/x86_64/GalacticalMap.swiftmodule -validate-clang-modules-once -clang-build-session-file /Users/dogukanbeyzade/Library/Developer/Xcode/DerivedData/ModuleCache.noindex/Session.modulevalidation -Xcc -I/Users/dogukanbeyzade/Library/Developer/Xcode/DerivedData/GalacticalMap-bksnrvirapmzyedveygampkumrrs/Build/Intermediates.noindex/GalacticalMap.build/Debug-iphonesimulator/GalacticalMap.build/swift-overrides.hmap -emit-const-values -Xfrontend -const-gather-protocols-file -Xfrontend /Users/dogukanbeyzade/Library/Developer/Xcode/DerivedData/GalacticalMap-bksnrvirapmzyedveygampkumrrs/Build/Intermediates.noindex/GalacticalMap.build/Debug-iphonesimulator/GalacticalMap.build/Objects-normal/x86_64/GalacticalMap_const_extract_protocols.json -Xcc -iquote -Xcc /Users/dogukanbeyzade/Library/Developer/Xcode/DerivedData/GalacticalMap-bksnrvirapmzyedveygampkumrrs/Build/Intermediates.noindex/GalacticalMap.build/Debug-iphonesimulator/GalacticalMap.build/GalacticalMap-generated-files.hmap -Xcc -I/Users/dogukanbeyzade/Library/Developer/Xcode/DerivedData/GalacticalMap-bksnrvirapmzyedveygampkumrrs/Build/Intermediates.noindex/GalacticalMap.build/Debug-iphonesimulator/GalacticalMap.build/GalacticalMap-own-target-headers.hmap -Xcc -I/Users/dogukanbeyzade/Library/Developer/Xcode/DerivedData/GalacticalMap-bksnrvirapmzyedveygampkumrrs/Build/Intermediates.noindex/GalacticalMap.build/Debug-iphonesimulator/GalacticalMap.build/GalacticalMap-all-target-headers.hmap -Xcc -iquote -Xcc /Users/dogukanbeyzade/Library/Developer/Xcode/DerivedData/GalacticalMap-bksnrvirapmzyedveygampkumrrs/Build/Intermediates.noindex/GalacticalMap.build/Debug-iphonesimulator/GalacticalMap.build/GalacticalMap-project-headers.hmap -Xcc -I/Users/dogukanbeyzade/Library/Developer/Xcode/DerivedData/GalacticalMap-bksnrvirapmzyedveygampkumrrs/Build/Products/Debug-iphonesimulator/include -Xcc -I/Users/dogukanbeyzade/Library/Developer/Xcode/DerivedData/GalacticalMap-bksnrvirapmzyedveygampkumrrs/Build/Intermediates.noindex/GalacticalMap.build/Debug-iphonesimulator/GalacticalMap.build/DerivedSources-normal/x86_64 -Xcc -I/Users/dogukanbeyzade/Library/Developer/Xcode/DerivedData/GalacticalMap-bksnrvirapmzyedveygampkumrrs/Build/Intermediates.noindex/GalacticalMap.build/Debug-iphonesimulator/GalacticalMap.build/DerivedSources/x86_64 -Xcc -I/Users/dogukanbeyzade/Library/Developer/Xcode/DerivedData/GalacticalMap-bksnrvirapmzyedveygampkumrrs/Build/Intermediates.noindex/GalacticalMap.build/Debug-iphonesimulator/GalacticalMap.build/DerivedSources -Xcc -DDEBUG\=1 -emit-objc-header -emit-objc-header-path /Users/dogukanbeyzade/Library/Developer/Xcode/DerivedData/GalacticalMap-bksnrvirapmzyedveygampkumrrs/Build/Intermediates.noindex/GalacticalMap.build/Debug-iphonesimulator/GalacticalMap.build/Objects-normal/x86_64/GalacticalMap-Swift.h -working-directory /Users/dogukanbeyzade/Desktop/GalacticalMap -experimental-emit-module-separately -disable-cmo

Ld /Users/dogukanbeyzade/Library/Developer/Xcode/DerivedData/GalacticalMap-bksnrvirapmzyedveygampkumrrs/Build/Intermediates.noindex/GalacticalMap.build/Debug-iphonesimulator/GalacticalMap.build/Objects-normal/x86_64/Binary/GalacticalMap.debug.dylib normal x86_64 (in target 'GalacticalMap' from project 'GalacticalMap')
    cd /Users/dogukanbeyzade/Desktop/GalacticalMap
    /Applications/Xcode.app/Contents/Developer/Toolchains/XcodeDefault.xctoolchain/usr/bin/clang -Xlinker -reproducible -target x86_64-apple-ios18.0-simulator -dynamiclib -isysroot /Applications/Xcode.app/Contents/Developer/Platforms/iPhoneSimulator.platform/Developer/SDKs/iPhoneSimulator26.1.sdk -O0 -L/Users/dogukanbeyzade/Library/Developer/Xcode/DerivedData/GalacticalMap-bksnrvirapmzyedveygampkumrrs/Build/Intermediates.noindex/EagerLinkingTBDs/Debug-iphonesimulator -L/Users/dogukanbeyzade/Library/Developer/Xcode/DerivedData/GalacticalMap-bksnrvirapmzyedveygampkumrrs/Build/Products/Debug-iphonesimulator -F/Users/dogukanbeyzade/Library/Developer/Xcode/DerivedData/GalacticalMap-bksnrvirapmzyedveygampkumrrs/Build/Intermediates.noindex/EagerLinkingTBDs/Debug-iphonesimulator -F/Users/dogukanbeyzade/Library/Developer/Xcode/DerivedData/GalacticalMap-bksnrvirapmzyedveygampkumrrs/Build/Products/Debug-iphonesimulator -filelist /Users/dogukanbeyzade/Library/Developer/Xcode/DerivedData/GalacticalMap-bksnrvirapmzyedveygampkumrrs/Build/Intermediates.noindex/GalacticalMap.build/Debug-iphonesimulator/GalacticalMap.build/Objects-normal/x86_64/GalacticalMap.LinkFileList -install_name @rpath/GalacticalMap.debug.dylib -Xlinker -rpath -Xlinker /usr/lib/swift -Xlinker -rpath -Xlinker @executable_path/Frameworks -dead_strip -Xlinker -object_path_lto -Xlinker /Users/dogukanbeyzade/Library/Developer/Xcode/DerivedData/GalacticalMap-bksnrvirapmzyedveygampkumrrs/Build/Intermediates.noindex/GalacticalMap.build/Debug-iphonesimulator/GalacticalMap.build/Objects-normal/x86_64/GalacticalMap_lto.o -rdynamic -Xlinker -no_deduplicate -Xlinker -objc_abi_version -Xlinker 2 -Xlinker -dependency_info -Xlinker /Users/dogukanbeyzade/Library/Developer/Xcode/DerivedData/GalacticalMap-bksnrvirapmzyedveygampkumrrs/Build/Intermediates.noindex/GalacticalMap.build/Debug-iphonesimulator/GalacticalMap.build/Objects-normal/x86_64/GalacticalMap_dependency_info.dat -fobjc-link-runtime -L/Applications/Xcode.app/Contents/Developer/Toolchains/XcodeDefault.xctoolchain/usr/lib/swift/iphonesimulator -L/usr/lib/swift -Xlinker -add_ast_path -Xlinker /Users/dogukanbeyzade/Library/Developer/Xcode/DerivedData/GalacticalMap-bksnrvirapmzyedveygampkumrrs/Build/Intermediates.noindex/GalacticalMap.build/Debug-iphonesimulator/GalacticalMap.build/Objects-normal/x86_64/GalacticalMap.swiftmodule @/Users/dogukanbeyzade/Library/Developer/Xcode/DerivedData/GalacticalMap-bksnrvirapmzyedveygampkumrrs/Build/Intermediates.noindex/GalacticalMap.build/Debug-iphonesimulator/GalacticalMap.build/Objects-normal/x86_64/GalacticalMap-linker-args.resp -Xlinker -alias -Xlinker _main -Xlinker ___debug_main_executable_dylib_entry_point -Xlinker -no_adhoc_codesign -o /Users/dogukanbeyzade/Library/Developer/Xcode/DerivedData/GalacticalMap-bksnrvirapmzyedveygampkumrrs/Build/Intermediates.noindex/GalacticalMap.build/Debug-iphonesimulator/GalacticalMap.build/Objects-normal/x86_64/Binary/GalacticalMap.debug.dylib

ConstructStubExecutorLinkFileList /Users/dogukanbeyzade/Library/Developer/Xcode/DerivedData/GalacticalMap-bksnrvirapmzyedveygampkumrrs/Build/Intermediates.noindex/GalacticalMap.build/Debug-iphonesimulator/GalacticalMap.build/GalacticalMap-ExecutorLinkFileList-normal-x86_64.txt (in target 'GalacticalMap' from project 'GalacticalMap')
    cd /Users/dogukanbeyzade/Desktop/GalacticalMap
    construct-stub-executor-link-file-list /Users/dogukanbeyzade/Library/Developer/Xcode/DerivedData/GalacticalMap-bksnrvirapmzyedveygampkumrrs/Build/Intermediates.noindex/GalacticalMap.build/Debug-iphonesimulator/GalacticalMap.build/Objects-normal/x86_64/Binary/GalacticalMap.debug.dylib /Applications/Xcode.app/Contents/Developer/Platforms/iPhoneSimulator.platform/Developer/usr/lib/libPreviewsJITStubExecutor_no_swift_entry_point.a /Applications/Xcode.app/Contents/Developer/Platforms/iPhoneSimulator.platform/Developer/usr/lib/libPreviewsJITStubExecutor.a --output /Users/dogukanbeyzade/Library/Developer/Xcode/DerivedData/GalacticalMap-bksnrvirapmzyedveygampkumrrs/Build/Intermediates.noindex/GalacticalMap.build/Debug-iphonesimulator/GalacticalMap.build/GalacticalMap-ExecutorLinkFileList-normal-x86_64.txt
note: Using stub executor library with Swift entry point. (in target 'GalacticalMap' from project 'GalacticalMap')

Ld /Users/dogukanbeyzade/Library/Developer/Xcode/DerivedData/GalacticalMap-bksnrvirapmzyedveygampkumrrs/Build/Intermediates.noindex/GalacticalMap.build/Debug-iphonesimulator/GalacticalMap.build/Objects-normal/x86_64/Binary/GalacticalMap normal x86_64 (in target 'GalacticalMap' from project 'GalacticalMap')
    cd /Users/dogukanbeyzade/Desktop/GalacticalMap
    /Applications/Xcode.app/Contents/Developer/Toolchains/XcodeDefault.xctoolchain/usr/bin/clang -Xlinker -reproducible -target x86_64-apple-ios18.0-simulator -isysroot /Applications/Xcode.app/Contents/Developer/Platforms/iPhoneSimulator.platform/Developer/SDKs/iPhoneSimulator26.1.sdk -O0 -L/Users/dogukanbeyzade/Library/Developer/Xcode/DerivedData/GalacticalMap-bksnrvirapmzyedveygampkumrrs/Build/Products/Debug-iphonesimulator -F/Users/dogukanbeyzade/Library/Developer/Xcode/DerivedData/GalacticalMap-bksnrvirapmzyedveygampkumrrs/Build/Products/Debug-iphonesimulator -Xlinker -rpath -Xlinker @executable_path -Xlinker -rpath -Xlinker @executable_path/Frameworks -rdynamic -Xlinker -no_deduplicate -Xlinker -objc_abi_version -Xlinker 2 -e ___debug_blank_executor_main -Xlinker -sectcreate -Xlinker __TEXT -Xlinker __debug_dylib -Xlinker /Users/dogukanbeyzade/Library/Developer/Xcode/DerivedData/GalacticalMap-bksnrvirapmzyedveygampkumrrs/Build/Intermediates.noindex/GalacticalMap.build/Debug-iphonesimulator/GalacticalMap.build/GalacticalMap-DebugDylibPath-normal-x86_64.txt -Xlinker -sectcreate -Xlinker __TEXT -Xlinker __debug_instlnm -Xlinker /Users/dogukanbeyzade/Library/Developer/Xcode/DerivedData/GalacticalMap-bksnrvirapmzyedveygampkumrrs/Build/Intermediates.noindex/GalacticalMap.build/Debug-iphonesimulator/GalacticalMap.build/GalacticalMap-DebugDylibInstallName-normal-x86_64.txt -Xlinker -filelist -Xlinker /Users/dogukanbeyzade/Library/Developer/Xcode/DerivedData/GalacticalMap-bksnrvirapmzyedveygampkumrrs/Build/Intermediates.noindex/GalacticalMap.build/Debug-iphonesimulator/GalacticalMap.build/GalacticalMap-ExecutorLinkFileList-normal-x86_64.txt -Xlinker -sectcreate -Xlinker __TEXT -Xlinker __entitlements -Xlinker /Users/dogukanbeyzade/Library/Developer/Xcode/DerivedData/GalacticalMap-bksnrvirapmzyedveygampkumrrs/Build/Intermediates.noindex/GalacticalMap.build/Debug-iphonesimulator/GalacticalMap.build/GalacticalMap.app-Simulated.xcent -Xlinker -sectcreate -Xlinker __TEXT -Xlinker __ents_der -Xlinker /Users/dogukanbeyzade/Library/Developer/Xcode/DerivedData/GalacticalMap-bksnrvirapmzyedveygampkumrrs/Build/Intermediates.noindex/GalacticalMap.build/Debug-iphonesimulator/GalacticalMap.build/GalacticalMap.app-Simulated.xcent.der /Users/dogukanbeyzade/Library/Developer/Xcode/DerivedData/GalacticalMap-bksnrvirapmzyedveygampkumrrs/Build/Intermediates.noindex/GalacticalMap.build/Debug-iphonesimulator/GalacticalMap.build/Objects-normal/x86_64/Binary/GalacticalMap.debug.dylib -Xlinker -no_adhoc_codesign -o /Users/dogukanbeyzade/Library/Developer/Xcode/DerivedData/GalacticalMap-bksnrvirapmzyedveygampkumrrs/Build/Intermediates.noindex/GalacticalMap.build/Debug-iphonesimulator/GalacticalMap.build/Objects-normal/x86_64/Binary/GalacticalMap

SwiftDriverJobDiscovery normal arm64 Compiling SkyAnomaly.swift, Star.swift, AIStarRecognition.swift, DeepSpaceNetwork.swift, DSLRCameraControl.swift, ExoplanetDetector.swift (in target 'GalacticalMap' from project 'GalacticalMap')

SwiftDriverJobDiscovery normal arm64 Compiling ISSWebEmbedView.swift, LiveSatelliteView.swift, LiveStreamView.swift, MarsRoverView.swift, MeteorShowerView.swift, MissionControlView.swift (in target 'GalacticalMap' from project 'GalacticalMap')

SwiftDriver\ Compilation GalacticalMap normal arm64 com.apple.xcode.tools.swift.compiler (in target 'GalacticalMap' from project 'GalacticalMap')
    cd /Users/dogukanbeyzade/Desktop/GalacticalMap
    builtin-Swift-Compilation -- /Applications/Xcode.app/Contents/Developer/Toolchains/XcodeDefault.xctoolchain/usr/bin/swiftc -module-name GalacticalMap -Onone -enforce-exclusivity\=checked @/Users/dogukanbeyzade/Library/Developer/Xcode/DerivedData/GalacticalMap-bksnrvirapmzyedveygampkumrrs/Build/Intermediates.noindex/GalacticalMap.build/Debug-iphonesimulator/GalacticalMap.build/Objects-normal/arm64/GalacticalMap.SwiftFileList -DDEBUG -default-isolation\=MainActor -enable-bare-slash-regex -enable-upcoming-feature DisableOutwardActorInference -enable-upcoming-feature InferSendableFromCaptures -enable-upcoming-feature GlobalActorIsolatedTypesUsability -enable-upcoming-feature MemberImportVisibility -enable-upcoming-feature InferIsolatedConformances -enable-upcoming-feature NonisolatedNonsendingByDefault -enable-experimental-feature DebugDescriptionMacro -sdk /Applications/Xcode.app/Contents/Developer/Platforms/iPhoneSimulator.platform/Developer/SDKs/iPhoneSimulator26.1.sdk -target arm64-apple-ios18.0-simulator -g -module-cache-path /Users/dogukanbeyzade/Library/Developer/Xcode/DerivedData/ModuleCache.noindex -Xfrontend -serialize-debugging-options -enable-testing -index-store-path /Users/dogukanbeyzade/Library/Developer/Xcode/DerivedData/GalacticalMap-bksnrvirapmzyedveygampkumrrs/Index.noindex/DataStore -Xcc -D_LIBCPP_HARDENING_MODE\=_LIBCPP_HARDENING_MODE_DEBUG -swift-version 5 -I /Users/dogukanbeyzade/Library/Developer/Xcode/DerivedData/GalacticalMap-bksnrvirapmzyedveygampkumrrs/Build/Products/Debug-iphonesimulator -F /Users/dogukanbeyzade/Library/Developer/Xcode/DerivedData/GalacticalMap-bksnrvirapmzyedveygampkumrrs/Build/Products/Debug-iphonesimulator -emit-localized-strings -emit-localized-strings-path /Users/dogukanbeyzade/Library/Developer/Xcode/DerivedData/GalacticalMap-bksnrvirapmzyedveygampkumrrs/Build/Intermediates.noindex/GalacticalMap.build/Debug-iphonesimulator/GalacticalMap.build/Objects-normal/arm64 -c -j10 -enable-batch-mode -incremental -Xcc -ivfsstatcache -Xcc /Users/dogukanbeyzade/Library/Developer/Xcode/DerivedData/SDKStatCaches.noindex/iphonesimulator26.1-23B77-90cf18a4295e390e64c810bc6bd7acbc.sdkstatcache -output-file-map /Users/dogukanbeyzade/Library/Developer/Xcode/DerivedData/GalacticalMap-bksnrvirapmzyedveygampkumrrs/Build/Intermediates.noindex/GalacticalMap.build/Debug-iphonesimulator/GalacticalMap.build/Objects-normal/arm64/GalacticalMap-OutputFileMap.json -use-frontend-parseable-output -save-temps -no-color-diagnostics -explicit-module-build -module-cache-path /Users/dogukanbeyzade/Library/Developer/Xcode/DerivedData/GalacticalMap-bksnrvirapmzyedveygampkumrrs/Build/Intermediates.noindex/SwiftExplicitPrecompiledModules -clang-scanner-module-cache-path /Users/dogukanbeyzade/Library/Developer/Xcode/DerivedData/ModuleCache.noindex -sdk-module-cache-path /Users/dogukanbeyzade/Library/Developer/Xcode/DerivedData/ModuleCache.noindex -serialize-diagnostics -emit-dependencies -emit-module -emit-module-path /Users/dogukanbeyzade/Library/Developer/Xcode/DerivedData/GalacticalMap-bksnrvirapmzyedveygampkumrrs/Build/Intermediates.noindex/GalacticalMap.build/Debug-iphonesimulator/GalacticalMap.build/Objects-normal/arm64/GalacticalMap.swiftmodule -validate-clang-modules-once -clang-build-session-file /Users/dogukanbeyzade/Library/Developer/Xcode/DerivedData/ModuleCache.noindex/Session.modulevalidation -Xcc -I/Users/dogukanbeyzade/Library/Developer/Xcode/DerivedData/GalacticalMap-bksnrvirapmzyedveygampkumrrs/Build/Intermediates.noindex/GalacticalMap.build/Debug-iphonesimulator/GalacticalMap.build/swift-overrides.hmap -emit-const-values -Xfrontend -const-gather-protocols-file -Xfrontend /Users/dogukanbeyzade/Library/Developer/Xcode/DerivedData/GalacticalMap-bksnrvirapmzyedveygampkumrrs/Build/Intermediates.noindex/GalacticalMap.build/Debug-iphonesimulator/GalacticalMap.build/Objects-normal/arm64/GalacticalMap_const_extract_protocols.json -Xcc -iquote -Xcc /Users/dogukanbeyzade/Library/Developer/Xcode/DerivedData/GalacticalMap-bksnrvirapmzyedveygampkumrrs/Build/Intermediates.noindex/GalacticalMap.build/Debug-iphonesimulator/GalacticalMap.build/GalacticalMap-generated-files.hmap -Xcc -I/Users/dogukanbeyzade/Library/Developer/Xcode/DerivedData/GalacticalMap-bksnrvirapmzyedveygampkumrrs/Build/Intermediates.noindex/GalacticalMap.build/Debug-iphonesimulator/GalacticalMap.build/GalacticalMap-own-target-headers.hmap -Xcc -I/Users/dogukanbeyzade/Library/Developer/Xcode/DerivedData/GalacticalMap-bksnrvirapmzyedveygampkumrrs/Build/Intermediates.noindex/GalacticalMap.build/Debug-iphonesimulator/GalacticalMap.build/GalacticalMap-all-target-headers.hmap -Xcc -iquote -Xcc /Users/dogukanbeyzade/Library/Developer/Xcode/DerivedData/GalacticalMap-bksnrvirapmzyedveygampkumrrs/Build/Intermediates.noindex/GalacticalMap.build/Debug-iphonesimulator/GalacticalMap.build/GalacticalMap-project-headers.hmap -Xcc -I/Users/dogukanbeyzade/Library/Developer/Xcode/DerivedData/GalacticalMap-bksnrvirapmzyedveygampkumrrs/Build/Products/Debug-iphonesimulator/include -Xcc -I/Users/dogukanbeyzade/Library/Developer/Xcode/DerivedData/GalacticalMap-bksnrvirapmzyedveygampkumrrs/Build/Intermediates.noindex/GalacticalMap.build/Debug-iphonesimulator/GalacticalMap.build/DerivedSources-normal/arm64 -Xcc -I/Users/dogukanbeyzade/Library/Developer/Xcode/DerivedData/GalacticalMap-bksnrvirapmzyedveygampkumrrs/Build/Intermediates.noindex/GalacticalMap.build/Debug-iphonesimulator/GalacticalMap.build/DerivedSources/arm64 -Xcc -I/Users/dogukanbeyzade/Library/Developer/Xcode/DerivedData/GalacticalMap-bksnrvirapmzyedveygampkumrrs/Build/Intermediates.noindex/GalacticalMap.build/Debug-iphonesimulator/GalacticalMap.build/DerivedSources -Xcc -DDEBUG\=1 -emit-objc-header -emit-objc-header-path /Users/dogukanbeyzade/Library/Developer/Xcode/DerivedData/GalacticalMap-bksnrvirapmzyedveygampkumrrs/Build/Intermediates.noindex/GalacticalMap.build/Debug-iphonesimulator/GalacticalMap.build/Objects-normal/arm64/GalacticalMap-Swift.h -working-directory /Users/dogukanbeyzade/Desktop/GalacticalMap -experimental-emit-module-separately -disable-cmo

Ld /Users/dogukanbeyzade/Library/Developer/Xcode/DerivedData/GalacticalMap-bksnrvirapmzyedveygampkumrrs/Build/Intermediates.noindex/GalacticalMap.build/Debug-iphonesimulator/GalacticalMap.build/Objects-normal/arm64/Binary/GalacticalMap.debug.dylib normal arm64 (in target 'GalacticalMap' from project 'GalacticalMap')
    cd /Users/dogukanbeyzade/Desktop/GalacticalMap
    /Applications/Xcode.app/Contents/Developer/Toolchains/XcodeDefault.xctoolchain/usr/bin/clang -Xlinker -reproducible -target arm64-apple-ios18.0-simulator -dynamiclib -isysroot /Applications/Xcode.app/Contents/Developer/Platforms/iPhoneSimulator.platform/Developer/SDKs/iPhoneSimulator26.1.sdk -O0 -L/Users/dogukanbeyzade/Library/Developer/Xcode/DerivedData/GalacticalMap-bksnrvirapmzyedveygampkumrrs/Build/Intermediates.noindex/EagerLinkingTBDs/Debug-iphonesimulator -L/Users/dogukanbeyzade/Library/Developer/Xcode/DerivedData/GalacticalMap-bksnrvirapmzyedveygampkumrrs/Build/Products/Debug-iphonesimulator -F/Users/dogukanbeyzade/Library/Developer/Xcode/DerivedData/GalacticalMap-bksnrvirapmzyedveygampkumrrs/Build/Intermediates.noindex/EagerLinkingTBDs/Debug-iphonesimulator -F/Users/dogukanbeyzade/Library/Developer/Xcode/DerivedData/GalacticalMap-bksnrvirapmzyedveygampkumrrs/Build/Products/Debug-iphonesimulator -filelist /Users/dogukanbeyzade/Library/Developer/Xcode/DerivedData/GalacticalMap-bksnrvirapmzyedveygampkumrrs/Build/Intermediates.noindex/GalacticalMap.build/Debug-iphonesimulator/GalacticalMap.build/Objects-normal/arm64/GalacticalMap.LinkFileList -install_name @rpath/GalacticalMap.debug.dylib -Xlinker -rpath -Xlinker /usr/lib/swift -Xlinker -rpath -Xlinker @executable_path/Frameworks -dead_strip -Xlinker -object_path_lto -Xlinker /Users/dogukanbeyzade/Library/Developer/Xcode/DerivedData/GalacticalMap-bksnrvirapmzyedveygampkumrrs/Build/Intermediates.noindex/GalacticalMap.build/Debug-iphonesimulator/GalacticalMap.build/Objects-normal/arm64/GalacticalMap_lto.o -rdynamic -Xlinker -no_deduplicate -Xlinker -objc_abi_version -Xlinker 2 -Xlinker -dependency_info -Xlinker /Users/dogukanbeyzade/Library/Developer/Xcode/DerivedData/GalacticalMap-bksnrvirapmzyedveygampkumrrs/Build/Intermediates.noindex/GalacticalMap.build/Debug-iphonesimulator/GalacticalMap.build/Objects-normal/arm64/GalacticalMap_dependency_info.dat -fobjc-link-runtime -L/Applications/Xcode.app/Contents/Developer/Toolchains/XcodeDefault.xctoolchain/usr/lib/swift/iphonesimulator -L/usr/lib/swift -Xlinker -add_ast_path -Xlinker /Users/dogukanbeyzade/Library/Developer/Xcode/DerivedData/GalacticalMap-bksnrvirapmzyedveygampkumrrs/Build/Intermediates.noindex/GalacticalMap.build/Debug-iphonesimulator/GalacticalMap.build/Objects-normal/arm64/GalacticalMap.swiftmodule @/Users/dogukanbeyzade/Library/Developer/Xcode/DerivedData/GalacticalMap-bksnrvirapmzyedveygampkumrrs/Build/Intermediates.noindex/GalacticalMap.build/Debug-iphonesimulator/GalacticalMap.build/Objects-normal/arm64/GalacticalMap-linker-args.resp -Xlinker -alias -Xlinker _main -Xlinker ___debug_main_executable_dylib_entry_point -Xlinker -no_adhoc_codesign -o /Users/dogukanbeyzade/Library/Developer/Xcode/DerivedData/GalacticalMap-bksnrvirapmzyedveygampkumrrs/Build/Intermediates.noindex/GalacticalMap.build/Debug-iphonesimulator/GalacticalMap.build/Objects-normal/arm64/Binary/GalacticalMap.debug.dylib

CreateUniversalBinary /Users/dogukanbeyzade/Library/Developer/Xcode/DerivedData/GalacticalMap-bksnrvirapmzyedveygampkumrrs/Build/Products/Debug-iphonesimulator/GalacticalMap.app/GalacticalMap.debug.dylib normal arm64\ x86_64 (in target 'GalacticalMap' from project 'GalacticalMap')
    cd /Users/dogukanbeyzade/Desktop/GalacticalMap
    /Applications/Xcode.app/Contents/Developer/Toolchains/XcodeDefault.xctoolchain/usr/bin/lipo -create /Users/dogukanbeyzade/Library/Developer/Xcode/DerivedData/GalacticalMap-bksnrvirapmzyedveygampkumrrs/Build/Intermediates.noindex/GalacticalMap.build/Debug-iphonesimulator/GalacticalMap.build/Objects-normal/arm64/Binary/GalacticalMap.debug.dylib /Users/dogukanbeyzade/Library/Developer/Xcode/DerivedData/GalacticalMap-bksnrvirapmzyedveygampkumrrs/Build/Intermediates.noindex/GalacticalMap.build/Debug-iphonesimulator/GalacticalMap.build/Objects-normal/x86_64/Binary/GalacticalMap.debug.dylib -output /Users/dogukanbeyzade/Library/Developer/Xcode/DerivedData/GalacticalMap-bksnrvirapmzyedveygampkumrrs/Build/Products/Debug-iphonesimulator/GalacticalMap.app/GalacticalMap.debug.dylib

ConstructStubExecutorLinkFileList /Users/dogukanbeyzade/Library/Developer/Xcode/DerivedData/GalacticalMap-bksnrvirapmzyedveygampkumrrs/Build/Intermediates.noindex/GalacticalMap.build/Debug-iphonesimulator/GalacticalMap.build/GalacticalMap-ExecutorLinkFileList-normal-arm64.txt (in target 'GalacticalMap' from project 'GalacticalMap')
    cd /Users/dogukanbeyzade/Desktop/GalacticalMap
    construct-stub-executor-link-file-list /Users/dogukanbeyzade/Library/Developer/Xcode/DerivedData/GalacticalMap-bksnrvirapmzyedveygampkumrrs/Build/Intermediates.noindex/GalacticalMap.build/Debug-iphonesimulator/GalacticalMap.build/Objects-normal/arm64/Binary/GalacticalMap.debug.dylib /Applications/Xcode.app/Contents/Developer/Platforms/iPhoneSimulator.platform/Developer/usr/lib/libPreviewsJITStubExecutor_no_swift_entry_point.a /Applications/Xcode.app/Contents/Developer/Platforms/iPhoneSimulator.platform/Developer/usr/lib/libPreviewsJITStubExecutor.a --output /Users/dogukanbeyzade/Library/Developer/Xcode/DerivedData/GalacticalMap-bksnrvirapmzyedveygampkumrrs/Build/Intermediates.noindex/GalacticalMap.build/Debug-iphonesimulator/GalacticalMap.build/GalacticalMap-ExecutorLinkFileList-normal-arm64.txt
note: Using stub executor library with Swift entry point. (in target 'GalacticalMap' from project 'GalacticalMap')

Ld /Users/dogukanbeyzade/Library/Developer/Xcode/DerivedData/GalacticalMap-bksnrvirapmzyedveygampkumrrs/Build/Intermediates.noindex/GalacticalMap.build/Debug-iphonesimulator/GalacticalMap.build/Objects-normal/arm64/Binary/GalacticalMap normal arm64 (in target 'GalacticalMap' from project 'GalacticalMap')
    cd /Users/dogukanbeyzade/Desktop/GalacticalMap
    /Applications/Xcode.app/Contents/Developer/Toolchains/XcodeDefault.xctoolchain/usr/bin/clang -Xlinker -reproducible -target arm64-apple-ios18.0-simulator -isysroot /Applications/Xcode.app/Contents/Developer/Platforms/iPhoneSimulator.platform/Developer/SDKs/iPhoneSimulator26.1.sdk -O0 -L/Users/dogukanbeyzade/Library/Developer/Xcode/DerivedData/GalacticalMap-bksnrvirapmzyedveygampkumrrs/Build/Products/Debug-iphonesimulator -F/Users/dogukanbeyzade/Library/Developer/Xcode/DerivedData/GalacticalMap-bksnrvirapmzyedveygampkumrrs/Build/Products/Debug-iphonesimulator -Xlinker -rpath -Xlinker @executable_path -Xlinker -rpath -Xlinker @executable_path/Frameworks -rdynamic -Xlinker -no_deduplicate -Xlinker -objc_abi_version -Xlinker 2 -e ___debug_blank_executor_main -Xlinker -sectcreate -Xlinker __TEXT -Xlinker __debug_dylib -Xlinker /Users/dogukanbeyzade/Library/Developer/Xcode/DerivedData/GalacticalMap-bksnrvirapmzyedveygampkumrrs/Build/Intermediates.noindex/GalacticalMap.build/Debug-iphonesimulator/GalacticalMap.build/GalacticalMap-DebugDylibPath-normal-arm64.txt -Xlinker -sectcreate -Xlinker __TEXT -Xlinker __debug_instlnm -Xlinker /Users/dogukanbeyzade/Library/Developer/Xcode/DerivedData/GalacticalMap-bksnrvirapmzyedveygampkumrrs/Build/Intermediates.noindex/GalacticalMap.build/Debug-iphonesimulator/GalacticalMap.build/GalacticalMap-DebugDylibInstallName-normal-arm64.txt -Xlinker -filelist -Xlinker /Users/dogukanbeyzade/Library/Developer/Xcode/DerivedData/GalacticalMap-bksnrvirapmzyedveygampkumrrs/Build/Intermediates.noindex/GalacticalMap.build/Debug-iphonesimulator/GalacticalMap.build/GalacticalMap-ExecutorLinkFileList-normal-arm64.txt -Xlinker -sectcreate -Xlinker __TEXT -Xlinker __entitlements -Xlinker /Users/dogukanbeyzade/Library/Developer/Xcode/DerivedData/GalacticalMap-bksnrvirapmzyedveygampkumrrs/Build/Intermediates.noindex/GalacticalMap.build/Debug-iphonesimulator/GalacticalMap.build/GalacticalMap.app-Simulated.xcent -Xlinker -sectcreate -Xlinker __TEXT -Xlinker __ents_der -Xlinker /Users/dogukanbeyzade/Library/Developer/Xcode/DerivedData/GalacticalMap-bksnrvirapmzyedveygampkumrrs/Build/Intermediates.noindex/GalacticalMap.build/Debug-iphonesimulator/GalacticalMap.build/GalacticalMap.app-Simulated.xcent.der /Users/dogukanbeyzade/Library/Developer/Xcode/DerivedData/GalacticalMap-bksnrvirapmzyedveygampkumrrs/Build/Intermediates.noindex/GalacticalMap.build/Debug-iphonesimulator/GalacticalMap.build/Objects-normal/arm64/Binary/GalacticalMap.debug.dylib -Xlinker -no_adhoc_codesign -o /Users/dogukanbeyzade/Library/Developer/Xcode/DerivedData/GalacticalMap-bksnrvirapmzyedveygampkumrrs/Build/Intermediates.noindex/GalacticalMap.build/Debug-iphonesimulator/GalacticalMap.build/Objects-normal/arm64/Binary/GalacticalMap

CreateUniversalBinary /Users/dogukanbeyzade/Library/Developer/Xcode/DerivedData/GalacticalMap-bksnrvirapmzyedveygampkumrrs/Build/Products/Debug-iphonesimulator/GalacticalMap.app/GalacticalMap normal arm64\ x86_64 (in target 'GalacticalMap' from project 'GalacticalMap')
    cd /Users/dogukanbeyzade/Desktop/GalacticalMap
    /Applications/Xcode.app/Contents/Developer/Toolchains/XcodeDefault.xctoolchain/usr/bin/lipo -create /Users/dogukanbeyzade/Library/Developer/Xcode/DerivedData/GalacticalMap-bksnrvirapmzyedveygampkumrrs/Build/Intermediates.noindex/GalacticalMap.build/Debug-iphonesimulator/GalacticalMap.build/Objects-normal/arm64/Binary/GalacticalMap /Users/dogukanbeyzade/Library/Developer/Xcode/DerivedData/GalacticalMap-bksnrvirapmzyedveygampkumrrs/Build/Intermediates.noindex/GalacticalMap.build/Debug-iphonesimulator/GalacticalMap.build/Objects-normal/x86_64/Binary/GalacticalMap -output /Users/dogukanbeyzade/Library/Developer/Xcode/DerivedData/GalacticalMap-bksnrvirapmzyedveygampkumrrs/Build/Products/Debug-iphonesimulator/GalacticalMap.app/GalacticalMap

CopySwiftLibs /Users/dogukanbeyzade/Library/Developer/Xcode/DerivedData/GalacticalMap-bksnrvirapmzyedveygampkumrrs/Build/Products/Debug-iphonesimulator/GalacticalMap.app (in target 'GalacticalMap' from project 'GalacticalMap')
    cd /Users/dogukanbeyzade/Desktop/GalacticalMap
    builtin-swiftStdLibTool --copy --verbose --sign - --scan-executable /Users/dogukanbeyzade/Library/Developer/Xcode/DerivedData/GalacticalMap-bksnrvirapmzyedveygampkumrrs/Build/Products/Debug-iphonesimulator/GalacticalMap.app/GalacticalMap.debug.dylib --scan-folder /Users/dogukanbeyzade/Library/Developer/Xcode/DerivedData/GalacticalMap-bksnrvirapmzyedveygampkumrrs/Build/Products/Debug-iphonesimulator/GalacticalMap.app/Frameworks --scan-folder /Users/dogukanbeyzade/Library/Developer/Xcode/DerivedData/GalacticalMap-bksnrvirapmzyedveygampkumrrs/Build/Products/Debug-iphonesimulator/GalacticalMap.app/PlugIns --scan-folder /Users/dogukanbeyzade/Library/Developer/Xcode/DerivedData/GalacticalMap-bksnrvirapmzyedveygampkumrrs/Build/Products/Debug-iphonesimulator/GalacticalMap.app/SystemExtensions --scan-folder /Users/dogukanbeyzade/Library/Developer/Xcode/DerivedData/GalacticalMap-bksnrvirapmzyedveygampkumrrs/Build/Products/Debug-iphonesimulator/GalacticalMap.app/Extensions --platform iphonesimulator --toolchain /Applications/Xcode.app/Contents/Developer/Toolchains/XcodeDefault.xctoolchain --destination /Users/dogukanbeyzade/Library/Developer/Xcode/DerivedData/GalacticalMap-bksnrvirapmzyedveygampkumrrs/Build/Products/Debug-iphonesimulator/GalacticalMap.app/Frameworks --strip-bitcode --strip-bitcode-tool /Applications/Xcode.app/Contents/Developer/Toolchains/XcodeDefault.xctoolchain/usr/bin/bitcode_strip --emit-dependency-info /Users/dogukanbeyzade/Library/Developer/Xcode/DerivedData/GalacticalMap-bksnrvirapmzyedveygampkumrrs/Build/Intermediates.noindex/GalacticalMap.build/Debug-iphonesimulator/GalacticalMap.build/SwiftStdLibToolInputDependencies.dep --filter-for-swift-os --back-deploy-swift-span

ExtractAppIntentsMetadata (in target 'GalacticalMap' from project 'GalacticalMap')
    cd /Users/dogukanbeyzade/Desktop/GalacticalMap
    /Applications/Xcode.app/Contents/Developer/Toolchains/XcodeDefault.xctoolchain/usr/bin/appintentsmetadataprocessor --toolchain-dir /Applications/Xcode.app/Contents/Developer/Toolchains/XcodeDefault.xctoolchain --module-name GalacticalMap --sdk-root /Applications/Xcode.app/Contents/Developer/Platforms/iPhoneSimulator.platform/Developer/SDKs/iPhoneSimulator26.1.sdk --xcode-version 17B100 --platform-family iOS --deployment-target 18.0 --bundle-identifier com.dogukanbeyzade.galacticalmap --output /Users/dogukanbeyzade/Library/Developer/Xcode/DerivedData/GalacticalMap-bksnrvirapmzyedveygampkumrrs/Build/Products/Debug-iphonesimulator/GalacticalMap.app --target-triple arm64-apple-ios18.0-simulator --target-triple x86_64-apple-ios18.0-simulator --binary-file /Users/dogukanbeyzade/Library/Developer/Xcode/DerivedData/GalacticalMap-bksnrvirapmzyedveygampkumrrs/Build/Products/Debug-iphonesimulator/GalacticalMap.app/GalacticalMap --dependency-file /Users/dogukanbeyzade/Library/Developer/Xcode/DerivedData/GalacticalMap-bksnrvirapmzyedveygampkumrrs/Build/Intermediates.noindex/GalacticalMap.build/Debug-iphonesimulator/GalacticalMap.build/Objects-normal/arm64/GalacticalMap_dependency_info.dat --dependency-file /Users/dogukanbeyzade/Library/Developer/Xcode/DerivedData/GalacticalMap-bksnrvirapmzyedveygampkumrrs/Build/Intermediates.noindex/GalacticalMap.build/Debug-iphonesimulator/GalacticalMap.build/Objects-normal/x86_64/GalacticalMap_dependency_info.dat --stringsdata-file /Users/dogukanbeyzade/Library/Developer/Xcode/DerivedData/GalacticalMap-bksnrvirapmzyedveygampkumrrs/Build/Intermediates.noindex/GalacticalMap.build/Debug-iphonesimulator/GalacticalMap.build/Objects-normal/arm64/ExtractedAppShortcutsMetadata.stringsdata --stringsdata-file /Users/dogukanbeyzade/Library/Developer/Xcode/DerivedData/GalacticalMap-bksnrvirapmzyedveygampkumrrs/Build/Intermediates.noindex/GalacticalMap.build/Debug-iphonesimulator/GalacticalMap.build/Objects-normal/x86_64/ExtractedAppShortcutsMetadata.stringsdata --source-file-list /Users/dogukanbeyzade/Library/Developer/Xcode/DerivedData/GalacticalMap-bksnrvirapmzyedveygampkumrrs/Build/Intermediates.noindex/GalacticalMap.build/Debug-iphonesimulator/GalacticalMap.build/Objects-normal/arm64/GalacticalMap.SwiftFileList --source-file-list /Users/dogukanbeyzade/Library/Developer/Xcode/DerivedData/GalacticalMap-bksnrvirapmzyedveygampkumrrs/Build/Intermediates.noindex/GalacticalMap.build/Debug-iphonesimulator/GalacticalMap.build/Objects-normal/x86_64/GalacticalMap.SwiftFileList --metadata-file-list /Users/dogukanbeyzade/Library/Developer/Xcode/DerivedData/GalacticalMap-bksnrvirapmzyedveygampkumrrs/Build/Intermediates.noindex/GalacticalMap.build/Debug-iphonesimulator/GalacticalMap.build/GalacticalMap.DependencyMetadataFileList --static-metadata-file-list /Users/dogukanbeyzade/Library/Developer/Xcode/DerivedData/GalacticalMap-bksnrvirapmzyedveygampkumrrs/Build/Intermediates.noindex/GalacticalMap.build/Debug-iphonesimulator/GalacticalMap.build/GalacticalMap.DependencyStaticMetadataFileList --swift-const-vals-list /Users/dogukanbeyzade/Library/Developer/Xcode/DerivedData/GalacticalMap-bksnrvirapmzyedveygampkumrrs/Build/Intermediates.noindex/GalacticalMap.build/Debug-iphonesimulator/GalacticalMap.build/Objects-normal/arm64/GalacticalMap.SwiftConstValuesFileList --swift-const-vals-list /Users/dogukanbeyzade/Library/Developer/Xcode/DerivedData/GalacticalMap-bksnrvirapmzyedveygampkumrrs/Build/Intermediates.noindex/GalacticalMap.build/Debug-iphonesimulator/GalacticalMap.build/Objects-normal/x86_64/GalacticalMap.SwiftConstValuesFileList --compile-time-extraction --deployment-aware-processing --validate-assistant-intents --no-app-shortcuts-localization
2025-12-03 20:36:43.717 appintentsmetadataprocessor[87172:5521932] Starting appintentsmetadataprocessor export
2025-12-03 20:36:43.719 appintentsmetadataprocessor[87172:5521932] warning: Metadata extraction skipped. No AppIntents.framework dependency found.

AppIntentsSSUTraining (in target 'GalacticalMap' from project 'GalacticalMap')
    cd /Users/dogukanbeyzade/Desktop/GalacticalMap
    /Applications/Xcode.app/Contents/Developer/Toolchains/XcodeDefault.xctoolchain/usr/bin/appintentsnltrainingprocessor --infoplist-path /Users/dogukanbeyzade/Library/Developer/Xcode/DerivedData/GalacticalMap-bksnrvirapmzyedveygampkumrrs/Build/Products/Debug-iphonesimulator/GalacticalMap.app/Info.plist --temp-dir-path /Users/dogukanbeyzade/Library/Developer/Xcode/DerivedData/GalacticalMap-bksnrvirapmzyedveygampkumrrs/Build/Intermediates.noindex/GalacticalMap.build/Debug-iphonesimulator/GalacticalMap.build/ssu --bundle-id com.dogukanbeyzade.galacticalmap --product-path /Users/dogukanbeyzade/Library/Developer/Xcode/DerivedData/GalacticalMap-bksnrvirapmzyedveygampkumrrs/Build/Products/Debug-iphonesimulator/GalacticalMap.app --extracted-metadata-path /Users/dogukanbeyzade/Library/Developer/Xcode/DerivedData/GalacticalMap-bksnrvirapmzyedveygampkumrrs/Build/Products/Debug-iphonesimulator/GalacticalMap.app/Metadata.appintents --metadata-file-list /Users/dogukanbeyzade/Library/Developer/Xcode/DerivedData/GalacticalMap-bksnrvirapmzyedveygampkumrrs/Build/Intermediates.noindex/GalacticalMap.build/Debug-iphonesimulator/GalacticalMap.build/GalacticalMap.DependencyMetadataFileList --archive-ssu-assets
2025-12-03 20:36:43.731 appintentsnltrainingprocessor[87173:5521933] Parsing options for appintentsnltrainingprocessor
2025-12-03 20:36:43.732 appintentsnltrainingprocessor[87173:5521933] No AppShortcuts found - Skipping.

CodeSign /Users/dogukanbeyzade/Library/Developer/Xcode/DerivedData/GalacticalMap-bksnrvirapmzyedveygampkumrrs/Build/Products/Debug-iphonesimulator/GalacticalMap.app/GalacticalMap.debug.dylib (in target 'GalacticalMap' from project 'GalacticalMap')
    cd /Users/dogukanbeyzade/Desktop/GalacticalMap
    
    Signing Identity:     "Sign to Run Locally"
    
    /usr/bin/codesign --force --sign - --timestamp\=none --generate-entitlement-der /Users/dogukanbeyzade/Library/Developer/Xcode/DerivedData/GalacticalMap-bksnrvirapmzyedveygampkumrrs/Build/Products/Debug-iphonesimulator/GalacticalMap.app/GalacticalMap.debug.dylib

CodeSign /Users/dogukanbeyzade/Library/Developer/Xcode/DerivedData/GalacticalMap-bksnrvirapmzyedveygampkumrrs/Build/Products/Debug-iphonesimulator/GalacticalMap.app/__preview.dylib (in target 'GalacticalMap' from project 'GalacticalMap')
    cd /Users/dogukanbeyzade/Desktop/GalacticalMap
    
    Signing Identity:     "Sign to Run Locally"
    
    /usr/bin/codesign --force --sign - --timestamp\=none --generate-entitlement-der /Users/dogukanbeyzade/Library/Developer/Xcode/DerivedData/GalacticalMap-bksnrvirapmzyedveygampkumrrs/Build/Products/Debug-iphonesimulator/GalacticalMap.app/__preview.dylib

CodeSign /Users/dogukanbeyzade/Library/Developer/Xcode/DerivedData/GalacticalMap-bksnrvirapmzyedveygampkumrrs/Build/Products/Debug-iphonesimulator/GalacticalMap.app (in target 'GalacticalMap' from project 'GalacticalMap')
    cd /Users/dogukanbeyzade/Desktop/GalacticalMap
    
    Signing Identity:     "Sign to Run Locally"
    
    /usr/bin/codesign --force --sign - --timestamp\=none --generate-entitlement-der /Users/dogukanbeyzade/Library/Developer/Xcode/DerivedData/GalacticalMap-bksnrvirapmzyedveygampkumrrs/Build/Products/Debug-iphonesimulator/GalacticalMap.app

RegisterExecutionPolicyException /Users/dogukanbeyzade/Library/Developer/Xcode/DerivedData/GalacticalMap-bksnrvirapmzyedveygampkumrrs/Build/Products/Debug-iphonesimulator/GalacticalMap.app (in target 'GalacticalMap' from project 'GalacticalMap')
    cd /Users/dogukanbeyzade/Desktop/GalacticalMap
    builtin-RegisterExecutionPolicyException /Users/dogukanbeyzade/Library/Developer/Xcode/DerivedData/GalacticalMap-bksnrvirapmzyedveygampkumrrs/Build/Products/Debug-iphonesimulator/GalacticalMap.app

Validate /Users/dogukanbeyzade/Library/Developer/Xcode/DerivedData/GalacticalMap-bksnrvirapmzyedveygampkumrrs/Build/Products/Debug-iphonesimulator/GalacticalMap.app (in target 'GalacticalMap' from project 'GalacticalMap')
    cd /Users/dogukanbeyzade/Desktop/GalacticalMap
    builtin-validationUtility /Users/dogukanbeyzade/Library/Developer/Xcode/DerivedData/GalacticalMap-bksnrvirapmzyedveygampkumrrs/Build/Products/Debug-iphonesimulator/GalacticalMap.app -shallow-bundle -infoplist-subpath Info.plist

Touch /Users/dogukanbeyzade/Library/Developer/Xcode/DerivedData/GalacticalMap-bksnrvirapmzyedveygampkumrrs/Build/Products/Debug-iphonesimulator/GalacticalMap.app (in target 'GalacticalMap' from project 'GalacticalMap')
    cd /Users/dogukanbeyzade/Desktop/GalacticalMap
    /usr/bin/touch -c /Users/dogukanbeyzade/Library/Developer/Xcode/DerivedData/GalacticalMap-bksnrvirapmzyedveygampkumrrs/Build/Products/Debug-iphonesimulator/GalacticalMap.app

** BUILD SUCCEEDED **

